2026-07-16 18:16:26.532560: I tensorflow/core/util/port.cc:153] oneDNN custom operations are on. You may see slightly different numerical results due to floating-point round-off errors from different computation orders. To turn them off, set the environment variable `TF_ENABLE_ONEDNN_OPTS=0`.
2026-07-16 18:16:28.215925: I tensorflow/core/util/port.cc:153] oneDNN custom operations are on. You may see slightly different numerical results due to floating-point round-off errors from different computation orders. To turn them off, set the environment variable `TF_ENABLE_ONEDNN_OPTS=0`.
2026-07-16 18:17:01.426388: I tensorflow/core/platform/cpu_feature_guard.cc:210] This TensorFlow binary is optimized to use available CPU instructions in performance-critical operations.
To enable the following instructions: SSE3 SSE4.1 SSE4.2 AVX AVX2 AVX_VNNI FMA, in other operations, rebuild TensorFlow with the appropriate compiler flags.
2026-07-16 18:17:01.706716: E tensorflow/core/framework/node_def_util.cc:680] NodeDef mentions attribute use_unbounded_threadpool which is not in the op definition: Op<name=MapDataset; signature=input_dataset:variant, other_arguments: -> handle:variant; attr=f:func; attr=Targuments:list(type),min=0; attr=output_types:list(type),min=1; attr=output_shapes:list(shape),min=1; attr=use_inter_op_parallelism:bool,default=true; attr=preserve_cardinality:bool,default=false; attr=force_synchronous:bool,default=false; attr=metadata:string,default=""> This may be expected if your graph generating binary is newer  than this binary. Unknown attributes will be ignored. NodeDef: {{node ParallelMapDatasetV2/_16}}
2026-07-16 18:17:27.445166: E tensorflow/core/framework/node_def_util.cc:680] NodeDef mentions attribute use_unbounded_threadpool which is not in the op definition: Op<name=MapDataset; signature=input_dataset:variant, other_arguments: -> handle:variant; attr=f:func; attr=Targuments:list(type),min=0; attr=output_types:list(type),min=1; attr=output_shapes:list(shape),min=1; attr=use_inter_op_parallelism:bool,default=true; attr=preserve_cardinality:bool,default=false; attr=force_synchronous:bool,default=false; attr=metadata:string,default=""> This may be expected if your graph generating binary is newer  than this binary. Unknown attributes will be ignored. NodeDef: {{node ParallelMapDatasetV2/_15}}
C:\workspace\hd-image-pest-detection-cnn-and-rf\pest_detection\utils_train.py:59: UserWarning: FigureCanvasAgg is non-interactive, and thus cannot be shown
  plt.show(block=False)
C:\workspace\hd-image-pest-detection-cnn-and-rf\pest_detection\utils_train.py:60: UserWarning: FigureCanvasAgg is non-interactive, and thus cannot be shown
  plt.pause(0.001)
C:\workspace\hd-image-pest-detection-cnn-and-rf\pest_detection\utils_train.py:74: UserWarning: FigureCanvasAgg is non-interactive, and thus cannot be shown
  plt.show(block=False)
C:\workspace\hd-image-pest-detection-cnn-and-rf\pest_detection\utils_train.py:75: UserWarning: FigureCanvasAgg is non-interactive, and thus cannot be shown
  plt.pause(0.001)
C:\workspace\hd-image-pest-detection-cnn-and-rf\pest_detection\utils_train.py:90: UserWarning: FigureCanvasAgg is non-interactive, and thus cannot be shown
  plt.show(block=False)
C:\workspace\hd-image-pest-detection-cnn-and-rf\pest_detection\utils_train.py:91: UserWarning: FigureCanvasAgg is non-interactive, and thus cannot be shown
  plt.pause(0.001)
2026-07-16 18:24:14.689841: E tensorflow/core/framework/node_def_util.cc:680] NodeDef mentions attribute use_unbounded_threadpool which is not in the op definition: Op<name=MapDataset; signature=input_dataset:variant, other_arguments: -> handle:variant; attr=f:func; attr=Targuments:list(type),min=0; attr=output_types:list(type),min=1; attr=output_shapes:list(shape),min=1; attr=use_inter_op_parallelism:bool,default=true; attr=preserve_cardinality:bool,default=false; attr=force_synchronous:bool,default=false; attr=metadata:string,default=""> This may be expected if your graph generating binary is newer  than this binary. Unknown attributes will be ignored. NodeDef: {{node ParallelMapDatasetV2/_14}}
C:\workspace\hd-image-pest-detection-cnn-and-rf\pest_detection\evaluation\utils_metrics.py:46: UserWarning: FigureCanvasAgg is non-interactive, and thus cannot be shown
  plt.show(block=False)
C:\workspace\hd-image-pest-detection-cnn-and-rf\pest_detection\evaluation\utils_metrics.py:47: UserWarning: FigureCanvasAgg is non-interactive, and thus cannot be shown
  plt.pause(0.001)
C:\workspace\hd-image-pest-detection-cnn-and-rf\pest_detection\evaluation\utils_metrics.py:155: UserWarning: FigureCanvasAgg is non-interactive, and thus cannot be shown
  plt.show(block=False)
C:\workspace\hd-image-pest-detection-cnn-and-rf\pest_detection\evaluation\utils_metrics.py:156: UserWarning: FigureCanvasAgg is non-interactive, and thus cannot be shown
  plt.pause(0.001)
