Modelo cnn binary_crossentropy | RGB? True | alpha 0.5 | gamma 3.0

--- [Fecha/hora inicio=20260716_1816] ---

--- [T=0.00s] ---
init. Iniciando entrenamiento RGB con perdida Binary Crossentropy

--- [Fecha/hora inicio=20260716_1816] ---

--- [T=0.00s] ---
1. 1. Extrayendo datos

--- [Fecha/hora inicio=20260716_1816] ---

--- [T=0.07s] ---
1. Carga de datos cnn RGB

--- [Fecha/hora inicio=20260716_1816] ---

--- [T=0.11s] ---
2. Filtrado y extracción de datos

--- [Fecha/hora inicio=20260716_1816] ---

--- [T=0.11s] ---
2.1. Iniciando procesamiento de 665 imágenes etiquetadas...

--- [Fecha/hora inicio=20260716_1816] ---

--- [T=0.11s] ---
2.2. Archivos seleccionados: ['RGB.tif']

--- [Fecha/hora inicio=20260716_1817] ---

--- [T=0.00s] ---
7. Extracción de imágenes completada.

Datos listos para entrenamiento. Total de muestras: 665

Resumen de Datos Multiespectrales:
Total de parches extraídos: 665
X Train/Val Split: 532 / 133
Y Train/Val Split: 532 / 133
Forma X_train: (532, 224, 224, 3)
Forma Y_train: (532,)
Shape train: (532, 224, 224, 3)
Pesos de Clase Calculados: Plaga (0): 1.11, Sana (1): 1.55
------------------------------
DEBUG - Conteo: Plaga: 360, Sana: 172
RESULTADO - Pesos Finales: Plaga (0): 1.11, Sana (1): 1.55
------------------------------
Epoch 1/80

[1m 1/17[0m [32m━[0m[37m━━━━━━━━━━━━━━━━━━━[0m [1m49s[0m 3s/step - accuracy: 0.2812 - auc: 0.3295 - f2_macro: 0.3169 - f2_plaga: 0.0000e+00 - loss: 0.8798 - precision: 0.2903 - recall: 0.9000 - recall_plaga: 0.0000e+00
[1m 2/17[0m [32m━━[0m[37m━━━━━━━━━━━━━━━━━━[0m [1m22s[0m 1s/step - accuracy: 0.2812 - auc: 0.3738 - f2_macro: 0.3203 - f2_plaga: 0.0000e+00 - loss: 0.8759 - precision: 0.2880 - recall: 0.9237 - recall_plaga: 0.0000e+00
[1m 3/17[0m [32m━━━[0m[37m━━━━━━━━━━━━━━━━━[0m [1m20s[0m 1s/step - accuracy: 0.3056 - auc: 0.4030 - f2_macro: 0.3386 - f2_plaga: 0.0131 - loss: 0.8773 - precision: 0.3067 - recall: 0.9390 - recall_plaga: 0.0106        
[1m 4/17[0m [32m━━━━[0m[37m━━━━━━━━━━━━━━━━[0m [1m18s[0m 1s/step - accuracy: 0.3249 - auc: 0.4343 - f2_macro: 0.3538 - f2_plaga: 0.0321 - loss: 0.8783 - precision: 0.3204 - recall: 0.9380 - recall_plaga: 0.0262
[1m 5/17[0m [32m━━━━━[0m[37m━━━━━━━━━━━━━━━[0m [1m17s[0m 1s/step - accuracy: 0.3424 - auc: 0.4635 - f2_macro: 0.3695 - f2_plaga: 0.0538 - loss: 0.8783 - precision: 0.3308 - recall: 0.9398 - recall_plaga: 0.0443
[1m 6/17[0m [32m━━━━━━━[0m[37m━━━━━━━━━━━━━[0m [1m16s[0m 1s/step - accuracy: 0.3574 - auc: 0.4847 - f2_macro: 0.3837 - f2_plaga: 0.0768 - loss: 0.8780 - precision: 0.3385 - recall: 0.9376 - recall_plaga: 0.0638
[1m 7/17[0m [32m━━━━━━━━[0m[37m━━━━━━━━━━━━[0m [1m14s[0m 1s/step - accuracy: 0.3682 - auc: 0.5033 - f2_macro: 0.3955 - f2_plaga: 0.0983 - loss: 0.8766 - precision: 0.3413 - recall: 0.9367 - recall_plaga: 0.0821
[1m 8/17[0m [32m━━━━━━━━━[0m[37m━━━━━━━━━━━[0m [1m13s[0m 1s/step - accuracy: 0.3788 - auc: 0.5173 - f2_macro: 0.4069 - f2_plaga: 0.1183 - loss: 0.8755 - precision: 0.3444 - recall: 0.9371 - recall_plaga: 0.0993
[1m 9/17[0m [32m━━━━━━━━━━[0m[37m━━━━━━━━━━[0m [1m11s[0m 1s/step - accuracy: 0.3911 - auc: 0.5306 - f2_macro: 0.4194 - f2_plaga: 0.1396 - loss: 0.8747 - precision: 0.3496 - recall: 0.9361 - recall_plaga: 0.1179
[1m10/17[0m [32m━━━━━━━━━━━[0m[37m━━━━━━━━━[0m [1m10s[0m 1s/step - accuracy: 0.4011 - auc: 0.5422 - f2_macro: 0.4295 - f2_plaga: 0.1573 - loss: 0.8740 - precision: 0.3536 - recall: 0.9350 - recall_plaga: 0.1334
[1m11/17[0m [32m━━━━━━━━━━━━[0m[37m━━━━━━━━[0m [1m8s[0m 1s/step - accuracy: 0.4106 - auc: 0.5539 - f2_macro: 0.4394 - f2_plaga: 0.1748 - loss: 0.8731 - precision: 0.3570 - recall: 0.9338 - recall_plaga: 0.1489 
[1m12/17[0m [32m━━━━━━━━━━━━━━[0m[37m━━━━━━[0m [1m7s[0m 1s/step - accuracy: 0.4204 - auc: 0.5659 - f2_macro: 0.4494 - f2_plaga: 0.1920 - loss: 0.8723 - precision: 0.3610 - recall: 0.9334 - recall_plaga: 0.1642
[1m13/17[0m [32m━━━━━━━━━━━━━━━[0m[37m━━━━━[0m [1m5s[0m 1s/step - accuracy: 0.4295 - auc: 0.5761 - f2_macro: 0.4584 - f2_plaga: 0.2079 - loss: 0.8716 - precision: 0.3651 - recall: 0.9318 - recall_plaga: 0.1785
[1m14/17[0m [32m━━━━━━━━━━━━━━━━[0m[37m━━━━[0m [1m4s[0m 1s/step - accuracy: 0.4380 - auc: 0.5849 - f2_macro: 0.4669 - f2_plaga: 0.2231 - loss: 0.8711 - precision: 0.3689 - recall: 0.9296 - recall_plaga: 0.1924
[1m15/17[0m [32m━━━━━━━━━━━━━━━━━[0m[37m━━━[0m [1m2s[0m 1s/step - accuracy: 0.4461 - auc: 0.5922 - f2_macro: 0.4748 - f2_plaga: 0.2382 - loss: 0.8704 - precision: 0.3721 - recall: 0.9266 - recall_plaga: 0.2063
[1m16/17[0m [32m━━━━━━━━━━━━━━━━━━[0m[37m━━[0m [1m1s[0m 1s/step - accuracy: 0.4535 - auc: 0.5996 - f2_macro: 0.4822 - f2_plaga: 0.2520 - loss: 0.8697 - precision: 0.3749 - recall: 0.9243 - recall_plaga: 0.2190
[1m17/17[0m [32m━━━━━━━━━━━━━━━━━━━━[0m[37m[0m [1m0s[0m 1s/step - accuracy: 0.4604 - auc: 0.6060 - f2_macro: 0.4890 - f2_plaga: 0.2651 - loss: 0.8690 - precision: 0.3777 - recall: 0.9216 - recall_plaga: 0.2311
Epoch 1: val_f2_macro improved from None to 0.45639, saving model to C:\workspace\hd-image-pest-detection-cnn-and-rf\best_models\best_model_final_RGB_binary_crossentropy.keras

[1m17/17[0m [32m━━━━━━━━━━━━━━━━━━━━[0m[37m[0m [1m27s[0m 2s/step - accuracy: 0.5714 - auc: 0.7089 - f2_macro: 0.5979 - f2_plaga: 0.4740 - loss: 0.8585 - precision: 0.4218 - recall: 0.8779 - recall_plaga: 0.4250 - val_accuracy: 0.6767 - val_auc: 0.5000 - val_f2_macro: 0.4564 - val_f2_plaga: 0.9128 - val_loss: 0.6921 - val_precision: 0.0000e+00 - val_recall: 0.0000e+00 - val_recall_plaga: 1.0000 - learning_rate: 1.0000e-04
Epoch 2/80

[1m 1/17[0m [32m━[0m[37m━━━━━━━━━━━━━━━━━━━[0m [1m23s[0m 1s/step - accuracy: 0.7812 - auc: 0.8500 - f2_macro: 0.8027 - f2_plaga: 0.7282 - loss: 0.8389 - precision: 0.5882 - recall: 1.0000 - recall_plaga: 0.6818
[1m 2/17[0m [32m━━[0m[37m━━━━━━━━━━━━━━━━━━[0m [1m22s[0m 2s/step - accuracy: 0.8125 - auc: 0.8703 - f2_macro: 0.8310 - f2_plaga: 0.7711 - loss: 0.8317 - precision: 0.6217 - recall: 1.0000 - recall_plaga: 0.7298
[1m 3/17[0m [32m━━━[0m[37m━━━━━━━━━━━━━━━━━[0m [1m23s[0m 2s/step - accuracy: 0.8264 - auc: 0.8733 - f2_macro: 0.8422 - f2_plaga: 0.7891 - loss: 0.8341 - precision: 0.6515 - recall: 0.9899 - recall_plaga: 0.7511
[1m 4/17[0m [32m━━━━[0m[37m━━━━━━━━━━━━━━━━[0m [1m20s[0m 2s/step - accuracy: 0.8249 - auc: 0.8647 - f2_macro: 0.8385 - f2_plaga: 0.7912 - loss: 0.8365 - precision: 0.6608 - recall: 0.9707 - recall_plaga: 0.7554
[1m 5/17[0m [32m━━━━━[0m[37m━━━━━━━━━━━━━━━[0m [1m18s[0m 2s/step - accuracy: 0.8249 - auc: 0.8617 - f2_macro: 0.8375 - f2_plaga: 0.7925 - loss: 0.8374 - precision: 0.6663 - recall: 0.9625 - recall_plaga: 0.7577
[1m 6/17[0m [32m━━━━━━━[0m[37m━━━━━━━━━━━━━[0m [1m16s[0m 2s/step - accuracy: 0.8185 - auc: 0.8521 - f2_macro: 0.8298 - f2_plaga: 0.7889 - loss: 0.8384 - precision: 0.6633 - recall: 0.9467 - recall_plaga: 0.7551
[1m 7/17[0m [32m━━━━━━━━[0m[37m━━━━━━━━━━━━[0m [1m15s[0m 2s/step - accuracy: 0.8106 - auc: 0.8428 - f2_macro: 0.8207 - f2_plaga: 0.7844 - loss: 0.8380 - precision: 0.6540 - recall: 0.9308 - recall_plaga: 0.7513
[1m 8/17[0m [32m━━━━━━━━━[0m[37m━━━━━━━━━━━[0m [1m13s[0m 2s/step - accuracy: 0.8030 - auc: 0.8334 - f2_macro: 0.8118 - f2_plaga: 0.7801 - loss: 0.8379 - precision: 0.6450 - recall: 0.9154 - recall_plaga: 0.7477
[1m 9/17[0m [32m━━━━━━━━━━[0m[37m━━━━━━━━━━[0m [1m12s[0m 2s/step - accuracy: 0.7975 - auc: 0.8276 - f2_macro: 0.8053 - f2_plaga: 0.7772 - loss: 0.8379 - precision: 0.6400 - recall: 0.9030 - recall_plaga: 0.7455
[1m10/17[0m [32m━━━━━━━━━━━[0m[37m━━━━━━━━━[0m [1m10s[0m 2s/step - accuracy: 0.7922 - auc: 0.8215 - f2_macro: 0.7991 - f2_plaga: 0.7740 - loss: 0.8378 - precision: 0.6347 - recall: 0.8922 - recall_plaga: 0.7428
[1m11/17[0m [32m━━━━━━━━━━━━[0m[37m━━━━━━━━[0m [1m9s[0m 2s/step - accuracy: 0.7883 - auc: 0.8177 - f2_macro: 0.7947 - f2_plaga: 0.7717 - loss: 0.8374 - precision: 0.6301 - recall: 0.8846 - recall_plaga: 0.7408 
[1m12/17[0m [32m━━━━━━━━━━━━━━[0m[37m━━━━━━[0m [1m7s[0m 1s/step - accuracy: 0.7851 - auc: 0.8147 - f2_macro: 0.7909 - f2_plaga: 0.7701 - loss: 0.8369 - precision: 0.6266 - recall: 0.8777 - recall_plaga: 0.7395
[1m13/17[0m [32m━━━━━━━━━━━━━━━[0m[37m━━━━━[0m [1m5s[0m 1s/step - accuracy: 0.7821 - auc: 0.8117 - f2_macro: 0.7872 - f2_plaga: 0.7686 - loss: 0.8366 - precision: 0.6237 - recall: 0.8705 - recall_plaga: 0.7384
[1m14/17[0m [32m━━━━━━━━━━━━━━━━[0m[37m━━━━[0m [1m4s[0m 1s/step - accuracy: 0.7790 - auc: 0.8086 - f2_macro: 0.7836 - f2_plaga: 0.7669 - loss: 0.8364 - precision: 0.6208 - recall: 0.8635 - recall_plaga: 0.7372
[1m15/17[0m [32m━━━━━━━━━━━━━━━━━[0m[37m━━━[0m [1m2s[0m 1s/step - accuracy: 0.7761 - auc: 0.8053 - f2_macro: 0.7800 - f2_plaga: 0.7657 - loss: 0.8359 - precision: 0.6174 - recall: 0.8564 - recall_plaga: 0.7364
[1m16/17[0m [32m━━━━━━━━━━━━━━━━━━[0m[37m━━[0m [1m1s[0m 1s/step - accuracy: 0.7737 - auc: 0.8027 - f2_macro: 0.7769 - f2_plaga: 0.7650 - loss: 0.8354 - precision: 0.6145 - recall: 0.8498 - recall_plaga: 0.7361
[1m17/17[0m [32m━━━━━━━━━━━━━━━━━━━━[0m[37m[0m [1m0s[0m 1s/step - accuracy: 0.7714 - auc: 0.8002 - f2_macro: 0.7739 - f2_plaga: 0.7644 - loss: 0.8350 - precision: 0.6119 - recall: 0.8433 - recall_plaga: 0.7360
Epoch 2: val_f2_macro did not improve from 0.45639

[1m17/17[0m [32m━━━━━━━━━━━━━━━━━━━━[0m[37m[0m [1m26s[0m 2s/step - accuracy: 0.7350 - auc: 0.7606 - f2_macro: 0.7259 - f2_plaga: 0.7547 - loss: 0.8279 - precision: 0.5695 - recall: 0.7384 - recall_plaga: 0.7333 - val_accuracy: 0.6767 - val_auc: 0.5000 - val_f2_macro: 0.4564 - val_f2_plaga: 0.9128 - val_loss: 0.6902 - val_precision: 0.0000e+00 - val_recall: 0.0000e+00 - val_recall_plaga: 1.0000 - learning_rate: 1.0000e-04
Epoch 3/80

[1m 1/17[0m [32m━[0m[37m━━━━━━━━━━━━━━━━━━━[0m [1m22s[0m 1s/step - accuracy: 0.8125 - auc: 0.8659 - f2_macro: 0.7589 - f2_plaga: 0.8929 - loss: 0.7950 - precision: 0.7500 - recall: 0.6000 - recall_plaga: 0.9091
[1m 2/17[0m [32m━━[0m[37m━━━━━━━━━━━━━━━━━━[0m [1m21s[0m 1s/step - accuracy: 0.8203 - auc: 0.8686 - f2_macro: 0.7736 - f2_plaga: 0.8889 - loss: 0.7874 - precision: 0.7361 - recall: 0.6421 - recall_plaga: 0.8990
[1m 3/17[0m [32m━━━[0m[37m━━━━━━━━━━━━━━━━━[0m [1m19s[0m 1s/step - accuracy: 0.8212 - auc: 0.8684 - f2_macro: 0.7808 - f2_plaga: 0.8861 - loss: 0.7893 - precision: 0.7463 - recall: 0.6604 - recall_plaga: 0.8956
[1m 4/17[0m [32m━━━━[0m[37m━━━━━━━━━━━━━━━━[0m [1m18s[0m 1s/step - accuracy: 0.8092 - auc: 0.8607 - f2_macro: 0.7705 - f2_plaga: 0.8774 - loss: 0.7916 - precision: 0.7392 - recall: 0.6475 - recall_plaga: 0.8882
[1m 5/17[0m [32m━━━━━[0m[37m━━━━━━━━━━━━━━━[0m [1m16s[0m 1s/step - accuracy: 0.8011 - auc: 0.8559 - f2_macro: 0.7636 - f2_plaga: 0.8705 - loss: 0.7924 - precision: 0.7314 - recall: 0.6408 - recall_plaga: 0.8814
[1m 6/17[0m [32m━━━━━━━[0m[37m━━━━━━━━━━━━━[0m [1m15s[0m 1s/step - accuracy: 0.7926 - auc: 0.8487 - f2_macro: 0.7561 - f2_plaga: 0.8625 - loss: 0.7935 - precision: 0.7197 - recall: 0.6345 - recall_plaga: 0.8730
[1m 7/17[0m [32m━━━━━━━━[0m[37m━━━━━━━━━━━━[0m [1m14s[0m 1s/step - accuracy: 0.7853 - auc: 0.8417 - f2_macro: 0.7484 - f2_plaga: 0.8554 - loss: 0.7930 - precision: 0.7034 - recall: 0.6280 - recall_plaga: 0.8646
[1m 8/17[0m [32m━━━━━━━━━[0m[37m━━━━━━━━━━━[0m [1m12s[0m 1s/step - accuracy: 0.7789 - auc: 0.8350 - f2_macro: 0.7413 - f2_plaga: 0.8499 - loss: 0.7927 - precision: 0.6898 - recall: 0.6203 - recall_plaga: 0.8584
[1m 9/17[0m [32m━━━━━━━━━━[0m[37m━━━━━━━━━━[0m [1m11s[0m 1s/step - accuracy: 0.7749 - auc: 0.8301 - f2_macro: 0.7373 - f2_plaga: 0.8462 - loss: 0.7928 - precision: 0.6828 - recall: 0.6166 - recall_plaga: 0.8544
[1m10/17[0m [32m━━━━━━━━━━━[0m[37m━━━━━━━━━[0m [1m10s[0m 1s/step - accuracy: 0.7709 - auc: 0.8256 - f2_macro: 0.7337 - f2_plaga: 0.8418 - loss: 0.7931 - precision: 0.6749 - recall: 0.6148 - recall_plaga: 0.8492
[1m11/17[0m [32m━━━━━━━━━━━━[0m[37m━━━━━━━━[0m [1m8s[0m 1s/step - accuracy: 0.7679 - auc: 0.8222 - f2_macro: 0.7309 - f2_plaga: 0.8385 - loss: 0.7928 - precision: 0.6681 - recall: 0.6134 - recall_plaga: 0.8453 
[1m12/17[0m [32m━━━━━━━━━━━━━━[0m[37m━━━━━━[0m [1m7s[0m 1s/step - accuracy: 0.7656 - auc: 0.8199 - f2_macro: 0.7288 - f2_plaga: 0.8356 - loss: 0.7923 - precision: 0.6625 - recall: 0.6133 - recall_plaga: 0.8417
[1m13/17[0m [32m━━━━━━━━━━━━━━━[0m[37m━━━━━[0m [1m5s[0m 1s/step - accuracy: 0.7640 - auc: 0.8184 - f2_macro: 0.7276 - f2_plaga: 0.8337 - loss: 0.7918 - precision: 0.6593 - recall: 0.6131 - recall_plaga: 0.8394
[1m14/17[0m [32m━━━━━━━━━━━━━━━━[0m[37m━━━━[0m [1m4s[0m 1s/step - accuracy: 0.7625 - auc: 0.8168 - f2_macro: 0.7261 - f2_plaga: 0.8324 - loss: 0.7914 - precision: 0.6567 - recall: 0.6117 - recall_plaga: 0.8380
[1m15/17[0m [32m━━━━━━━━━━━━━━━━━[0m[37m━━━[0m [1m2s[0m 1s/step - accuracy: 0.7611 - auc: 0.8148 - f2_macro: 0.7244 - f2_plaga: 0.8312 - loss: 0.7907 - precision: 0.6533 - recall: 0.6098 - recall_plaga: 0.8366
[1m16/17[0m [32m━━━━━━━━━━━━━━━━━━[0m[37m━━[0m [1m1s[0m 1s/step - accuracy: 0.7603 - auc: 0.8136 - f2_macro: 0.7235 - f2_plaga: 0.8303 - loss: 0.7898 - precision: 0.6507 - recall: 0.6092 - recall_plaga: 0.8355
[1m17/17[0m [32m━━━━━━━━━━━━━━━━━━━━[0m[37m[0m [1m0s[0m 1s/step - accuracy: 0.7595 - auc: 0.8126 - f2_macro: 0.7225 - f2_plaga: 0.8296 - loss: 0.7891 - precision: 0.6483 - recall: 0.6082 - recall_plaga: 0.8345
Epoch 3: val_f2_macro did not improve from 0.45639

[1m17/17[0m [32m━━━━━━━━━━━━━━━━━━━━[0m[37m[0m [1m25s[0m 1s/step - accuracy: 0.7462 - auc: 0.7961 - f2_macro: 0.7068 - f2_plaga: 0.8172 - loss: 0.7767 - precision: 0.6108 - recall: 0.5930 - recall_plaga: 0.8194 - val_accuracy: 0.6767 - val_auc: 0.5000 - val_f2_macro: 0.4564 - val_f2_plaga: 0.9128 - val_loss: 0.6881 - val_precision: 0.0000e+00 - val_recall: 0.0000e+00 - val_recall_plaga: 1.0000 - learning_rate: 1.0000e-04
Epoch 4/80

[1m 1/17[0m [32m━[0m[37m━━━━━━━━━━━━━━━━━━━[0m [1m23s[0m 1s/step - accuracy: 0.8125 - auc: 0.8818 - f2_macro: 0.7589 - f2_plaga: 0.8929 - loss: 0.7008 - precision: 0.7500 - recall: 0.6000 - recall_plaga: 0.9091
[1m 2/17[0m [32m━━[0m[37m━━━━━━━━━━━━━━━━━━[0m [1m21s[0m 1s/step - accuracy: 0.8359 - auc: 0.8807 - f2_macro: 0.7924 - f2_plaga: 0.9000 - loss: 0.6974 - precision: 0.7639 - recall: 0.6684 - recall_plaga: 0.9101
[1m 3/17[0m [32m━━━[0m[37m━━━━━━━━━━━━━━━━━[0m [1m19s[0m 1s/step - accuracy: 0.8351 - auc: 0.8816 - f2_macro: 0.7982 - f2_plaga: 0.8944 - loss: 0.7007 - precision: 0.7673 - recall: 0.6880 - recall_plaga: 0.9030
[1m 4/17[0m [32m━━━━[0m[37m━━━━━━━━━━━━━━━━[0m [1m18s[0m 1s/step - accuracy: 0.8236 - auc: 0.8756 - f2_macro: 0.7899 - f2_plaga: 0.8827 - loss: 0.7062 - precision: 0.7557 - recall: 0.6845 - recall_plaga: 0.8907
[1m 5/17[0m [32m━━━━━[0m[37m━━━━━━━━━━━━━━━[0m [1m17s[0m 1s/step - accuracy: 0.8151 - auc: 0.8720 - f2_macro: 0.7833 - f2_plaga: 0.8741 - loss: 0.7097 - precision: 0.7453 - recall: 0.6809 - recall_plaga: 0.8815
[1m 6/17[0m [32m━━━━━━━[0m[37m━━━━━━━━━━━━━[0m [1m16s[0m 1s/step - accuracy: 0.8069 - auc: 0.8639 - f2_macro: 0.7760 - f2_plaga: 0.8662 - loss: 0.7147 - precision: 0.7339 - recall: 0.6753 - recall_plaga: 0.8730
[1m 7/17[0m [32m━━━━━━━━[0m[37m━━━━━━━━━━━━[0m [1m14s[0m 1s/step - accuracy: 0.7994 - auc: 0.8556 - f2_macro: 0.7683 - f2_plaga: 0.8590 - loss: 0.7173 - precision: 0.7179 - recall: 0.6688 - recall_plaga: 0.8647
[1m 8/17[0m [32m━━━━━━━━━[0m[37m━━━━━━━━━━━[0m [1m13s[0m 1s/step - accuracy: 0.7932 - auc: 0.8472 - f2_macro: 0.7616 - f2_plaga: 0.8535 - loss: 0.7201 - precision: 0.7050 - recall: 0.6620 - recall_plaga: 0.8585
[1m 9/17[0m [32m━━━━━━━━━━[0m[37m━━━━━━━━━━[0m [1m11s[0m 1s/step - accuracy: 0.7880 - auc: 0.8413 - f2_macro: 0.7562 - f2_plaga: 0.8491 - loss: 0.7223 - precision: 0.6964 - recall: 0.6561 - recall_plaga: 0.8538
[1m10/17[0m [32m━━━━━━━━━━━[0m[37m━━━━━━━━━[0m [1m10s[0m 1s/step - accuracy: 0.7830 - auc: 0.8360 - f2_macro: 0.7511 - f2_plaga: 0.8445 - loss: 0.7241 - precision: 0.6875 - recall: 0.6512 - recall_plaga: 0.8487
[1m11/17[0m [32m━━━━━━━━━━━━[0m[37m━━━━━━━━[0m [1m8s[0m 1s/step - accuracy: 0.7797 - auc: 0.8319 - f2_macro: 0.7477 - f2_plaga: 0.8414 - loss: 0.7252 - precision: 0.6806 - recall: 0.6481 - recall_plaga: 0.8452 
[1m12/17[0m [32m━━━━━━━━━━━━━━[0m[37m━━━━━━[0m [1m7s[0m 1s/step - accuracy: 0.7772 - auc: 0.8290 - f2_macro: 0.7454 - f2_plaga: 0.8387 - loss: 0.7256 - precision: 0.6752 - recall: 0.6470 - recall_plaga: 0.8420
[1m13/17[0m [32m━━━━━━━━━━━━━━━[0m[37m━━━━━[0m [1m5s[0m 1s/step - accuracy: 0.7751 - auc: 0.8262 - f2_macro: 0.7434 - f2_plaga: 0.8367 - loss: 0.7264 - precision: 0.6714 - recall: 0.6454 - recall_plaga: 0.8397
[1m14/17[0m [32m━━━━━━━━━━━━━━━━[0m[37m━━━━[0m [1m4s[0m 1s/step - accuracy: 0.7730 - auc: 0.8237 - f2_macro: 0.7413 - f2_plaga: 0.8347 - loss: 0.7270 - precision: 0.6677 - recall: 0.6436 - recall_plaga: 0.8375
[1m15/17[0m [32m━━━━━━━━━━━━━━━━━[0m[37m━━━[0m [1m2s[0m 1s/step - accuracy: 0.7711 - auc: 0.8212 - f2_macro: 0.7391 - f2_plaga: 0.8330 - loss: 0.7272 - precision: 0.6635 - recall: 0.6413 - recall_plaga: 0.8355
[1m16/17[0m [32m━━━━━━━━━━━━━━━━━━[0m[37m━━[0m [1m1s[0m 1s/step - accuracy: 0.7694 - auc: 0.8193 - f2_macro: 0.7372 - f2_plaga: 0.8314 - loss: 0.7270 - precision: 0.6596 - recall: 0.6395 - recall_plaga: 0.8338
[1m17/17[0m [32m━━━━━━━━━━━━━━━━━━━━[0m[37m[0m [1m0s[0m 1s/step - accuracy: 0.7677 - auc: 0.8177 - f2_macro: 0.7353 - f2_plaga: 0.8300 - loss: 0.7269 - precision: 0.6560 - recall: 0.6374 - recall_plaga: 0.8321
Epoch 4: val_f2_macro did not improve from 0.45639

[1m17/17[0m [32m━━━━━━━━━━━━━━━━━━━━[0m[37m[0m [1m26s[0m 2s/step - accuracy: 0.7406 - auc: 0.7907 - f2_macro: 0.7048 - f2_plaga: 0.8065 - loss: 0.7254 - precision: 0.5977 - recall: 0.6047 - recall_plaga: 0.8056 - val_accuracy: 0.6767 - val_auc: 0.5000 - val_f2_macro: 0.4564 - val_f2_plaga: 0.9128 - val_loss: 0.6863 - val_precision: 0.0000e+00 - val_recall: 0.0000e+00 - val_recall_plaga: 1.0000 - learning_rate: 1.0000e-04
Epoch 5/80

[1m 1/17[0m [32m━[0m[37m━━━━━━━━━━━━━━━━━━━[0m [1m24s[0m 2s/step - accuracy: 0.7500 - auc: 0.8477 - f2_macro: 0.7091 - f2_plaga: 0.8182 - loss: 0.6851 - precision: 0.6000 - recall: 0.6000 - recall_plaga: 0.8182
[1m 2/17[0m [32m━━[0m[37m━━━━━━━━━━━━━━━━━━[0m [1m22s[0m 1s/step - accuracy: 0.7734 - auc: 0.8525 - f2_macro: 0.7359 - f2_plaga: 0.8332 - loss: 0.6687 - precision: 0.6250 - recall: 0.6421 - recall_plaga: 0.8313
[1m 3/17[0m [32m━━━[0m[37m━━━━━━━━━━━━━━━━━[0m [1m20s[0m 1s/step - accuracy: 0.7830 - auc: 0.8602 - f2_macro: 0.7517 - f2_plaga: 0.8368 - loss: 0.6614 - precision: 0.6520 - recall: 0.6705 - recall_plaga: 0.8346
[1m 4/17[0m [32m━━━━[0m[37m━━━━━━━━━━━━━━━━[0m [1m18s[0m 1s/step - accuracy: 0.7826 - auc: 0.8603 - f2_macro: 0.7544 - f2_plaga: 0.8349 - loss: 0.6631 - precision: 0.6629 - recall: 0.6768 - recall_plaga: 0.8333
[1m 5/17[0m [32m━━━━━[0m[37m━━━━━━━━━━━━━━━[0m [1m17s[0m 1s/step - accuracy: 0.7835 - auc: 0.8616 - f2_macro: 0.7578 - f2_plaga: 0.8336 - loss: 0.6626 - precision: 0.6693 - recall: 0.6853 - recall_plaga: 0.8317
[1m 6/17[0m [32m━━━━━━━[0m[37m━━━━━━━━━━━━━[0m [1m15s[0m 1s/step - accuracy: 0.7797 - auc: 0.8580 - f2_macro: 0.7550 - f2_plaga: 0.8295 - loss: 0.6649 - precision: 0.6673 - recall: 0.6838 - recall_plaga: 0.8275
[1m 7/17[0m [32m━━━━━━━━[0m[37m━━━━━━━━━━━━[0m [1m14s[0m 1s/step - accuracy: 0.7761 - auc: 0.8538 - f2_macro: 0.7511 - f2_plaga: 0.8263 - loss: 0.6661 - precision: 0.6599 - recall: 0.6801 - recall_plaga: 0.8237
[1m 8/17[0m [32m━━━━━━━━━[0m[37m━━━━━━━━━━━[0m [1m12s[0m 1s/step - accuracy: 0.7728 - auc: 0.8490 - f2_macro: 0.7472 - f2_plaga: 0.8239 - loss: 0.6682 - precision: 0.6535 - recall: 0.6749 - recall_plaga: 0.8212
[1m 9/17[0m [32m━━━━━━━━━━[0m[37m━━━━━━━━━━[0m [1m11s[0m 1s/step - accuracy: 0.7707 - auc: 0.8456 - f2_macro: 0.7449 - f2_plaga: 0.8222 - loss: 0.6702 - precision: 0.6509 - recall: 0.6721 - recall_plaga: 0.8195
[1m10/17[0m [32m━━━━━━━━━━━[0m[37m━━━━━━━━━[0m [1m9s[0m 1s/step - accuracy: 0.7680 - auc: 0.8413 - f2_macro: 0.7424 - f2_plaga: 0.8195 - loss: 0.6728 - precision: 0.6467 - recall: 0.6703 - recall_plaga: 0.8165 
[1m11/17[0m [32m━━━━━━━━━━━━[0m[37m━━━━━━━━[0m [1m8s[0m 1s/step - accuracy: 0.7658 - auc: 0.8379 - f2_macro: 0.7401 - f2_plaga: 0.8176 - loss: 0.6745 - precision: 0.6426 - recall: 0.6678 - recall_plaga: 0.8144
[1m12/17[0m [32m━━━━━━━━━━━━━━[0m[37m━━━━━━[0m [1m7s[0m 1s/step - accuracy: 0.7647 - auc: 0.8358 - f2_macro: 0.7390 - f2_plaga: 0.8164 - loss: 0.6751 - precision: 0.6403 - recall: 0.6671 - recall_plaga: 0.8130
[1m13/17[0m [32m━━━━━━━━━━━━━━━[0m[37m━━━━━[0m [1m5s[0m 1s/step - accuracy: 0.7640 - auc: 0.8338 - f2_macro: 0.7383 - f2_plaga: 0.8156 - loss: 0.6760 - precision: 0.6392 - recall: 0.6667 - recall_plaga: 0.8121
[1m14/17[0m [32m━━━━━━━━━━━━━━━━[0m[37m━━━━[0m [1m4s[0m 1s/step - accuracy: 0.7628 - auc: 0.8315 - f2_macro: 0.7369 - f2_plaga: 0.8150 - loss: 0.6773 - precision: 0.6379 - recall: 0.6643 - recall_plaga: 0.8117
[1m15/17[0m [32m━━━━━━━━━━━━━━━━━[0m[37m━━━[0m [1m2s[0m 1s/step - accuracy: 0.7618 - auc: 0.8295 - f2_macro: 0.7355 - f2_plaga: 0.8146 - loss: 0.6780 - precision: 0.6359 - recall: 0.6619 - recall_plaga: 0.8112
[1m16/17[0m [32m━━━━━━━━━━━━━━━━━━[0m[37m━━[0m [1m1s[0m 1s/step - accuracy: 0.7611 - auc: 0.8277 - f2_macro: 0.7344 - f2_plaga: 0.8143 - loss: 0.6785 - precision: 0.6342 - recall: 0.6599 - recall_plaga: 0.8110
[1m17/17[0m [32m━━━━━━━━━━━━━━━━━━━━[0m[37m[0m [1m0s[0m 1s/step - accuracy: 0.7604 - auc: 0.8262 - f2_macro: 0.7334 - f2_plaga: 0.8140 - loss: 0.6790 - precision: 0.6328 - recall: 0.6580 - recall_plaga: 0.8108
Epoch 5: val_f2_macro did not improve from 0.45639

[1m17/17[0m [32m━━━━━━━━━━━━━━━━━━━━[0m[37m[0m [1m25s[0m 1s/step - accuracy: 0.7500 - auc: 0.8011 - f2_macro: 0.7174 - f2_plaga: 0.8106 - loss: 0.6874 - precision: 0.6102 - recall: 0.6279 - recall_plaga: 0.8083 - val_accuracy: 0.6767 - val_auc: 0.5000 - val_f2_macro: 0.4564 - val_f2_plaga: 0.9128 - val_loss: 0.6832 - val_precision: 0.0000e+00 - val_recall: 0.0000e+00 - val_recall_plaga: 1.0000 - learning_rate: 1.0000e-04
Epoch 6/80

[1m 1/17[0m [32m━[0m[37m━━━━━━━━━━━━━━━━━━━[0m [1m23s[0m 1s/step - accuracy: 0.8438 - auc: 0.8818 - f2_macro: 0.8279 - f2_plaga: 0.8716 - loss: 0.6068 - precision: 0.7273 - recall: 0.8000 - recall_plaga: 0.8636
[1m 2/17[0m [32m━━[0m[37m━━━━━━━━━━━━━━━━━━[0m [1m20s[0m 1s/step - accuracy: 0.8594 - auc: 0.8813 - f2_macro: 0.8391 - f2_plaga: 0.8913 - loss: 0.6019 - precision: 0.7584 - recall: 0.7947 - recall_plaga: 0.8874
[1m 3/17[0m [32m━━━[0m[37m━━━━━━━━━━━━━━━━━[0m [1m19s[0m 1s/step - accuracy: 0.8681 - auc: 0.8866 - f2_macro: 0.8512 - f2_plaga: 0.8968 - loss: 0.5992 - precision: 0.7801 - recall: 0.8127 - recall_plaga: 0.8932
[1m 4/17[0m [32m━━━━[0m[37m━━━━━━━━━━━━━━━━[0m [1m18s[0m 1s/step - accuracy: 0.8639 - auc: 0.8888 - f2_macro: 0.8477 - f2_plaga: 0.8946 - loss: 0.5993 - precision: 0.7851 - recall: 0.8051 - recall_plaga: 0.8924
[1m 5/17[0m [32m━━━━━[0m[37m━━━━━━━━━━━━━━━[0m [1m16s[0m 1s/step - accuracy: 0.8574 - auc: 0.8902 - f2_macro: 0.8422 - f2_plaga: 0.8876 - loss: 0.5995 - precision: 0.7781 - recall: 0.8020 - recall_plaga: 0.8848
[1m 6/17[0m [32m━━━━━━━[0m[37m━━━━━━━━━━━━━[0m [1m15s[0m 1s/step - accuracy: 0.8499 - auc: 0.8861 - f2_macro: 0.8352 - f2_plaga: 0.8803 - loss: 0.6036 - precision: 0.7687 - recall: 0.7958 - recall_plaga: 0.8771
[1m 7/17[0m [32m━━━━━━━━[0m[37m━━━━━━━━━━━━[0m [1m14s[0m 1s/step - accuracy: 0.8427 - auc: 0.8812 - f2_macro: 0.8278 - f2_plaga: 0.8733 - loss: 0.6071 - precision: 0.7547 - recall: 0.7897 - recall_plaga: 0.8691
[1m 8/17[0m [32m━━━━━━━━━[0m[37m━━━━━━━━━━━[0m [1m13s[0m 1s/step - accuracy: 0.8360 - auc: 0.8760 - f2_macro: 0.8207 - f2_plaga: 0.8672 - loss: 0.6107 - precision: 0.7424 - recall: 0.7829 - recall_plaga: 0.8624
[1m 9/17[0m [32m━━━━━━━━━━[0m[37m━━━━━━━━━━[0m [1m11s[0m 1s/step - accuracy: 0.8303 - auc: 0.8711 - f2_macro: 0.8147 - f2_plaga: 0.8624 - loss: 0.6151 - precision: 0.7340 - recall: 0.7761 - recall_plaga: 0.8573
[1m10/17[0m [32m━━━━━━━━━━━[0m[37m━━━━━━━━━[0m [1m10s[0m 1s/step - accuracy: 0.8244 - auc: 0.8661 - f2_macro: 0.8087 - f2_plaga: 0.8569 - loss: 0.6192 - precision: 0.7247 - recall: 0.7704 - recall_plaga: 0.8514
[1m11/17[0m [32m━━━━━━━━━━━━[0m[37m━━━━━━━━[0m [1m8s[0m 1s/step - accuracy: 0.8195 - auc: 0.8625 - f2_macro: 0.8037 - f2_plaga: 0.8522 - loss: 0.6219 - precision: 0.7160 - recall: 0.7660 - recall_plaga: 0.8461 
[1m12/17[0m [32m━━━━━━━━━━━━━━[0m[37m━━━━━━[0m [1m7s[0m 1s/step - accuracy: 0.8161 - auc: 0.8600 - f2_macro: 0.8002 - f2_plaga: 0.8489 - loss: 0.6236 - precision: 0.7100 - recall: 0.7630 - recall_plaga: 0.8425
[1m13/17[0m [32m━━━━━━━━━━━━━━━[0m[37m━━━━━[0m [1m5s[0m 1s/step - accuracy: 0.8132 - auc: 0.8581 - f2_macro: 0.7971 - f2_plaga: 0.8466 - loss: 0.6250 - precision: 0.7058 - recall: 0.7591 - recall_plaga: 0.8401
[1m14/17[0m [32m━━━━━━━━━━━━━━━━[0m[37m━━━━[0m [1m4s[0m 1s/step - accuracy: 0.8106 - auc: 0.8561 - f2_macro: 0.7942 - f2_plaga: 0.8447 - loss: 0.6267 - precision: 0.7021 - recall: 0.7554 - recall_plaga: 0.8381
[1m15/17[0m [32m━━━━━━━━━━━━━━━━━[0m[37m━━━[0m [1m2s[0m 1s/step - accuracy: 0.8084 - auc: 0.8541 - f2_macro: 0.7917 - f2_plaga: 0.8430 - loss: 0.6279 - precision: 0.6982 - recall: 0.7520 - recall_plaga: 0.8364
[1m16/17[0m [32m━━━━━━━━━━━━━━━━━━[0m[37m━━[0m [1m1s[0m 1s/step - accuracy: 0.8067 - auc: 0.8526 - f2_macro: 0.7896 - f2_plaga: 0.8417 - loss: 0.6288 - precision: 0.6950 - recall: 0.7493 - recall_plaga: 0.8351
[1m17/17[0m [32m━━━━━━━━━━━━━━━━━━━━[0m[37m[0m [1m0s[0m 1s/step - accuracy: 0.8051 - auc: 0.8511 - f2_macro: 0.7877 - f2_plaga: 0.8407 - loss: 0.6297 - precision: 0.6921 - recall: 0.7466 - recall_plaga: 0.8340
Epoch 6: val_f2_macro did not improve from 0.45639

[1m17/17[0m [32m━━━━━━━━━━━━━━━━━━━━[0m[37m[0m [1m25s[0m 1s/step - accuracy: 0.7801 - auc: 0.8277 - f2_macro: 0.7575 - f2_plaga: 0.8235 - loss: 0.6446 - precision: 0.6471 - recall: 0.7035 - recall_plaga: 0.8167 - val_accuracy: 0.6767 - val_auc: 0.5000 - val_f2_macro: 0.4564 - val_f2_plaga: 0.9128 - val_loss: 0.6796 - val_precision: 0.0000e+00 - val_recall: 0.0000e+00 - val_recall_plaga: 1.0000 - learning_rate: 1.0000e-04
Epoch 7/80

[1m 1/17[0m [32m━[0m[37m━━━━━━━━━━━━━━━━━━━[0m [1m23s[0m 1s/step - accuracy: 0.7812 - auc: 0.8591 - f2_macro: 0.7084 - f2_plaga: 0.8850 - loss: 0.6008 - precision: 0.7143 - recall: 0.5000 - recall_plaga: 0.9091
[1m 2/17[0m [32m━━[0m[37m━━━━━━━━━━━━━━━━━━[0m [1m23s[0m 2s/step - accuracy: 0.8125 - auc: 0.8801 - f2_macro: 0.7547 - f2_plaga: 0.8940 - loss: 0.5715 - precision: 0.7395 - recall: 0.5921 - recall_plaga: 0.9101
[1m 3/17[0m [32m━━━[0m[37m━━━━━━━━━━━━━━━━━[0m [1m22s[0m 2s/step - accuracy: 0.8264 - auc: 0.8863 - f2_macro: 0.7826 - f2_plaga: 0.8923 - loss: 0.5680 - precision: 0.7556 - recall: 0.6574 - recall_plaga: 0.9030
[1m 4/17[0m [32m━━━━[0m[37m━━━━━━━━━━━━━━━━[0m [1m19s[0m 2s/step - accuracy: 0.8288 - auc: 0.8888 - f2_macro: 0.7920 - f2_plaga: 0.8882 - loss: 0.5693 - precision: 0.7612 - recall: 0.6832 - recall_plaga: 0.8968
[1m 5/17[0m [32m━━━━━[0m[37m━━━━━━━━━━━━━━━[0m [1m17s[0m 1s/step - accuracy: 0.8305 - auc: 0.8912 - f2_macro: 0.7987 - f2_plaga: 0.8841 - loss: 0.5685 - precision: 0.7615 - recall: 0.7045 - recall_plaga: 0.8902
[1m 6/17[0m [32m━━━━━━━[0m[37m━━━━━━━━━━━━━[0m [1m16s[0m 1s/step - accuracy: 0.8266 - auc: 0.8864 - f2_macro: 0.7978 - f2_plaga: 0.8772 - loss: 0.5757 - precision: 0.7543 - recall: 0.7121 - recall_plaga: 0.8817
[1m 7/17[0m [32m━━━━━━━━[0m[37m━━━━━━━━━━━━[0m [1m14s[0m 1s/step - accuracy: 0.8227 - auc: 0.8819 - f2_macro: 0.7953 - f2_plaga: 0.8712 - loss: 0.5806 - precision: 0.7430 - recall: 0.7160 - recall_plaga: 0.8740
[1m 8/17[0m [32m━━━━━━━━━[0m[37m━━━━━━━━━━━[0m [1m13s[0m 1s/step - accuracy: 0.8185 - auc: 0.8757 - f2_macro: 0.7920 - f2_plaga: 0.8659 - loss: 0.5875 - precision: 0.7325 - recall: 0.7169 - recall_plaga: 0.8673
[1m 9/17[0m [32m━━━━━━━━━━[0m[37m━━━━━━━━━━[0m [1m11s[0m 1s/step - accuracy: 0.8151 - auc: 0.8712 - f2_macro: 0.7895 - f2_plaga: 0.8617 - loss: 0.5931 - precision: 0.7259 - recall: 0.7174 - recall_plaga: 0.8623
[1m10/17[0m [32m━━━━━━━━━━━[0m[37m━━━━━━━━━[0m [1m10s[0m 1s/step - accuracy: 0.8118 - auc: 0.8670 - f2_macro: 0.7869 - f2_plaga: 0.8575 - loss: 0.5982 - precision: 0.7191 - recall: 0.7176 - recall_plaga: 0.8573
[1m11/17[0m [32m━━━━━━━━━━━━[0m[37m━━━━━━━━[0m [1m8s[0m 1s/step - accuracy: 0.8087 - auc: 0.8635 - f2_macro: 0.7845 - f2_plaga: 0.8537 - loss: 0.6021 - precision: 0.7122 - recall: 0.7180 - recall_plaga: 0.8526 
[1m12/17[0m [32m━━━━━━━━━━━━━━[0m[37m━━━━━━[0m [1m7s[0m 1s/step - accuracy: 0.8066 - auc: 0.8610 - f2_macro: 0.7830 - f2_plaga: 0.8509 - loss: 0.6047 - precision: 0.7073 - recall: 0.7190 - recall_plaga: 0.8491
[1m13/17[0m [32m━━━━━━━━━━━━━━━[0m[37m━━━━━[0m [1m5s[0m 1s/step - accuracy: 0.8047 - auc: 0.8587 - f2_macro: 0.7813 - f2_plaga: 0.8487 - loss: 0.6073 - precision: 0.7036 - recall: 0.7185 - recall_plaga: 0.8465
[1m14/17[0m [32m━━━━━━━━━━━━━━━━[0m[37m━━━━[0m [1m4s[0m 1s/step - accuracy: 0.8030 - auc: 0.8568 - f2_macro: 0.7799 - f2_plaga: 0.8469 - loss: 0.6098 - precision: 0.7007 - recall: 0.7177 - recall_plaga: 0.8445
[1m15/17[0m [32m━━━━━━━━━━━━━━━━━[0m[37m━━━[0m [1m2s[0m 1s/step - accuracy: 0.8016 - auc: 0.8550 - f2_macro: 0.7785 - f2_plaga: 0.8454 - loss: 0.6118 - precision: 0.6974 - recall: 0.7168 - recall_plaga: 0.8428
[1m16/17[0m [32m━━━━━━━━━━━━━━━━━━[0m[37m━━[0m [1m1s[0m 1s/step - accuracy: 0.8004 - auc: 0.8538 - f2_macro: 0.7774 - f2_plaga: 0.8442 - loss: 0.6129 - precision: 0.6944 - recall: 0.7163 - recall_plaga: 0.8412
[1m17/17[0m [32m━━━━━━━━━━━━━━━━━━━━[0m[37m[0m [1m0s[0m 1s/step - accuracy: 0.7994 - auc: 0.8527 - f2_macro: 0.7765 - f2_plaga: 0.8431 - loss: 0.6140 - precision: 0.6919 - recall: 0.7159 - recall_plaga: 0.8400
Epoch 7: val_f2_macro did not improve from 0.45639

[1m17/17[0m [32m━━━━━━━━━━━━━━━━━━━━[0m[37m[0m [1m25s[0m 1s/step - accuracy: 0.7838 - auc: 0.8359 - f2_macro: 0.7617 - f2_plaga: 0.8263 - loss: 0.6317 - precision: 0.6524 - recall: 0.7093 - recall_plaga: 0.8194 - val_accuracy: 0.6767 - val_auc: 0.5000 - val_f2_macro: 0.4564 - val_f2_plaga: 0.9128 - val_loss: 0.6762 - val_precision: 0.0000e+00 - val_recall: 0.0000e+00 - val_recall_plaga: 1.0000 - learning_rate: 1.0000e-04
Epoch 8/80

[1m 1/17[0m [32m━[0m[37m━━━━━━━━━━━━━━━━━━━[0m [1m22s[0m 1s/step - accuracy: 0.8125 - auc: 0.9227 - f2_macro: 0.8013 - f2_plaga: 0.8333 - loss: 0.5527 - precision: 0.6667 - recall: 0.8000 - recall_plaga: 0.8182
[1m 2/17[0m [32m━━[0m[37m━━━━━━━━━━━━━━━━━━[0m [1m21s[0m 1s/step - accuracy: 0.8203 - auc: 0.9236 - f2_macro: 0.8006 - f2_plaga: 0.8519 - loss: 0.5409 - precision: 0.6833 - recall: 0.7684 - recall_plaga: 0.8424
[1m 3/17[0m [32m━━━[0m[37m━━━━━━━━━━━━━━━━━[0m [1m20s[0m 1s/step - accuracy: 0.8247 - auc: 0.9218 - f2_macro: 0.8055 - f2_plaga: 0.8590 - loss: 0.5435 - precision: 0.7081 - recall: 0.7648 - recall_plaga: 0.8526
[1m 4/17[0m [32m━━━━[0m[37m━━━━━━━━━━━━━━━━[0m [1m18s[0m 1s/step - accuracy: 0.8275 - auc: 0.9209 - f2_macro: 0.8072 - f2_plaga: 0.8671 - loss: 0.5444 - precision: 0.7323 - recall: 0.7530 - recall_plaga: 0.8651
[1m 5/17[0m [32m━━━━━[0m[37m━━━━━━━━━━━━━━━[0m [1m17s[0m 1s/step - accuracy: 0.8307 - auc: 0.9209 - f2_macro: 0.8108 - f2_plaga: 0.8713 - loss: 0.5440 - precision: 0.7451 - recall: 0.7532 - recall_plaga: 0.8707
[1m 6/17[0m [32m━━━━━━━[0m[37m━━━━━━━━━━━━━[0m [1m15s[0m 1s/step - accuracy: 0.8294 - auc: 0.9166 - f2_macro: 0.8097 - f2_plaga: 0.8708 - loss: 0.5483 - precision: 0.7472 - recall: 0.7502 - recall_plaga: 0.8707
[1m 7/17[0m [32m━━━━━━━━[0m[37m━━━━━━━━━━━━[0m [1m14s[0m 1s/step - accuracy: 0.8289 - auc: 0.9124 - f2_macro: 0.8087 - f2_plaga: 0.8705 - loss: 0.5510 - precision: 0.7447 - recall: 0.7487 - recall_plaga: 0.8703
[1m 8/17[0m [32m━━━━━━━━━[0m[37m━━━━━━━━━━━[0m [1m12s[0m 1s/step - accuracy: 0.8259 - auc: 0.9065 - f2_macro: 0.8048 - f2_plaga: 0.8686 - loss: 0.5562 - precision: 0.7389 - recall: 0.7425 - recall_plaga: 0.8684
[1m 9/17[0m [32m━━━━━━━━━━[0m[37m━━━━━━━━━━[0m [1m11s[0m 1s/step - accuracy: 0.8229 - auc: 0.9015 - f2_macro: 0.8010 - f2_plaga: 0.8671 - loss: 0.5610 - precision: 0.7357 - recall: 0.7356 - recall_plaga: 0.8674
[1m10/17[0m [32m━━━━━━━━━━━[0m[37m━━━━━━━━━[0m [1m10s[0m 1s/step - accuracy: 0.8193 - auc: 0.8964 - f2_macro: 0.7972 - f2_plaga: 0.8641 - loss: 0.5661 - precision: 0.7300 - recall: 0.7312 - recall_plaga: 0.8642
[1m11/17[0m [32m━━━━━━━━━━━━[0m[37m━━━━━━━━[0m [1m8s[0m 1s/step - accuracy: 0.8164 - auc: 0.8923 - f2_macro: 0.7939 - f2_plaga: 0.8617 - loss: 0.5697 - precision: 0.7245 - recall: 0.7272 - recall_plaga: 0.8616 
[1m12/17[0m [32m━━━━━━━━━━━━━━[0m[37m━━━━━━[0m [1m7s[0m 1s/step - accuracy: 0.8143 - auc: 0.8893 - f2_macro: 0.7916 - f2_plaga: 0.8599 - loss: 0.5721 - precision: 0.7205 - recall: 0.7248 - recall_plaga: 0.8595
[1m13/17[0m [32m━━━━━━━━━━━━━━━[0m[37m━━━━━[0m [1m5s[0m 1s/step - accuracy: 0.8129 - auc: 0.8867 - f2_macro: 0.7900 - f2_plaga: 0.8588 - loss: 0.5743 - precision: 0.7184 - recall: 0.7227 - recall_plaga: 0.8584
[1m14/17[0m [32m━━━━━━━━━━━━━━━━[0m[37m━━━━[0m [1m4s[0m 1s/step - accuracy: 0.8117 - auc: 0.8846 - f2_macro: 0.7887 - f2_plaga: 0.8580 - loss: 0.5762 - precision: 0.7170 - recall: 0.7206 - recall_plaga: 0.8577
[1m15/17[0m [32m━━━━━━━━━━━━━━━━━[0m[37m━━━[0m [1m2s[0m 1s/step - accuracy: 0.8105 - auc: 0.8824 - f2_macro: 0.7872 - f2_plaga: 0.8572 - loss: 0.5780 - precision: 0.7146 - recall: 0.7183 - recall_plaga: 0.8569
[1m16/17[0m [32m━━━━━━━━━━━━━━━━━━[0m[37m━━[0m [1m1s[0m 1s/step - accuracy: 0.8098 - auc: 0.8808 - f2_macro: 0.7863 - f2_plaga: 0.8566 - loss: 0.5791 - precision: 0.7126 - recall: 0.7173 - recall_plaga: 0.8561
[1m17/17[0m [32m━━━━━━━━━━━━━━━━━━━━[0m[37m[0m [1m0s[0m 1s/step - accuracy: 0.8092 - auc: 0.8792 - f2_macro: 0.7855 - f2_plaga: 0.8560 - loss: 0.5802 - precision: 0.7109 - recall: 0.7165 - recall_plaga: 0.8555
Epoch 8: val_f2_macro did not improve from 0.45639

[1m17/17[0m [32m━━━━━━━━━━━━━━━━━━━━[0m[37m[0m [1m25s[0m 1s/step - accuracy: 0.7989 - auc: 0.8550 - f2_macro: 0.7731 - f2_plaga: 0.8468 - loss: 0.5979 - precision: 0.6836 - recall: 0.7035 - recall_plaga: 0.8444 - val_accuracy: 0.6767 - val_auc: 0.7273 - val_f2_macro: 0.4564 - val_f2_plaga: 0.9128 - val_loss: 0.6771 - val_precision: 0.0000e+00 - val_recall: 0.0000e+00 - val_recall_plaga: 1.0000 - learning_rate: 1.0000e-04
Epoch 9/80

[1m 1/17[0m [32m━[0m[37m━━━━━━━━━━━━━━━━━━━[0m [1m23s[0m 1s/step - accuracy: 0.7500 - auc: 0.8841 - f2_macro: 0.7091 - f2_plaga: 0.8182 - loss: 0.5745 - precision: 0.6000 - recall: 0.6000 - recall_plaga: 0.8182
[1m 2/17[0m [32m━━[0m[37m━━━━━━━━━━━━━━━━━━[0m [1m21s[0m 1s/step - accuracy: 0.7734 - auc: 0.8950 - f2_macro: 0.7359 - f2_plaga: 0.8332 - loss: 0.5497 - precision: 0.6250 - recall: 0.6421 - recall_plaga: 0.8313
[1m 3/17[0m [32m━━━[0m[37m━━━━━━━━━━━━━━━━━[0m [1m20s[0m 1s/step - accuracy: 0.7899 - auc: 0.8982 - f2_macro: 0.7611 - f2_plaga: 0.8386 - loss: 0.5434 - precision: 0.6574 - recall: 0.6907 - recall_plaga: 0.8346
[1m 4/17[0m [32m━━━━[0m[37m━━━━━━━━━━━━━━━━[0m [1m19s[0m 1s/step - accuracy: 0.8014 - auc: 0.9014 - f2_macro: 0.7767 - f2_plaga: 0.8459 - loss: 0.5384 - precision: 0.6845 - recall: 0.7137 - recall_plaga: 0.8424
[1m 5/17[0m [32m━━━━━[0m[37m━━━━━━━━━━━━━━━[0m [1m18s[0m 2s/step - accuracy: 0.8086 - auc: 0.9035 - f2_macro: 0.7865 - f2_plaga: 0.8502 - loss: 0.5348 - precision: 0.7002 - recall: 0.7288 - recall_plaga: 0.8468
[1m 6/17[0m [32m━━━━━━━[0m[37m━━━━━━━━━━━━━[0m [1m16s[0m 2s/step - accuracy: 0.8093 - auc: 0.9012 - f2_macro: 0.7884 - f2_plaga: 0.8501 - loss: 0.5379 - precision: 0.7049 - recall: 0.7324 - recall_plaga: 0.8468
[1m 7/17[0m [32m━━━━━━━━[0m[37m━━━━━━━━━━━━[0m [1m14s[0m 1s/step - accuracy: 0.8085 - auc: 0.8989 - f2_macro: 0.7882 - f2_plaga: 0.8482 - loss: 0.5398 - precision: 0.7012 - recall: 0.7354 - recall_plaga: 0.8441
[1m 8/17[0m [32m━━━━━━━━━[0m[37m━━━━━━━━━━━[0m [1m13s[0m 1s/step - accuracy: 0.8065 - auc: 0.8951 - f2_macro: 0.7867 - f2_plaga: 0.8454 - loss: 0.5443 - precision: 0.6960 - recall: 0.7368 - recall_plaga: 0.8404
[1m 9/17[0m [32m━━━━━━━━━━[0m[37m━━━━━━━━━━[0m [1m11s[0m 1s/step - accuracy: 0.8037 - auc: 0.8908 - f2_macro: 0.7842 - f2_plaga: 0.8425 - loss: 0.5498 - precision: 0.6920 - recall: 0.7351 - recall_plaga: 0.8372
[1m10/17[0m [32m━━━━━━━━━━━[0m[37m━━━━━━━━━[0m [1m10s[0m 1s/step - accuracy: 0.8002 - auc: 0.8868 - f2_macro: 0.7810 - f2_plaga: 0.8386 - loss: 0.5551 - precision: 0.6865 - recall: 0.7336 - recall_plaga: 0.8328
[1m11/17[0m [32m━━━━━━━━━━━━[0m[37m━━━━━━━━[0m [1m8s[0m 1s/step - accuracy: 0.7970 - auc: 0.8834 - f2_macro: 0.7779 - f2_plaga: 0.8351 - loss: 0.5593 - precision: 0.6805 - recall: 0.7317 - recall_plaga: 0.8289 
[1m12/17[0m [32m━━━━━━━━━━━━━━[0m[37m━━━━━━[0m [1m7s[0m 1s/step - accuracy: 0.7948 - auc: 0.8810 - f2_macro: 0.7759 - f2_plaga: 0.8327 - loss: 0.5621 - precision: 0.6765 - recall: 0.7309 - recall_plaga: 0.8260
[1m13/17[0m [32m━━━━━━━━━━━━━━━[0m[37m━━━━━[0m [1m5s[0m 1s/step - accuracy: 0.7932 - auc: 0.8791 - f2_macro: 0.7743 - f2_plaga: 0.8312 - loss: 0.5644 - precision: 0.6742 - recall: 0.7295 - recall_plaga: 0.8244
[1m14/17[0m [32m━━━━━━━━━━━━━━━━[0m[37m━━━━[0m [1m4s[0m 1s/step - accuracy: 0.7920 - auc: 0.8774 - f2_macro: 0.7732 - f2_plaga: 0.8302 - loss: 0.5664 - precision: 0.6727 - recall: 0.7283 - recall_plaga: 0.8233
[1m15/17[0m [32m━━━━━━━━━━━━━━━━━[0m[37m━━━[0m [1m2s[0m 1s/step - accuracy: 0.7907 - auc: 0.8758 - f2_macro: 0.7719 - f2_plaga: 0.8289 - loss: 0.5681 - precision: 0.6701 - recall: 0.7272 - recall_plaga: 0.8219
[1m16/17[0m [32m━━━━━━━━━━━━━━━━━━[0m[37m━━[0m [1m1s[0m 1s/step - accuracy: 0.7900 - auc: 0.8747 - f2_macro: 0.7711 - f2_plaga: 0.8282 - loss: 0.5692 - precision: 0.6682 - recall: 0.7268 - recall_plaga: 0.8209
[1m17/17[0m [32m━━━━━━━━━━━━━━━━━━━━[0m[37m[0m [1m0s[0m 1s/step - accuracy: 0.7895 - auc: 0.8738 - f2_macro: 0.7707 - f2_plaga: 0.8276 - loss: 0.5699 - precision: 0.6668 - recall: 0.7268 - recall_plaga: 0.8202
Epoch 9: val_f2_macro did not improve from 0.45639

[1m17/17[0m [32m━━━━━━━━━━━━━━━━━━━━[0m[37m[0m [1m26s[0m 2s/step - accuracy: 0.7820 - auc: 0.8601 - f2_macro: 0.7635 - f2_plaga: 0.8183 - loss: 0.5815 - precision: 0.6443 - recall: 0.7267 - recall_plaga: 0.8083 - val_accuracy: 0.6767 - val_auc: 0.7767 - val_f2_macro: 0.4564 - val_f2_plaga: 0.9128 - val_loss: 0.6796 - val_precision: 0.0000e+00 - val_recall: 0.0000e+00 - val_recall_plaga: 1.0000 - learning_rate: 1.0000e-04
Epoch 10/80

[1m 1/17[0m [32m━[0m[37m━━━━━━━━━━━━━━━━━━━[0m [1m22s[0m 1s/step - accuracy: 0.8125 - auc: 0.9091 - f2_macro: 0.7818 - f2_plaga: 0.8636 - loss: 0.5485 - precision: 0.7000 - recall: 0.7000 - recall_plaga: 0.8636
[1m 2/17[0m [32m━━[0m[37m━━━━━━━━━━━━━━━━━━[0m [1m20s[0m 1s/step - accuracy: 0.8281 - auc: 0.9206 - f2_macro: 0.7973 - f2_plaga: 0.8763 - loss: 0.5113 - precision: 0.7184 - recall: 0.7184 - recall_plaga: 0.8763
[1m 3/17[0m [32m━━━[0m[37m━━━━━━━━━━━━━━━━━[0m [1m19s[0m 1s/step - accuracy: 0.8368 - auc: 0.9245 - f2_macro: 0.8110 - f2_plaga: 0.8805 - loss: 0.5035 - precision: 0.7416 - recall: 0.7416 - recall_plaga: 0.8805
[1m 4/17[0m [32m━━━━[0m[37m━━━━━━━━━━━━━━━━[0m [1m18s[0m 1s/step - accuracy: 0.8385 - auc: 0.9244 - f2_macro: 0.8140 - f2_plaga: 0.8838 - loss: 0.5027 - precision: 0.7586 - recall: 0.7410 - recall_plaga: 0.8860
[1m 5/17[0m [32m━━━━━[0m[37m━━━━━━━━━━━━━━━[0m [1m17s[0m 1s/step - accuracy: 0.8408 - auc: 0.9252 - f2_macro: 0.8179 - f2_plaga: 0.8850 - loss: 0.5011 - precision: 0.7668 - recall: 0.7472 - recall_plaga: 0.8874
[1m 6/17[0m [32m━━━━━━━[0m[37m━━━━━━━━━━━━━[0m [1m15s[0m 1s/step - accuracy: 0.8378 - auc: 0.9202 - f2_macro: 0.8156 - f2_plaga: 0.8822 - loss: 0.5073 - precision: 0.7653 - recall: 0.7452 - recall_plaga: 0.8847
[1m 7/17[0m [32m━━━━━━━━[0m[37m━━━━━━━━━━━━[0m [1m14s[0m 1s/step - accuracy: 0.8349 - auc: 0.9165 - f2_macro: 0.8124 - f2_plaga: 0.8793 - loss: 0.5105 - precision: 0.7583 - recall: 0.7424 - recall_plaga: 0.8813
[1m 8/17[0m [32m━━━━━━━━━[0m[37m━━━━━━━━━━━[0m [1m12s[0m 1s/step - accuracy: 0.8306 - auc: 0.9120 - f2_macro: 0.8076 - f2_plaga: 0.8757 - loss: 0.5156 - precision: 0.7498 - recall: 0.7370 - recall_plaga: 0.8773
[1m 9/17[0m [32m━━━━━━━━━━[0m[37m━━━━━━━━━━[0m [1m11s[0m 1s/step - accuracy: 0.8267 - auc: 0.9073 - f2_macro: 0.8034 - f2_plaga: 0.8726 - loss: 0.5217 - precision: 0.7440 - recall: 0.7318 - recall_plaga: 0.8741
[1m10/17[0m [32m━━━━━━━━━━━[0m[37m━━━━━━━━━[0m [1m9s[0m 1s/step - accuracy: 0.8231 - auc: 0.9026 - f2_macro: 0.7998 - f2_plaga: 0.8691 - loss: 0.5279 - precision: 0.7378 - recall: 0.7288 - recall_plaga: 0.8703 
[1m11/17[0m [32m━━━━━━━━━━━━[0m[37m━━━━━━━━[0m [1m8s[0m 1s/step - accuracy: 0.8198 - auc: 0.8986 - f2_macro: 0.7964 - f2_plaga: 0.8660 - loss: 0.5329 - precision: 0.7314 - recall: 0.7257 - recall_plaga: 0.8667
[1m12/17[0m [32m━━━━━━━━━━━━━━[0m[37m━━━━━━[0m [1m7s[0m 1s/step - accuracy: 0.8176 - auc: 0.8960 - f2_macro: 0.7942 - f2_plaga: 0.8639 - loss: 0.5359 - precision: 0.7270 - recall: 0.7241 - recall_plaga: 0.8642
[1m13/17[0m [32m━━━━━━━━━━━━━━━[0m[37m━━━━━[0m [1m5s[0m 1s/step - accuracy: 0.8160 - auc: 0.8939 - f2_macro: 0.7924 - f2_plaga: 0.8624 - loss: 0.5385 - precision: 0.7244 - recall: 0.7221 - recall_plaga: 0.8627
[1m14/17[0m [32m━━━━━━━━━━━━━━━━[0m[37m━━━━[0m [1m4s[0m 1s/step - accuracy: 0.8143 - auc: 0.8919 - f2_macro: 0.7905 - f2_plaga: 0.8614 - loss: 0.5410 - precision: 0.7222 - recall: 0.7191 - recall_plaga: 0.8618
[1m15/17[0m [32m━━━━━━━━━━━━━━━━━[0m[37m━━━[0m [1m2s[0m 1s/step - accuracy: 0.8129 - auc: 0.8900 - f2_macro: 0.7886 - f2_plaga: 0.8606 - loss: 0.5432 - precision: 0.7198 - recall: 0.7160 - recall_plaga: 0.8611
[1m16/17[0m [32m━━━━━━━━━━━━━━━━━━[0m[37m━━[0m [1m1s[0m 1s/step - accuracy: 0.8119 - auc: 0.8886 - f2_macro: 0.7872 - f2_plaga: 0.8601 - loss: 0.5447 - precision: 0.7178 - recall: 0.7137 - recall_plaga: 0.8606
[1m17/17[0m [32m━━━━━━━━━━━━━━━━━━━━[0m[37m[0m [1m0s[0m 1s/step - accuracy: 0.8109 - auc: 0.8871 - f2_macro: 0.7859 - f2_plaga: 0.8596 - loss: 0.5465 - precision: 0.7159 - recall: 0.7114 - recall_plaga: 0.8601
Epoch 10: val_f2_macro improved from 0.45639 to 0.56850, saving model to C:\workspace\hd-image-pest-detection-cnn-and-rf\best_models\best_model_final_RGB_binary_crossentropy.keras

[1m17/17[0m [32m━━━━━━━━━━━━━━━━━━━━[0m[37m[0m [1m25s[0m 1s/step - accuracy: 0.7951 - auc: 0.8627 - f2_macro: 0.7641 - f2_plaga: 0.8514 - loss: 0.5755 - precision: 0.6864 - recall: 0.6744 - recall_plaga: 0.8528 - val_accuracy: 0.5338 - val_auc: 0.8404 - val_f2_macro: 0.5685 - val_f2_plaga: 0.3608 - val_loss: 0.6912 - val_precision: 0.4095 - val_recall: 1.0000 - val_recall_plaga: 0.3111 - learning_rate: 1.0000e-04
Epoch 11/80

[1m 1/17[0m [32m━[0m[37m━━━━━━━━━━━━━━━━━━━[0m [1m24s[0m 2s/step - accuracy: 0.8438 - auc: 0.9545 - f2_macro: 0.8076 - f2_plaga: 0.9009 - loss: 0.4307 - precision: 0.7778 - recall: 0.7000 - recall_plaga: 0.9091
[1m 2/17[0m [32m━━[0m[37m━━━━━━━━━━━━━━━━━━[0m [1m21s[0m 1s/step - accuracy: 0.8359 - auc: 0.9369 - f2_macro: 0.7979 - f2_plaga: 0.8929 - loss: 0.4529 - precision: 0.7500 - recall: 0.6921 - recall_plaga: 0.8990
[1m 3/17[0m [32m━━━[0m[37m━━━━━━━━━━━━━━━━━[0m [1m19s[0m 1s/step - accuracy: 0.8385 - auc: 0.9325 - f2_macro: 0.8067 - f2_plaga: 0.8906 - loss: 0.4637 - precision: 0.7604 - recall: 0.7139 - recall_plaga: 0.8956
[1m 4/17[0m [32m━━━━[0m[37m━━━━━━━━━━━━━━━━[0m [1m18s[0m 1s/step - accuracy: 0.8359 - auc: 0.9300 - f2_macro: 0.8065 - f2_plaga: 0.8884 - loss: 0.4706 - precision: 0.7667 - recall: 0.7148 - recall_plaga: 0.8943
[1m 5/17[0m [32m━━━━━[0m[37m━━━━━━━━━━━━━━━[0m [1m17s[0m 1s/step - accuracy: 0.8375 - auc: 0.9287 - f2_macro: 0.8102 - f2_plaga: 0.8883 - loss: 0.4733 - precision: 0.7727 - recall: 0.7227 - recall_plaga: 0.8941
[1m 6/17[0m [32m━━━━━━━[0m[37m━━━━━━━━━━━━━[0m [1m16s[0m 1s/step - accuracy: 0.8359 - auc: 0.9235 - f2_macro: 0.8103 - f2_plaga: 0.8852 - loss: 0.4819 - precision: 0.7707 - recall: 0.7273 - recall_plaga: 0.8902
[1m 7/17[0m [32m━━━━━━━━[0m[37m━━━━━━━━━━━━[0m [1m14s[0m 1s/step - accuracy: 0.8345 - auc: 0.9193 - f2_macro: 0.8093 - f2_plaga: 0.8828 - loss: 0.4874 - precision: 0.7649 - recall: 0.7290 - recall_plaga: 0.8870
[1m 8/17[0m [32m━━━━━━━━━[0m[37m━━━━━━━━━━━[0m [1m13s[0m 1s/step - accuracy: 0.8318 - auc: 0.9143 - f2_macro: 0.8067 - f2_plaga: 0.8797 - loss: 0.4950 - precision: 0.7575 - recall: 0.7283 - recall_plaga: 0.8830
[1m 9/17[0m [32m━━━━━━━━━━[0m[37m━━━━━━━━━━[0m [1m11s[0m 1s/step - accuracy: 0.8292 - auc: 0.9104 - f2_macro: 0.8043 - f2_plaga: 0.8772 - loss: 0.5012 - precision: 0.7532 - recall: 0.7264 - recall_plaga: 0.8803
[1m10/17[0m [32m━━━━━━━━━━━[0m[37m━━━━━━━━━[0m [1m10s[0m 1s/step - accuracy: 0.8269 - auc: 0.9065 - f2_macro: 0.8025 - f2_plaga: 0.8743 - loss: 0.5077 - precision: 0.7482 - recall: 0.7266 - recall_plaga: 0.8768
[1m11/17[0m [32m━━━━━━━━━━━━[0m[37m━━━━━━━━[0m [1m8s[0m 1s/step - accuracy: 0.8246 - auc: 0.9026 - f2_macro: 0.8005 - f2_plaga: 0.8713 - loss: 0.5141 - precision: 0.7422 - recall: 0.7270 - recall_plaga: 0.8730 
[1m12/17[0m [32m━━━━━━━━━━━━━━[0m[37m━━━━━━[0m [1m7s[0m 1s/step - accuracy: 0.8229 - auc: 0.9000 - f2_macro: 0.7992 - f2_plaga: 0.8690 - loss: 0.5184 - precision: 0.7378 - recall: 0.7279 - recall_plaga: 0.8701
[1m13/17[0m [32m━━━━━━━━━━━━━━━[0m[37m━━━━━[0m [1m5s[0m 1s/step - accuracy: 0.8216 - auc: 0.8977 - f2_macro: 0.7981 - f2_plaga: 0.8673 - loss: 0.5223 - precision: 0.7350 - recall: 0.7278 - recall_plaga: 0.8681
[1m14/17[0m [32m━━━━━━━━━━━━━━━━[0m[37m━━━━[0m [1m4s[0m 1s/step - accuracy: 0.8206 - auc: 0.8958 - f2_macro: 0.7974 - f2_plaga: 0.8660 - loss: 0.5257 - precision: 0.7328 - recall: 0.7282 - recall_plaga: 0.8665
[1m15/17[0m [32m━━━━━━━━━━━━━━━━━[0m[37m━━━[0m [1m2s[0m 1s/step - accuracy: 0.8194 - auc: 0.8938 - f2_macro: 0.7963 - f2_plaga: 0.8644 - loss: 0.5288 - precision: 0.7295 - recall: 0.7284 - recall_plaga: 0.8645
[1m16/17[0m [32m━━━━━━━━━━━━━━━━━━[0m[37m━━[0m [1m1s[0m 1s/step - accuracy: 0.8187 - auc: 0.8924 - f2_macro: 0.7958 - f2_plaga: 0.8634 - loss: 0.5309 - precision: 0.7270 - recall: 0.7291 - recall_plaga: 0.8631
[1m17/17[0m [32m━━━━━━━━━━━━━━━━━━━━[0m[37m[0m [1m0s[0m 1s/step - accuracy: 0.8182 - auc: 0.8913 - f2_macro: 0.7955 - f2_plaga: 0.8625 - loss: 0.5329 - precision: 0.7249 - recall: 0.7300 - recall_plaga: 0.8618
Epoch 11: val_f2_macro did not improve from 0.56850

[1m17/17[0m [32m━━━━━━━━━━━━━━━━━━━━[0m[37m[0m [1m25s[0m 1s/step - accuracy: 0.8102 - auc: 0.8722 - f2_macro: 0.7904 - f2_plaga: 0.8478 - loss: 0.5635 - precision: 0.6919 - recall: 0.7442 - recall_plaga: 0.8417 - val_accuracy: 0.3233 - val_auc: 0.8158 - val_f2_macro: 0.3525 - val_f2_plaga: 0.0000e+00 - val_loss: 0.7012 - val_precision: 0.3233 - val_recall: 1.0000 - val_recall_plaga: 0.0000e+00 - learning_rate: 1.0000e-04
Epoch 12/80

[1m 1/17[0m [32m━[0m[37m━━━━━━━━━━━━━━━━━━━[0m [1m27s[0m 2s/step - accuracy: 0.8750 - auc: 0.9182 - f2_macro: 0.8545 - f2_plaga: 0.9091 - loss: 0.5058 - precision: 0.8000 - recall: 0.8000 - recall_plaga: 0.9091
[1m 2/17[0m [32m━━[0m[37m━━━━━━━━━━━━━━━━━━[0m [1m24s[0m 2s/step - accuracy: 0.8750 - auc: 0.9322 - f2_macro: 0.8524 - f2_plaga: 0.9101 - loss: 0.4688 - precision: 0.7947 - recall: 0.7947 - recall_plaga: 0.9101
[1m 3/17[0m [32m━━━[0m[37m━━━━━━━━━━━━━━━━━[0m [1m22s[0m 2s/step - accuracy: 0.8715 - auc: 0.9358 - f2_macro: 0.8507 - f2_plaga: 0.9074 - loss: 0.4665 - precision: 0.8007 - recall: 0.7925 - recall_plaga: 0.9083
[1m 4/17[0m [32m━━━━[0m[37m━━━━━━━━━━━━━━━━[0m [1m19s[0m 2s/step - accuracy: 0.8685 - auc: 0.9380 - f2_macro: 0.8480 - f2_plaga: 0.9070 - loss: 0.4667 - precision: 0.8088 - recall: 0.7846 - recall_plaga: 0.9099
[1m 5/17[0m [32m━━━━━[0m[37m━━━━━━━━━━━━━━━[0m [1m18s[0m 2s/step - accuracy: 0.8685 - auc: 0.9392 - f2_macro: 0.8484 - f2_plaga: 0.9083 - loss: 0.4665 - precision: 0.8163 - recall: 0.7820 - recall_plaga: 0.9124
[1m 6/17[0m [32m━━━━━━━[0m[37m━━━━━━━━━━━━━[0m [1m16s[0m 1s/step - accuracy: 0.8644 - auc: 0.9344 - f2_macro: 0.8443 - f2_plaga: 0.9051 - loss: 0.4741 - precision: 0.8131 - recall: 0.7767 - recall_plaga: 0.9095
[1m 7/17[0m [32m━━━━━━━━[0m[37m━━━━━━━━━━━━[0m [1m14s[0m 1s/step - accuracy: 0.8602 - auc: 0.9300 - f2_macro: 0.8395 - f2_plaga: 0.9015 - loss: 0.4795 - precision: 0.8040 - recall: 0.7714 - recall_plaga: 0.9054
[1m 8/17[0m [32m━━━━━━━━━[0m[37m━━━━━━━━━━━[0m [1m13s[0m 1s/step - accuracy: 0.8552 - auc: 0.9246 - f2_macro: 0.8340 - f2_plaga: 0.8972 - loss: 0.4872 - precision: 0.7939 - recall: 0.7653 - recall_plaga: 0.9006
[1m 9/17[0m [32m━━━━━━━━━━[0m[37m━━━━━━━━━━[0m [1m11s[0m 1s/step - accuracy: 0.8505 - auc: 0.9191 - f2_macro: 0.8289 - f2_plaga: 0.8933 - loss: 0.4953 - precision: 0.7864 - recall: 0.7593 - recall_plaga: 0.8965
[1m10/17[0m [32m━━━━━━━━━━━[0m[37m━━━━━━━━━[0m [1m10s[0m 1s/step - accuracy: 0.8457 - auc: 0.9143 - f2_macro: 0.8240 - f2_plaga: 0.8890 - loss: 0.5023 - precision: 0.7781 - recall: 0.7544 - recall_plaga: 0.8919
[1m11/17[0m [32m━━━━━━━━━━━━[0m[37m━━━━━━━━[0m [1m8s[0m 1s/step - accuracy: 0.8414 - auc: 0.9099 - f2_macro: 0.8195 - f2_plaga: 0.8848 - loss: 0.5083 - precision: 0.7695 - recall: 0.7507 - recall_plaga: 0.8871 
[1m12/17[0m [32m━━━━━━━━━━━━━━[0m[37m━━━━━━[0m [1m7s[0m 1s/step - accuracy: 0.8381 - auc: 0.9064 - f2_macro: 0.8162 - f2_plaga: 0.8815 - loss: 0.5129 - precision: 0.7628 - recall: 0.7483 - recall_plaga: 0.8833
[1m13/17[0m [32m━━━━━━━━━━━━━━━[0m[37m━━━━━[0m [1m5s[0m 1s/step - accuracy: 0.8356 - auc: 0.9035 - f2_macro: 0.8137 - f2_plaga: 0.8791 - loss: 0.5170 - precision: 0.7583 - recall: 0.7461 - recall_plaga: 0.8806
[1m14/17[0m [32m━━━━━━━━━━━━━━━━[0m[37m━━━━[0m [1m4s[0m 1s/step - accuracy: 0.8338 - auc: 0.9011 - f2_macro: 0.8120 - f2_plaga: 0.8772 - loss: 0.5204 - precision: 0.7548 - recall: 0.7452 - recall_plaga: 0.8783
[1m15/17[0m [32m━━━━━━━━━━━━━━━━━[0m[37m━━━[0m [1m2s[0m 1s/step - accuracy: 0.8318 - auc: 0.8988 - f2_macro: 0.8101 - f2_plaga: 0.8750 - loss: 0.5233 - precision: 0.7503 - recall: 0.7442 - recall_plaga: 0.8757
[1m16/17[0m [32m━━━━━━━━━━━━━━━━━━[0m[37m━━[0m [1m1s[0m 1s/step - accuracy: 0.8305 - auc: 0.8973 - f2_macro: 0.8088 - f2_plaga: 0.8734 - loss: 0.5251 - precision: 0.7467 - recall: 0.7439 - recall_plaga: 0.8738
[1m17/17[0m [32m━━━━━━━━━━━━━━━━━━━━[0m[37m[0m [1m0s[0m 1s/step - accuracy: 0.8294 - auc: 0.8958 - f2_macro: 0.8078 - f2_plaga: 0.8721 - loss: 0.5267 - precision: 0.7437 - recall: 0.7439 - recall_plaga: 0.8721
Epoch 12: ReduceLROnPlateau reducing learning rate to 4.999999873689376e-05.

Epoch 12: val_f2_macro did not improve from 0.56850

[1m17/17[0m [32m━━━━━━━━━━━━━━━━━━━━[0m[37m[0m [1m26s[0m 1s/step - accuracy: 0.8120 - auc: 0.8734 - f2_macro: 0.7920 - f2_plaga: 0.8501 - loss: 0.5526 - precision: 0.6957 - recall: 0.7442 - recall_plaga: 0.8444 - val_accuracy: 0.3233 - val_auc: 0.8357 - val_f2_macro: 0.3525 - val_f2_plaga: 0.0000e+00 - val_loss: 0.7138 - val_precision: 0.3233 - val_recall: 1.0000 - val_recall_plaga: 0.0000e+00 - learning_rate: 1.0000e-04
Epoch 13/80

[1m 1/17[0m [32m━[0m[37m━━━━━━━━━━━━━━━━━━━[0m [1m22s[0m 1s/step - accuracy: 0.8438 - auc: 0.9455 - f2_macro: 0.8076 - f2_plaga: 0.9009 - loss: 0.4720 - precision: 0.7778 - recall: 0.7000 - recall_plaga: 0.9091
[1m 2/17[0m [32m━━[0m[37m━━━━━━━━━━━━━━━━━━[0m [1m20s[0m 1s/step - accuracy: 0.8438 - auc: 0.9376 - f2_macro: 0.8043 - f2_plaga: 0.9020 - loss: 0.4713 - precision: 0.7712 - recall: 0.6921 - recall_plaga: 0.9101
[1m 3/17[0m [32m━━━[0m[37m━━━━━━━━━━━━━━━━━[0m [1m19s[0m 1s/step - accuracy: 0.8472 - auc: 0.9360 - f2_macro: 0.8119 - f2_plaga: 0.9044 - loss: 0.4715 - precision: 0.7900 - recall: 0.7038 - recall_plaga: 0.9136
[1m 4/17[0m [32m━━━━[0m[37m━━━━━━━━━━━━━━━━[0m [1m18s[0m 1s/step - accuracy: 0.8503 - auc: 0.9367 - f2_macro: 0.8170 - f2_plaga: 0.9085 - loss: 0.4713 - precision: 0.8096 - recall: 0.7072 - recall_plaga: 0.9200
[1m 5/17[0m [32m━━━━━[0m[37m━━━━━━━━━━━━━━━[0m [1m17s[0m 1s/step - accuracy: 0.8540 - auc: 0.9363 - f2_macro: 0.8235 - f2_plaga: 0.9095 - loss: 0.4710 - precision: 0.8169 - recall: 0.7202 - recall_plaga: 0.9204
[1m 6/17[0m [32m━━━━━━━[0m[37m━━━━━━━━━━━━━[0m [1m15s[0m 1s/step - accuracy: 0.8514 - auc: 0.9320 - f2_macro: 0.8224 - f2_plaga: 0.9059 - loss: 0.4769 - precision: 0.8130 - recall: 0.7227 - recall_plaga: 0.9162
[1m 7/17[0m [32m━━━━━━━━[0m[37m━━━━━━━━━━━━[0m [1m14s[0m 1s/step - accuracy: 0.8490 - auc: 0.9279 - f2_macro: 0.8204 - f2_plaga: 0.9028 - loss: 0.4813 - precision: 0.8051 - recall: 0.7232 - recall_plaga: 0.9121
[1m 8/17[0m [32m━━━━━━━━━[0m[37m━━━━━━━━━━━[0m [1m12s[0m 1s/step - accuracy: 0.8454 - auc: 0.9230 - f2_macro: 0.8169 - f2_plaga: 0.8988 - loss: 0.4876 - precision: 0.7955 - recall: 0.7216 - recall_plaga: 0.9072
[1m 9/17[0m [32m━━━━━━━━━━[0m[37m━━━━━━━━━━[0m [1m11s[0m 1s/step - accuracy: 0.8414 - auc: 0.9178 - f2_macro: 0.8129 - f2_plaga: 0.8950 - loss: 0.4952 - precision: 0.7880 - recall: 0.7182 - recall_plaga: 0.9030
[1m10/17[0m [32m━━━━━━━━━━━[0m[37m━━━━━━━━━[0m [1m10s[0m 1s/step - accuracy: 0.8376 - auc: 0.9133 - f2_macro: 0.8094 - f2_plaga: 0.8909 - loss: 0.5017 - precision: 0.7800 - recall: 0.7165 - recall_plaga: 0.8981
[1m11/17[0m [32m━━━━━━━━━━━━[0m[37m━━━━━━━━[0m [1m8s[0m 1s/step - accuracy: 0.8345 - auc: 0.9095 - f2_macro: 0.8067 - f2_plaga: 0.8872 - loss: 0.5070 - precision: 0.7722 - recall: 0.7162 - recall_plaga: 0.8936 
[1m12/17[0m [32m━━━━━━━━━━━━━━[0m[37m━━━━━━[0m [1m7s[0m 1s/step - accuracy: 0.8325 - auc: 0.9066 - f2_macro: 0.8051 - f2_plaga: 0.8845 - loss: 0.5108 - precision: 0.7667 - recall: 0.7167 - recall_plaga: 0.8902
[1m13/17[0m [32m━━━━━━━━━━━━━━━[0m[37m━━━━━[0m [1m5s[0m 1s/step - accuracy: 0.8306 - auc: 0.9041 - f2_macro: 0.8033 - f2_plaga: 0.8824 - loss: 0.5144 - precision: 0.7627 - recall: 0.7158 - recall_plaga: 0.8878
[1m14/17[0m [32m━━━━━━━━━━━━━━━━[0m[37m━━━━[0m [1m4s[0m 1s/step - accuracy: 0.8289 - auc: 0.9019 - f2_macro: 0.8019 - f2_plaga: 0.8807 - loss: 0.5176 - precision: 0.7594 - recall: 0.7151 - recall_plaga: 0.8857
[1m15/17[0m [32m━━━━━━━━━━━━━━━━━[0m[37m━━━[0m [1m2s[0m 1s/step - accuracy: 0.8276 - auc: 0.8999 - f2_macro: 0.8006 - f2_plaga: 0.8792 - loss: 0.5205 - precision: 0.7558 - recall: 0.7144 - recall_plaga: 0.8839
[1m16/17[0m [32m━━━━━━━━━━━━━━━━━━[0m[37m━━[0m [1m1s[0m 1s/step - accuracy: 0.8268 - auc: 0.8984 - f2_macro: 0.7999 - f2_plaga: 0.8780 - loss: 0.5225 - precision: 0.7528 - recall: 0.7149 - recall_plaga: 0.8823
[1m17/17[0m [32m━━━━━━━━━━━━━━━━━━━━[0m[37m[0m [1m0s[0m 1s/step - accuracy: 0.8261 - auc: 0.8971 - f2_macro: 0.7994 - f2_plaga: 0.8769 - loss: 0.5241 - precision: 0.7503 - recall: 0.7156 - recall_plaga: 0.8809
Epoch 13: val_f2_macro did not improve from 0.56850

[1m17/17[0m [32m━━━━━━━━━━━━━━━━━━━━[0m[37m[0m [1m25s[0m 1s/step - accuracy: 0.8158 - auc: 0.8771 - f2_macro: 0.7918 - f2_plaga: 0.8602 - loss: 0.5507 - precision: 0.7102 - recall: 0.7267 - recall_plaga: 0.8583 - val_accuracy: 0.3233 - val_auc: 0.8530 - val_f2_macro: 0.3525 - val_f2_plaga: 0.0000e+00 - val_loss: 0.7227 - val_precision: 0.3233 - val_recall: 1.0000 - val_recall_plaga: 0.0000e+00 - learning_rate: 5.0000e-05
Epoch 14/80

[1m 1/17[0m [32m━[0m[37m━━━━━━━━━━━━━━━━━━━[0m [1m23s[0m 1s/step - accuracy: 0.8750 - auc: 0.9636 - f2_macro: 0.8545 - f2_plaga: 0.9091 - loss: 0.4152 - precision: 0.8000 - recall: 0.8000 - recall_plaga: 0.9091
[1m 2/17[0m [32m━━[0m[37m━━━━━━━━━━━━━━━━━━[0m [1m21s[0m 1s/step - accuracy: 0.8672 - auc: 0.9491 - f2_macro: 0.8402 - f2_plaga: 0.9081 - loss: 0.4242 - precision: 0.7889 - recall: 0.7684 - recall_plaga: 0.9101
[1m 3/17[0m [32m━━━[0m[37m━━━━━━━━━━━━━━━━━[0m [1m20s[0m 1s/step - accuracy: 0.8559 - auc: 0.9403 - f2_macro: 0.8319 - f2_plaga: 0.8964 - loss: 0.4390 - precision: 0.7785 - recall: 0.7648 - recall_plaga: 0.8977
[1m 4/17[0m [32m━━━━[0m[37m━━━━━━━━━━━━━━━━[0m [1m19s[0m 2s/step - accuracy: 0.8548 - auc: 0.9383 - f2_macro: 0.8332 - f2_plaga: 0.8943 - loss: 0.4450 - precision: 0.7838 - recall: 0.7693 - recall_plaga: 0.8959
[1m 5/17[0m [32m━━━━━[0m[37m━━━━━━━━━━━━━━━[0m [1m17s[0m 1s/step - accuracy: 0.8564 - auc: 0.9371 - f2_macro: 0.8366 - f2_plaga: 0.8941 - loss: 0.4478 - precision: 0.7885 - recall: 0.7768 - recall_plaga: 0.8953
[1m 6/17[0m [32m━━━━━━━[0m[37m━━━━━━━━━━━━━[0m [1m16s[0m 1s/step - accuracy: 0.8543 - auc: 0.9330 - f2_macro: 0.8349 - f2_plaga: 0.8925 - loss: 0.4554 - precision: 0.7884 - recall: 0.7748 - recall_plaga: 0.8940
[1m 7/17[0m [32m━━━━━━━━[0m[37m━━━━━━━━━━━━[0m [1m14s[0m 1s/step - accuracy: 0.8528 - auc: 0.9290 - f2_macro: 0.8329 - f2_plaga: 0.8916 - loss: 0.4611 - precision: 0.7849 - recall: 0.7717 - recall_plaga: 0.8930
[1m 8/17[0m [32m━━━━━━━━━[0m[37m━━━━━━━━━━━[0m [1m13s[0m 1s/step - accuracy: 0.8497 - auc: 0.9245 - f2_macro: 0.8293 - f2_plaga: 0.8892 - loss: 0.4681 - precision: 0.7786 - recall: 0.7671 - recall_plaga: 0.8905
[1m 9/17[0m [32m━━━━━━━━━━[0m[37m━━━━━━━━━━[0m [1m11s[0m 1s/step - accuracy: 0.8463 - auc: 0.9206 - f2_macro: 0.8256 - f2_plaga: 0.8868 - loss: 0.4749 - precision: 0.7740 - recall: 0.7621 - recall_plaga: 0.8881
[1m10/17[0m [32m━━━━━━━━━━━[0m[37m━━━━━━━━━[0m [1m10s[0m 1s/step - accuracy: 0.8426 - auc: 0.9167 - f2_macro: 0.8219 - f2_plaga: 0.8833 - loss: 0.4817 - precision: 0.7675 - recall: 0.7588 - recall_plaga: 0.8843
[1m11/17[0m [32m━━━━━━━━━━━━[0m[37m━━━━━━━━[0m [1m8s[0m 1s/step - accuracy: 0.8389 - auc: 0.9130 - f2_macro: 0.8180 - f2_plaga: 0.8797 - loss: 0.4878 - precision: 0.7601 - recall: 0.7554 - recall_plaga: 0.8802 
[1m12/17[0m [32m━━━━━━━━━━━━━━[0m[37m━━━━━━[0m [1m7s[0m 1s/step - accuracy: 0.8362 - auc: 0.9100 - f2_macro: 0.8153 - f2_plaga: 0.8772 - loss: 0.4925 - precision: 0.7548 - recall: 0.7533 - recall_plaga: 0.8773
[1m13/17[0m [32m━━━━━━━━━━━━━━━[0m[37m━━━━━[0m [1m5s[0m 1s/step - accuracy: 0.8342 - auc: 0.9074 - f2_macro: 0.8133 - f2_plaga: 0.8754 - loss: 0.4968 - precision: 0.7515 - recall: 0.7513 - recall_plaga: 0.8753
[1m14/17[0m [32m━━━━━━━━━━━━━━━━[0m[37m━━━━[0m [1m4s[0m 1s/step - accuracy: 0.8327 - auc: 0.9053 - f2_macro: 0.8118 - f2_plaga: 0.8739 - loss: 0.5007 - precision: 0.7488 - recall: 0.7500 - recall_plaga: 0.8737
[1m15/17[0m [32m━━━━━━━━━━━━━━━━━[0m[37m━━━[0m [1m2s[0m 1s/step - accuracy: 0.8310 - auc: 0.9031 - f2_macro: 0.8101 - f2_plaga: 0.8723 - loss: 0.5043 - precision: 0.7452 - recall: 0.7487 - recall_plaga: 0.8718
[1m16/17[0m [32m━━━━━━━━━━━━━━━━━━[0m[37m━━[0m [1m1s[0m 1s/step - accuracy: 0.8299 - auc: 0.9015 - f2_macro: 0.8090 - f2_plaga: 0.8709 - loss: 0.5069 - precision: 0.7421 - recall: 0.7485 - recall_plaga: 0.8701
[1m17/17[0m [32m━━━━━━━━━━━━━━━━━━━━[0m[37m[0m [1m0s[0m 1s/step - accuracy: 0.8289 - auc: 0.9000 - f2_macro: 0.8082 - f2_plaga: 0.8697 - loss: 0.5094 - precision: 0.7395 - recall: 0.7486 - recall_plaga: 0.8686
Epoch 14: val_f2_macro did not improve from 0.56850

[1m17/17[0m [32m━━━━━━━━━━━━━━━━━━━━[0m[37m[0m [1m25s[0m 2s/step - accuracy: 0.8139 - auc: 0.8763 - f2_macro: 0.7947 - f2_plaga: 0.8506 - loss: 0.5482 - precision: 0.6973 - recall: 0.7500 - recall_plaga: 0.8444 - val_accuracy: 0.3233 - val_auc: 0.8426 - val_f2_macro: 0.3525 - val_f2_plaga: 0.0000e+00 - val_loss: 0.7211 - val_precision: 0.3233 - val_recall: 1.0000 - val_recall_plaga: 0.0000e+00 - learning_rate: 5.0000e-05
Epoch 15/80

[1m 1/17[0m [32m━[0m[37m━━━━━━━━━━━━━━━━━━━[0m [1m22s[0m 1s/step - accuracy: 0.9062 - auc: 0.9568 - f2_macro: 0.8999 - f2_plaga: 0.9174 - loss: 0.4350 - precision: 0.8182 - recall: 0.9000 - recall_plaga: 0.9091
[1m 2/17[0m [32m━━[0m[37m━━━━━━━━━━━━━━━━━━[0m [1m21s[0m 1s/step - accuracy: 0.8984 - auc: 0.9465 - f2_macro: 0.8871 - f2_plaga: 0.9163 - loss: 0.4484 - precision: 0.8091 - recall: 0.8711 - recall_plaga: 0.9101
[1m 3/17[0m [32m━━━[0m[37m━━━━━━━━━━━━━━━━━[0m [1m19s[0m 1s/step - accuracy: 0.8976 - auc: 0.9397 - f2_macro: 0.8845 - f2_plaga: 0.9211 - loss: 0.4646 - precision: 0.8297 - recall: 0.8534 - recall_plaga: 0.9189
[1m 4/17[0m [32m━━━━[0m[37m━━━━━━━━━━━━━━━━[0m [1m18s[0m 1s/step - accuracy: 0.8939 - auc: 0.9381 - f2_macro: 0.8803 - f2_plaga: 0.9208 - loss: 0.4693 - precision: 0.8374 - recall: 0.8412 - recall_plaga: 0.9209
[1m 5/17[0m [32m━━━━━[0m[37m━━━━━━━━━━━━━━━[0m [1m17s[0m 1s/step - accuracy: 0.8926 - auc: 0.9380 - f2_macro: 0.8791 - f2_plaga: 0.9204 - loss: 0.4684 - precision: 0.8408 - recall: 0.8378 - recall_plaga: 0.9212
[1m 6/17[0m [32m━━━━━━━[0m[37m━━━━━━━━━━━━━[0m [1m15s[0m 1s/step - accuracy: 0.8862 - auc: 0.9343 - f2_macro: 0.8727 - f2_plaga: 0.9149 - loss: 0.4741 - precision: 0.8330 - recall: 0.8306 - recall_plaga: 0.9155
[1m 7/17[0m [32m━━━━━━━━[0m[37m━━━━━━━━━━━━[0m [1m14s[0m 1s/step - accuracy: 0.8801 - auc: 0.9298 - f2_macro: 0.8660 - f2_plaga: 0.9095 - loss: 0.4791 - precision: 0.8212 - recall: 0.8234 - recall_plaga: 0.9096
[1m 8/17[0m [32m━━━━━━━━━[0m[37m━━━━━━━━━━━[0m [1m12s[0m 1s/step - accuracy: 0.8727 - auc: 0.9240 - f2_macro: 0.8577 - f2_plaga: 0.9033 - loss: 0.4871 - precision: 0.8076 - recall: 0.8139 - recall_plaga: 0.9028
[1m 9/17[0m [32m━━━━━━━━━━[0m[37m━━━━━━━━━━[0m [1m11s[0m 1s/step - accuracy: 0.8664 - auc: 0.9195 - f2_macro: 0.8510 - f2_plaga: 0.8980 - loss: 0.4936 - precision: 0.7979 - recall: 0.8059 - recall_plaga: 0.8973
[1m10/17[0m [32m━━━━━━━━━━━[0m[37m━━━━━━━━━[0m [1m9s[0m 1s/step - accuracy: 0.8607 - auc: 0.9153 - f2_macro: 0.8449 - f2_plaga: 0.8931 - loss: 0.4997 - precision: 0.7886 - recall: 0.7992 - recall_plaga: 0.8921 
[1m11/17[0m [32m━━━━━━━━━━━━[0m[37m━━━━━━━━[0m [1m8s[0m 1s/step - accuracy: 0.8555 - auc: 0.9116 - f2_macro: 0.8393 - f2_plaga: 0.8887 - loss: 0.5047 - precision: 0.7795 - recall: 0.7929 - recall_plaga: 0.8873
[1m12/17[0m [32m━━━━━━━━━━━━━━[0m[37m━━━━━━[0m [1m7s[0m 1s/step - accuracy: 0.8517 - auc: 0.9088 - f2_macro: 0.8352 - f2_plaga: 0.8855 - loss: 0.5083 - precision: 0.7728 - recall: 0.7884 - recall_plaga: 0.8838
[1m13/17[0m [32m━━━━━━━━━━━━━━━[0m[37m━━━━━[0m [1m5s[0m 1s/step - accuracy: 0.8485 - auc: 0.9065 - f2_macro: 0.8316 - f2_plaga: 0.8830 - loss: 0.5115 - precision: 0.7681 - recall: 0.7836 - recall_plaga: 0.8814
[1m14/17[0m [32m━━━━━━━━━━━━━━━━[0m[37m━━━━[0m [1m4s[0m 1s/step - accuracy: 0.8461 - auc: 0.9044 - f2_macro: 0.8289 - f2_plaga: 0.8812 - loss: 0.5145 - precision: 0.7646 - recall: 0.7800 - recall_plaga: 0.8795
[1m15/17[0m [32m━━━━━━━━━━━━━━━━━[0m[37m━━━[0m [1m2s[0m 1s/step - accuracy: 0.8434 - auc: 0.9022 - f2_macro: 0.8260 - f2_plaga: 0.8789 - loss: 0.5174 - precision: 0.7597 - recall: 0.7767 - recall_plaga: 0.8771
[1m16/17[0m [32m━━━━━━━━━━━━━━━━━━[0m[37m━━[0m [1m1s[0m 1s/step - accuracy: 0.8411 - auc: 0.9005 - f2_macro: 0.8234 - f2_plaga: 0.8771 - loss: 0.5196 - precision: 0.7553 - recall: 0.7736 - recall_plaga: 0.8750
[1m17/17[0m [32m━━━━━━━━━━━━━━━━━━━━[0m[37m[0m [1m0s[0m 1s/step - accuracy: 0.8390 - auc: 0.8989 - f2_macro: 0.8209 - f2_plaga: 0.8754 - loss: 0.5217 - precision: 0.7514 - recall: 0.7705 - recall_plaga: 0.8732
Epoch 15: val_f2_macro did not improve from 0.56850

[1m17/17[0m [32m━━━━━━━━━━━━━━━━━━━━[0m[37m[0m [1m25s[0m 1s/step - accuracy: 0.8045 - auc: 0.8734 - f2_macro: 0.7812 - f2_plaga: 0.8482 - loss: 0.5552 - precision: 0.6889 - recall: 0.7209 - recall_plaga: 0.8444 - val_accuracy: 0.3233 - val_auc: 0.8525 - val_f2_macro: 0.3525 - val_f2_plaga: 0.0000e+00 - val_loss: 0.7234 - val_precision: 0.3233 - val_recall: 1.0000 - val_recall_plaga: 0.0000e+00 - learning_rate: 5.0000e-05
Epoch 16/80

[1m 1/17[0m [32m━[0m[37m━━━━━━━━━━━━━━━━━━━[0m [1m22s[0m 1s/step - accuracy: 0.8750 - auc: 0.9523 - f2_macro: 0.8545 - f2_plaga: 0.9091 - loss: 0.4578 - precision: 0.8000 - recall: 0.8000 - recall_plaga: 0.9091
[1m 2/17[0m [32m━━[0m[37m━━━━━━━━━━━━━━━━━━[0m [1m21s[0m 1s/step - accuracy: 0.8750 - auc: 0.9469 - f2_macro: 0.8524 - f2_plaga: 0.9101 - loss: 0.4472 - precision: 0.7947 - recall: 0.7947 - recall_plaga: 0.9101
[1m 3/17[0m [32m━━━[0m[37m━━━━━━━━━━━━━━━━━[0m [1m19s[0m 1s/step - accuracy: 0.8681 - auc: 0.9441 - f2_macro: 0.8477 - f2_plaga: 0.9030 - loss: 0.4486 - precision: 0.7925 - recall: 0.7925 - recall_plaga: 0.9030
[1m 4/17[0m [32m━━━━[0m[37m━━━━━━━━━━━━━━━━[0m [1m18s[0m 1s/step - accuracy: 0.8698 - auc: 0.9451 - f2_macro: 0.8510 - f2_plaga: 0.9048 - loss: 0.4465 - precision: 0.8046 - recall: 0.7954 - recall_plaga: 0.9059
[1m 5/17[0m [32m━━━━━[0m[37m━━━━━━━━━━━━━━━[0m [1m16s[0m 1s/step - accuracy: 0.8708 - auc: 0.9458 - f2_macro: 0.8530 - f2_plaga: 0.9057 - loss: 0.4435 - precision: 0.8109 - recall: 0.7977 - recall_plaga: 0.9073
[1m 6/17[0m [32m━━━━━━━[0m[37m━━━━━━━━━━━━━[0m [1m15s[0m 1s/step - accuracy: 0.8663 - auc: 0.9435 - f2_macro: 0.8486 - f2_plaga: 0.9021 - loss: 0.4461 - precision: 0.8071 - recall: 0.7922 - recall_plaga: 0.9039
[1m 7/17[0m [32m━━━━━━━━[0m[37m━━━━━━━━━━━━[0m [1m14s[0m 1s/step - accuracy: 0.8625 - auc: 0.9397 - f2_macro: 0.8441 - f2_plaga: 0.8991 - loss: 0.4499 - precision: 0.7994 - recall: 0.7867 - recall_plaga: 0.9006
[1m 8/17[0m [32m━━━━━━━━━[0m[37m━━━━━━━━━━━[0m [1m13s[0m 1s/step - accuracy: 0.8582 - auc: 0.9350 - f2_macro: 0.8394 - f2_plaga: 0.8953 - loss: 0.4565 - precision: 0.7907 - recall: 0.7817 - recall_plaga: 0.8964
[1m 9/17[0m [32m━━━━━━━━━━[0m[37m━━━━━━━━━━[0m [1m11s[0m 1s/step - accuracy: 0.8535 - auc: 0.9305 - f2_macro: 0.8342 - f2_plaga: 0.8917 - loss: 0.4637 - precision: 0.7838 - recall: 0.7751 - recall_plaga: 0.8928
[1m10/17[0m [32m━━━━━━━━━━━[0m[37m━━━━━━━━━[0m [1m10s[0m 1s/step - accuracy: 0.8488 - auc: 0.9260 - f2_macro: 0.8292 - f2_plaga: 0.8877 - loss: 0.4709 - precision: 0.7761 - recall: 0.7695 - recall_plaga: 0.8885
[1m11/17[0m [32m━━━━━━━━━━━━[0m[37m━━━━━━━━[0m [1m8s[0m 1s/step - accuracy: 0.8444 - auc: 0.9220 - f2_macro: 0.8245 - f2_plaga: 0.8840 - loss: 0.4772 - precision: 0.7682 - recall: 0.7644 - recall_plaga: 0.8844 
[1m12/17[0m [32m━━━━━━━━━━━━━━[0m[37m━━━━━━[0m [1m7s[0m 1s/step - accuracy: 0.8413 - auc: 0.9192 - f2_macro: 0.8212 - f2_plaga: 0.8813 - loss: 0.4814 - precision: 0.7625 - recall: 0.7609 - recall_plaga: 0.8815
[1m13/17[0m [32m━━━━━━━━━━━━━━━[0m[37m━━━━━[0m [1m5s[0m 1s/step - accuracy: 0.8389 - auc: 0.9170 - f2_macro: 0.8186 - f2_plaga: 0.8793 - loss: 0.4850 - precision: 0.7588 - recall: 0.7577 - recall_plaga: 0.8795
[1m14/17[0m [32m━━━━━━━━━━━━━━━━[0m[37m━━━━[0m [1m4s[0m 1s/step - accuracy: 0.8369 - auc: 0.9149 - f2_macro: 0.8163 - f2_plaga: 0.8778 - loss: 0.4885 - precision: 0.7559 - recall: 0.7545 - recall_plaga: 0.8780
[1m15/17[0m [32m━━━━━━━━━━━━━━━━━[0m[37m━━━[0m [1m2s[0m 1s/step - accuracy: 0.8350 - auc: 0.9128 - f2_macro: 0.8141 - f2_plaga: 0.8764 - loss: 0.4917 - precision: 0.7523 - recall: 0.7516 - recall_plaga: 0.8765
[1m16/17[0m [32m━━━━━━━━━━━━━━━━━━[0m[37m━━[0m [1m1s[0m 1s/step - accuracy: 0.8336 - auc: 0.9111 - f2_macro: 0.8124 - f2_plaga: 0.8752 - loss: 0.4941 - precision: 0.7493 - recall: 0.7497 - recall_plaga: 0.8752
[1m17/17[0m [32m━━━━━━━━━━━━━━━━━━━━[0m[37m[0m [1m0s[0m 1s/step - accuracy: 0.8323 - auc: 0.9095 - f2_macro: 0.8109 - f2_plaga: 0.8742 - loss: 0.4966 - precision: 0.7467 - recall: 0.7480 - recall_plaga: 0.8740
Epoch 16: val_f2_macro did not improve from 0.56850

[1m17/17[0m [32m━━━━━━━━━━━━━━━━━━━━[0m[37m[0m [1m25s[0m 1s/step - accuracy: 0.8120 - auc: 0.8830 - f2_macro: 0.7875 - f2_plaga: 0.8575 - loss: 0.5358 - precision: 0.7045 - recall: 0.7209 - recall_plaga: 0.8556 - val_accuracy: 0.3233 - val_auc: 0.8380 - val_f2_macro: 0.3525 - val_f2_plaga: 0.0000e+00 - val_loss: 0.7344 - val_precision: 0.3233 - val_recall: 1.0000 - val_recall_plaga: 0.0000e+00 - learning_rate: 5.0000e-05
Epoch 17/80

[1m 1/17[0m [32m━[0m[37m━━━━━━━━━━━━━━━━━━━[0m [1m25s[0m 2s/step - accuracy: 0.8750 - auc: 0.9409 - f2_macro: 0.8545 - f2_plaga: 0.9091 - loss: 0.4324 - precision: 0.8000 - recall: 0.8000 - recall_plaga: 0.9091
[1m 2/17[0m [32m━━[0m[37m━━━━━━━━━━━━━━━━━━[0m [1m23s[0m 2s/step - accuracy: 0.8750 - auc: 0.9386 - f2_macro: 0.8524 - f2_plaga: 0.9101 - loss: 0.4344 - precision: 0.7947 - recall: 0.7947 - recall_plaga: 0.9101
[1m 3/17[0m [32m━━━[0m[37m━━━━━━━━━━━━━━━━━[0m [1m20s[0m 1s/step - accuracy: 0.8681 - auc: 0.9324 - f2_macro: 0.8494 - f2_plaga: 0.8996 - loss: 0.4452 - precision: 0.7870 - recall: 0.8026 - recall_plaga: 0.8977
[1m 4/17[0m [32m━━━━[0m[37m━━━━━━━━━━━━━━━━[0m [1m18s[0m 1s/step - accuracy: 0.8659 - auc: 0.9294 - f2_macro: 0.8489 - f2_plaga: 0.8973 - loss: 0.4529 - precision: 0.7913 - recall: 0.8030 - recall_plaga: 0.8959
[1m 5/17[0m [32m━━━━━[0m[37m━━━━━━━━━━━━━━━[0m [1m17s[0m 1s/step - accuracy: 0.8665 - auc: 0.9290 - f2_macro: 0.8508 - f2_plaga: 0.8968 - loss: 0.4543 - precision: 0.7951 - recall: 0.8073 - recall_plaga: 0.8953
[1m 6/17[0m [32m━━━━━━━[0m[37m━━━━━━━━━━━━━[0m [1m15s[0m 1s/step - accuracy: 0.8635 - auc: 0.9249 - f2_macro: 0.8483 - f2_plaga: 0.8941 - loss: 0.4618 - precision: 0.7930 - recall: 0.8051 - recall_plaga: 0.8926
[1m 7/17[0m [32m━━━━━━━━[0m[37m━━━━━━━━━━━━[0m [1m14s[0m 1s/step - accuracy: 0.8607 - auc: 0.9213 - f2_macro: 0.8452 - f2_plaga: 0.8917 - loss: 0.4673 - precision: 0.7869 - recall: 0.8016 - recall_plaga: 0.8900
[1m 8/17[0m [32m━━━━━━━━━[0m[37m━━━━━━━━━━━[0m [1m12s[0m 1s/step - accuracy: 0.8571 - auc: 0.9168 - f2_macro: 0.8413 - f2_plaga: 0.8885 - loss: 0.4748 - precision: 0.7794 - recall: 0.7978 - recall_plaga: 0.8864
[1m 9/17[0m [32m━━━━━━━━━━[0m[37m━━━━━━━━━━[0m [1m11s[0m 1s/step - accuracy: 0.8529 - auc: 0.9125 - f2_macro: 0.8367 - f2_plaga: 0.8854 - loss: 0.4824 - precision: 0.7736 - recall: 0.7917 - recall_plaga: 0.8833
[1m10/17[0m [32m━━━━━━━━━━━[0m[37m━━━━━━━━━[0m [1m10s[0m 1s/step - accuracy: 0.8483 - auc: 0.9083 - f2_macro: 0.8318 - f2_plaga: 0.8814 - loss: 0.4899 - precision: 0.7662 - recall: 0.7863 - recall_plaga: 0.8790
[1m11/17[0m [32m━━━━━━━━━━━━[0m[37m━━━━━━━━[0m [1m8s[0m 1s/step - accuracy: 0.8440 - auc: 0.9047 - f2_macro: 0.8273 - f2_plaga: 0.8775 - loss: 0.4962 - precision: 0.7584 - recall: 0.7820 - recall_plaga: 0.8747 
[1m12/17[0m [32m━━━━━━━━━━━━━━[0m[37m━━━━━━[0m [1m7s[0m 1s/step - accuracy: 0.8407 - auc: 0.9022 - f2_macro: 0.8239 - f2_plaga: 0.8744 - loss: 0.5006 - precision: 0.7523 - recall: 0.7790 - recall_plaga: 0.8712
[1m13/17[0m [32m━━━━━━━━━━━━━━━[0m[37m━━━━━[0m [1m5s[0m 1s/step - accuracy: 0.8376 - auc: 0.9001 - f2_macro: 0.8206 - f2_plaga: 0.8719 - loss: 0.5046 - precision: 0.7477 - recall: 0.7750 - recall_plaga: 0.8686
[1m14/17[0m [32m━━━━━━━━━━━━━━━━[0m[37m━━━━[0m [1m4s[0m 1s/step - accuracy: 0.8350 - auc: 0.8982 - f2_macro: 0.8178 - f2_plaga: 0.8698 - loss: 0.5081 - precision: 0.7439 - recall: 0.7715 - recall_plaga: 0.8665
[1m15/17[0m [32m━━━━━━━━━━━━━━━━━[0m[37m━━━[0m [1m2s[0m 1s/step - accuracy: 0.8327 - auc: 0.8965 - f2_macro: 0.8152 - f2_plaga: 0.8679 - loss: 0.5111 - precision: 0.7397 - recall: 0.7684 - recall_plaga: 0.8645
[1m16/17[0m [32m━━━━━━━━━━━━━━━━━━[0m[37m━━[0m [1m1s[0m 1s/step - accuracy: 0.8308 - auc: 0.8952 - f2_macro: 0.8131 - f2_plaga: 0.8663 - loss: 0.5132 - precision: 0.7359 - recall: 0.7662 - recall_plaga: 0.8627
[1m17/17[0m [32m━━━━━━━━━━━━━━━━━━━━[0m[37m[0m [1m0s[0m 1s/step - accuracy: 0.8292 - auc: 0.8942 - f2_macro: 0.8113 - f2_plaga: 0.8649 - loss: 0.5149 - precision: 0.7327 - recall: 0.7642 - recall_plaga: 0.8611
Epoch 17: ReduceLROnPlateau reducing learning rate to 2.499999936844688e-05.

Epoch 17: val_f2_macro did not improve from 0.56850

[1m17/17[0m [32m━━━━━━━━━━━━━━━━━━━━[0m[37m[0m [1m25s[0m 1s/step - accuracy: 0.8026 - auc: 0.8773 - f2_macro: 0.7819 - f2_plaga: 0.8422 - loss: 0.5435 - precision: 0.6811 - recall: 0.7326 - recall_plaga: 0.8361 - val_accuracy: 0.3233 - val_auc: 0.8575 - val_f2_macro: 0.3525 - val_f2_plaga: 0.0000e+00 - val_loss: 0.7379 - val_precision: 0.3233 - val_recall: 1.0000 - val_recall_plaga: 0.0000e+00 - learning_rate: 5.0000e-05
Epoch 17: early stopping
Restoring model weights from the end of the best epoch: 7.

--- [Fecha/hora inicio=20260716_1816] ---

--- [T=464.55s] ---
5. Guardado y Ploteo (Usando utils_train)

Historial guardado en 'C:\workspace\hd-image-pest-detection-cnn-and-rf\history/RGB/binary_crossentropy\history_20260716_1824_epochs_80_RGB_BCE.json'

[1m 1/17[0m [32m━[0m[37m━━━━━━━━━━━━━━━━━━━[0m [1m5s[0m 345ms/step
[1m 2/17[0m [32m━━[0m[37m━━━━━━━━━━━━━━━━━━[0m [1m3s[0m 254ms/step
[1m 3/17[0m [32m━━━[0m[37m━━━━━━━━━━━━━━━━━[0m [1m3s[0m 249ms/step
[1m 4/17[0m [32m━━━━[0m[37m━━━━━━━━━━━━━━━━[0m [1m3s[0m 247ms/step
[1m 5/17[0m [32m━━━━━[0m[37m━━━━━━━━━━━━━━━[0m [1m2s[0m 250ms/step
[1m 6/17[0m [32m━━━━━━━[0m[37m━━━━━━━━━━━━━[0m [1m2s[0m 252ms/step
[1m 7/17[0m [32m━━━━━━━━[0m[37m━━━━━━━━━━━━[0m [1m2s[0m 252ms/step
[1m 8/17[0m [32m━━━━━━━━━[0m[37m━━━━━━━━━━━[0m [1m2s[0m 253ms/step
[1m 9/17[0m [32m━━━━━━━━━━[0m[37m━━━━━━━━━━[0m [1m2s[0m 252ms/step
[1m10/17[0m [32m━━━━━━━━━━━[0m[37m━━━━━━━━━[0m [1m1s[0m 251ms/step
[1m11/17[0m [32m━━━━━━━━━━━━[0m[37m━━━━━━━━[0m [1m1s[0m 250ms/step
[1m12/17[0m [32m━━━━━━━━━━━━━━[0m[37m━━━━━━[0m [1m1s[0m 250ms/step
[1m13/17[0m [32m━━━━━━━━━━━━━━━[0m[37m━━━━━[0m [1m0s[0m 249ms/step
[1m14/17[0m [32m━━━━━━━━━━━━━━━━[0m[37m━━━━[0m [1m0s[0m 250ms/step
[1m15/17[0m [32m━━━━━━━━━━━━━━━━━[0m[37m━━━[0m [1m0s[0m 249ms/step
[1m16/17[0m [32m━━━━━━━━━━━━━━━━━━[0m[37m━━[0m [1m0s[0m 249ms/step
[1m17/17[0m [32m━━━━━━━━━━━━━━━━━━━━[0m[37m[0m [1m0s[0m 246ms/step
[1m17/17[0m [32m━━━━━━━━━━━━━━━━━━━━[0m[37m[0m [1m4s[0m 246ms/step

--- ANÁLISIS DE UMBRAL ÓPTIMO ---
Mejor Umbral detectado: 0.5022

Nueva Matriz de Confusión con Umbral Óptimo:
[[275  85]
 [ 17 155]]

Reporte de Clasificación:
              precision    recall  f1-score   support

           0       0.94      0.76      0.84       360
           1       0.65      0.90      0.75       172

    accuracy                           0.81       532
   macro avg       0.79      0.83      0.80       532
weighted avg       0.85      0.81      0.81       532


Auc: 0.8814276485788114
Umbral mas optimo:  0.5022336

[1m1/5[0m [32m━━━━[0m[37m━━━━━━━━━━━━━━━━[0m [1m1s[0m 280ms/step
[1m2/5[0m [32m━━━━━━━━[0m[37m━━━━━━━━━━━━[0m [1m0s[0m 259ms/step
[1m3/5[0m [32m━━━━━━━━━━━━[0m[37m━━━━━━━━[0m [1m0s[0m 258ms/step
[1m4/5[0m [32m━━━━━━━━━━━━━━━━[0m[37m━━━━[0m [1m0s[0m 255ms/step
[1m5/5[0m [32m━━━━━━━━━━━━━━━━━━━━[0m[37m[0m [1m1s[0m 202ms/step

✅ Reporte de Clasificación guardado en: C:\workspace\hd-image-pest-detection-cnn-and-rf\evaluation_results\CNN\RGB\binary_crossentropy\post_train_val\report_post_train_RGB_binary_crossentropy_20260716_1824_t50.json
✅ Matriz de Confusión guardada en: C:\workspace\hd-image-pest-detection-cnn-and-rf\evaluation_results\CNN\RGB\binary_crossentropy\post_train_val\report_post_train_RGB_binary_crossentropy_20260716_1824_t50_confusion.png
Matriz de confusión:
[[66 24]
 [ 4 39]]

--- RESUMEN DEL REPORTE DE CLASIFICACIÓN ---
              precision    recall  f1-score   support

       Plaga       0.94      0.73      0.82        90
        Sana       0.62      0.91      0.74        43

    accuracy                           0.79       133
   macro avg       0.78      0.82      0.78       133
weighted avg       0.84      0.79      0.80       133

✅ Reporte Markdown (Tabla) guardado en: C:\workspace\hd-image-pest-detection-cnn-and-rf\evaluation_results\CNN\RGB\binary_crossentropy\post_train_val\report_table_post_train_RGB_binary_crossentropy_20260716_1824_t50.md
✅ Curva ROC guardada en: C:\workspace\hd-image-pest-detection-cnn-and-rf\evaluation_results\CNN\RGB\binary_crossentropy\post_train_val\ROC_post_train_RGB_binary_crossentropy_20260716_1824_t0.502233624458313.png
ROC guardada en C:\workspace\hd-image-pest-detection-cnn-and-rf\evaluation_results\CNN\RGB\binary_crossentropy\post_train_val\ROC_data_post_train_RGB_binary_crossentropy_20260716_1824_t0.502233624458313.npz (AUC=0.8824)
