+ export PYTHONIOENCODING=utf-8
+ PYTHONIOENCODING=utf-8
+ export MPLBACKEND=Agg
+ MPLBACKEND=Agg
+ SAMPLE='D:\TTADDA_NARO_2021\TTADDA_NARO_2021_F1\drone_data\2021-05-25'
+ RGBFILE='D:\TTADDA_NARO_2021\TTADDA_NARO_2021_F1\drone_data\2021-05-25\20210525_rgb.tif'
+ ALLFOLDER='D:\TTADDA_NARO_2021\TTADDA_NARO_2021_F1\drone_data'
+ PY=./venv/Scripts/python.exe
+ for t in 0.45 0.50 0.70
+ ./venv/Scripts/python.exe -m pest_detection.cli.infer 'D:\TTADDA_NARO_2021\TTADDA_NARO_2021_F1\drone_data\2021-05-25' -m best_models/best_model_final_MULTIESPECTRAL_focal_loss.keras -t 0.45 -mt cnn
+ ./venv/Scripts/python.exe -m pest_detection.cli.infer 'D:\TTADDA_NARO_2021\TTADDA_NARO_2021_F1\drone_data\2021-05-25' -m best_models/best_model_final_MULTIESPECTRAL_binary_crossentropy.keras -t 0.45 -mt cnn
+ ./venv/Scripts/python.exe -m pest_detection.cli.infer 'D:\TTADDA_NARO_2021\TTADDA_NARO_2021_F1\drone_data\2021-05-25\20210525_rgb.tif' -m best_models/best_model_final_RGB_focal_loss.keras -t 0.45 -mt cnn
+ ./venv/Scripts/python.exe -m pest_detection.cli.infer 'D:\TTADDA_NARO_2021\TTADDA_NARO_2021_F1\drone_data\2021-05-25\20210525_rgb.tif' -m best_models/best_model_final_RGB_binary_crossentropy.keras -t 0.45 -mt cnn
+ for t in 0.45 0.50 0.70
+ ./venv/Scripts/python.exe -m pest_detection.cli.infer 'D:\TTADDA_NARO_2021\TTADDA_NARO_2021_F1\drone_data\2021-05-25' -m best_models/best_model_final_MULTIESPECTRAL_focal_loss.keras -t 0.50 -mt cnn
+ ./venv/Scripts/python.exe -m pest_detection.cli.infer 'D:\TTADDA_NARO_2021\TTADDA_NARO_2021_F1\drone_data\2021-05-25' -m best_models/best_model_final_MULTIESPECTRAL_binary_crossentropy.keras -t 0.50 -mt cnn
+ ./venv/Scripts/python.exe -m pest_detection.cli.infer 'D:\TTADDA_NARO_2021\TTADDA_NARO_2021_F1\drone_data\2021-05-25\20210525_rgb.tif' -m best_models/best_model_final_RGB_focal_loss.keras -t 0.50 -mt cnn
+ ./venv/Scripts/python.exe -m pest_detection.cli.infer 'D:\TTADDA_NARO_2021\TTADDA_NARO_2021_F1\drone_data\2021-05-25\20210525_rgb.tif' -m best_models/best_model_final_RGB_binary_crossentropy.keras -t 0.50 -mt cnn
+ for t in 0.45 0.50 0.70
+ ./venv/Scripts/python.exe -m pest_detection.cli.infer 'D:\TTADDA_NARO_2021\TTADDA_NARO_2021_F1\drone_data\2021-05-25' -m best_models/best_model_final_MULTIESPECTRAL_focal_loss.keras -t 0.70 -mt cnn
+ ./venv/Scripts/python.exe -m pest_detection.cli.infer 'D:\TTADDA_NARO_2021\TTADDA_NARO_2021_F1\drone_data\2021-05-25' -m best_models/best_model_final_MULTIESPECTRAL_binary_crossentropy.keras -t 0.70 -mt cnn
+ ./venv/Scripts/python.exe -m pest_detection.cli.infer 'D:\TTADDA_NARO_2021\TTADDA_NARO_2021_F1\drone_data\2021-05-25\20210525_rgb.tif' -m best_models/best_model_final_RGB_focal_loss.keras -t 0.70 -mt cnn
+ ./venv/Scripts/python.exe -m pest_detection.cli.infer 'D:\TTADDA_NARO_2021\TTADDA_NARO_2021_F1\drone_data\2021-05-25\20210525_rgb.tif' -m best_models/best_model_final_RGB_binary_crossentropy.keras -t 0.70 -mt cnn
++ ls best_models/best_model_final_random_forest_MULTIESPECTRAL_20260716_2105.joblib
++ tail -1
+ RF_MS=best_models/best_model_final_random_forest_MULTIESPECTRAL_20260716_2105.joblib
++ ls best_models/best_model_final_random_forest_RGB_20260716_2107.joblib
++ tail -1
+ RF_RGB=best_models/best_model_final_random_forest_RGB_20260716_2107.joblib
+ ./venv/Scripts/python.exe -m pest_detection.cli.infer 'D:\TTADDA_NARO_2021\TTADDA_NARO_2021_F1\drone_data\2021-05-25' -m best_models/best_model_final_random_forest_MULTIESPECTRAL_20260716_2105.joblib -mt rf -t 0.70 -l fl
+ ./venv/Scripts/python.exe -m pest_detection.cli.infer 'D:\TTADDA_NARO_2021\TTADDA_NARO_2021_F1\drone_data\2021-05-25' -m best_models/best_model_final_random_forest_MULTIESPECTRAL_20260716_2105.joblib -mt rf -t 0.70 -l bce
+ ./venv/Scripts/python.exe -m pest_detection.cli.infer 'D:\TTADDA_NARO_2021\TTADDA_NARO_2021_F1\drone_data\2021-05-25\20210525_rgb.tif' -m best_models/best_model_final_random_forest_RGB_20260716_2107.joblib -mt rf -t 0.70 -l fl
+ ./venv/Scripts/python.exe -m pest_detection.cli.infer 'D:\TTADDA_NARO_2021\TTADDA_NARO_2021_F1\drone_data\2021-05-25\20210525_rgb.tif' -m best_models/best_model_final_random_forest_RGB_20260716_2107.joblib -mt rf -t 0.70 -l bce
+ ./venv/Scripts/python.exe -m pest_detection.cli.infer 'D:\TTADDA_NARO_2021\TTADDA_NARO_2021_F1\drone_data' -m best_models/best_model_final_MULTIESPECTRAL_focal_loss.keras -mt cnn -t 0.70
+ echo ALL_INFER_DONE
ALL_INFER_DONE
