2026-07-16 21:41:19.427288: I tensorflow/core/util/port.cc:153] oneDNN custom operations are on. You may see slightly different numerical results due to floating-point round-off errors from different computation orders. To turn them off, set the environment variable `TF_ENABLE_ONEDNN_OPTS=0`.
2026-07-16 21:41:20.975409: I tensorflow/core/util/port.cc:153] oneDNN custom operations are on. You may see slightly different numerical results due to floating-point round-off errors from different computation orders. To turn them off, set the environment variable `TF_ENABLE_ONEDNN_OPTS=0`.
2026-07-16 21:41:22.275261: I tensorflow/core/platform/cpu_feature_guard.cc:210] This TensorFlow binary is optimized to use available CPU instructions in performance-critical operations.
To enable the following instructions: SSE3 SSE4.1 SSE4.2 AVX AVX2 AVX_VNNI FMA, in other operations, rebuild TensorFlow with the appropriate compiler flags.
C:\workspace\hd-image-pest-detection-cnn-and-rf\pest_detection\print_utils.py:67: UserWarning: FigureCanvasAgg is non-interactive, and thus cannot be shown
  plt.show(block=False)
C:\workspace\hd-image-pest-detection-cnn-and-rf\pest_detection\print_utils.py:68: UserWarning: FigureCanvasAgg is non-interactive, and thus cannot be shown
  plt.pause(0.001)

--- [Fecha/hora inicio=20260716_2141] ---

--- [T=0.00s] ---
init. 🚀 Modo: MULTIESPECTRAL | Arq: CNN | Config: focal_loss

--- [Fecha/hora inicio=20260716_2141] ---

--- [T=0.00s] ---
1. ⏳ Cargando modelo: best_model_final_MULTIESPECTRAL_focal_loss.keras

--- [Fecha/hora inicio=20260716_2141] ---

--- [T=0.00s] ---
1. ⏳ Cargando modelo desde: best_models/best_model_final_MULTIESPECTRAL_focal_loss.keras

--- [Fecha/hora inicio=20260716_2141] ---

--- [T=0.00s] ---
2. ✅ Modelo Keras cargado exitosamente desde best_models/best_model_final_MULTIESPECTRAL_focal_loss.keras

--- [Fecha/hora inicio=20260716_2141] ---

--- [T=0.14s] ---
2. 🔎 Procesando imágenes y realizando predicción...

--- [Fecha/hora inicio=20260716_2141] ---

--- [T=0.14s] ---
riop 1. 🔎 Buscando muestras en: D:\TTADDA_NARO_2021\TTADDA_NARO_2021_F1\drone_data

--- [Fecha/hora inicio=20260716_2141] ---

--- [T=0.14s] ---
riop 2. ✅ Se encontraron 19 muestras para procesar.

--- [Fecha/hora inicio=20260716_2141] ---

--- [T=0.14s] ---
riop 3. 🚀 Procesando muestra: 2021-05-18

--- [Fecha/hora inicio=20260716_2141] ---

--- [T=5.43s] ---
riop 3. 🚀 Procesando muestra: 2021-05-25

--- [Fecha/hora inicio=20260716_2141] ---

--- [T=10.20s] ---
riop 3. 🚀 Procesando muestra: 2021-06-01

--- [Fecha/hora inicio=20260716_2141] ---

--- [T=14.59s] ---
riop 3. 🚀 Procesando muestra: 2021-06-07

--- [Fecha/hora inicio=20260716_2141] ---

--- [T=19.45s] ---
riop 3. 🚀 Procesando muestra: 2021-06-14

--- [Fecha/hora inicio=20260716_2141] ---

--- [T=24.01s] ---
riop 3. 🚀 Procesando muestra: 2021-06-22

--- [Fecha/hora inicio=20260716_2141] ---

--- [T=28.77s] ---
riop 3. 🚀 Procesando muestra: 2021-06-29

--- [Fecha/hora inicio=20260716_2141] ---

--- [T=33.51s] ---
riop 3. 🚀 Procesando muestra: 2021-07-07

--- [Fecha/hora inicio=20260716_2141] ---

--- [T=36.88s] ---
riop 3. 🚀 Procesando muestra: 2021-07-13

--- [Fecha/hora inicio=20260716_2141] ---

--- [T=39.87s] ---
riop 3. 🚀 Procesando muestra: 2021-07-20

--- [Fecha/hora inicio=20260716_2141] ---

--- [T=42.60s] ---
riop 3. 🚀 Procesando muestra: 2021-07-27

--- [Fecha/hora inicio=20260716_2141] ---

--- [T=45.45s] ---
riop 3. 🚀 Procesando muestra: 2021-08-03

--- [Fecha/hora inicio=20260716_2141] ---

--- [T=48.24s] ---
riop 3. 🚀 Procesando muestra: 2021-08-11

--- [Fecha/hora inicio=20260716_2141] ---

--- [T=51.11s] ---
riop 3. 🚀 Procesando muestra: 2021-08-17

--- [Fecha/hora inicio=20260716_2141] ---

--- [T=53.93s] ---
riop 3. 🚀 Procesando muestra: 2021-08-31

--- [Fecha/hora inicio=20260716_2141] ---

--- [T=56.83s] ---
riop 3. 🚀 Procesando muestra: 2021-09-06

--- [Fecha/hora inicio=20260716_2141] ---

--- [T=59.77s] ---
riop 3. 🚀 Procesando muestra: 2021-09-14

--- [Fecha/hora inicio=20260716_2141] ---

--- [T=62.69s] ---
riop 3. 🚀 Procesando muestra: 2021-09-21

--- [Fecha/hora inicio=20260716_2141] ---

--- [T=67.34s] ---
riop 3. 🚀 Procesando muestra: 2021-09-28

--- [Fecha/hora inicio=20260716_2141] ---

--- [T=72.66s] ---
3. ✅ Inferencia completada. Procesados: 456 items.

--- [Fecha/hora inicio=20260716_2142] ---

--- [T=72.67s] ---
riop 5. 📂 JSON guardado en: C:\workspace\hd-image-pest-detection-cnn-and-rf\inference_results/CNN/focal_loss/MULTIESPECTRAL/0.7\results_MULTIESPECTRAL_focal_loss_t0.7_20260716_2142.json
📈 Gráfico de confianza guardado en: C:\workspace\hd-image-pest-detection-cnn-and-rf\inference_results/CNN/focal_loss/MULTIESPECTRAL/0.7\inference_confidence_plot_CNN_MULTIESPECTRAL_20260716_2141.png

--- [Fecha/hora inicio=20260716_2141] ---

--- [T=75.45s] ---
END. ✨ Proceso finalizado. Resultados en: C:\workspace\hd-image-pest-detection-cnn-and-rf\inference_results/CNN/focal_loss/MULTIESPECTRAL/0.7
