2026-07-16 21:51:31.182362: I tensorflow/core/util/port.cc:153] oneDNN custom operations are on. You may see slightly different numerical results due to floating-point round-off errors from different computation orders. To turn them off, set the environment variable `TF_ENABLE_ONEDNN_OPTS=0`.
2026-07-16 21:51:32.790575: I tensorflow/core/util/port.cc:153] oneDNN custom operations are on. You may see slightly different numerical results due to floating-point round-off errors from different computation orders. To turn them off, set the environment variable `TF_ENABLE_ONEDNN_OPTS=0`.
2026-07-16 21:51:34.398254: I tensorflow/core/platform/cpu_feature_guard.cc:210] This TensorFlow binary is optimized to use available CPU instructions in performance-critical operations.
To enable the following instructions: SSE3 SSE4.1 SSE4.2 AVX AVX2 AVX_VNNI FMA, in other operations, rebuild TensorFlow with the appropriate compiler flags.
C:\workspace\hd-image-pest-detection-cnn-and-rf\pest_detection\print_utils.py:67: UserWarning: FigureCanvasAgg is non-interactive, and thus cannot be shown
  plt.show(block=False)
C:\workspace\hd-image-pest-detection-cnn-and-rf\pest_detection\print_utils.py:68: UserWarning: FigureCanvasAgg is non-interactive, and thus cannot be shown
  plt.pause(0.001)

--- [Fecha/hora inicio=20260716_2151] ---

--- [T=0.00s] ---
init. 🚀 Modo: MULTIESPECTRAL | Arq: RANDOM_FOREST | Config: focal_loss

--- [Fecha/hora inicio=20260716_2151] ---

--- [T=0.00s] ---
1. ⏳ Cargando modelo: best_model_final_random_forest_MULTIESPECTRAL_20260716_2105.joblib

--- [Fecha/hora inicio=20260716_2151] ---

--- [T=0.36s] ---
1.1. ⏳ Cargando extractor de features desde: best_model_final_MULTIESPECTRAL_focal_loss.keras

--- [Fecha/hora inicio=20260716_2151] ---

--- [T=0.41s] ---
2. 🔎 Procesando imágenes y realizando predicción...

--- [Fecha/hora inicio=20260716_2151] ---

--- [T=0.41s] ---
riop 1. 🔎 Buscando muestras en: D:\TTADDA_NARO_2021\TTADDA_NARO_2021_F1\drone_data

--- [Fecha/hora inicio=20260716_2151] ---

--- [T=0.41s] ---
riop 2. ✅ Se encontraron 19 muestras para procesar.

--- [Fecha/hora inicio=20260716_2151] ---

--- [T=0.41s] ---
riop 3. 🚀 Procesando muestra: 2021-05-18

--- [Fecha/hora inicio=20260716_2151] ---

--- [T=4.33s] ---
riop 3. 🚀 Procesando muestra: 2021-05-25

--- [Fecha/hora inicio=20260716_2151] ---

--- [T=8.38s] ---
riop 3. 🚀 Procesando muestra: 2021-06-01

--- [Fecha/hora inicio=20260716_2151] ---

--- [T=12.03s] ---
riop 3. 🚀 Procesando muestra: 2021-06-07

--- [Fecha/hora inicio=20260716_2151] ---

--- [T=15.53s] ---
riop 3. 🚀 Procesando muestra: 2021-06-14

--- [Fecha/hora inicio=20260716_2151] ---

--- [T=19.20s] ---
riop 3. 🚀 Procesando muestra: 2021-06-22

--- [Fecha/hora inicio=20260716_2151] ---

--- [T=22.80s] ---
riop 3. 🚀 Procesando muestra: 2021-06-29

--- [Fecha/hora inicio=20260716_2151] ---

--- [T=26.53s] ---
riop 3. 🚀 Procesando muestra: 2021-07-07

--- [Fecha/hora inicio=20260716_2151] ---

--- [T=30.12s] ---
riop 3. 🚀 Procesando muestra: 2021-07-13

--- [Fecha/hora inicio=20260716_2151] ---

--- [T=33.59s] ---
riop 3. 🚀 Procesando muestra: 2021-07-20

--- [Fecha/hora inicio=20260716_2151] ---

--- [T=36.93s] ---
riop 3. 🚀 Procesando muestra: 2021-07-27

--- [Fecha/hora inicio=20260716_2151] ---

--- [T=40.60s] ---
riop 3. 🚀 Procesando muestra: 2021-08-03

--- [Fecha/hora inicio=20260716_2151] ---

--- [T=44.01s] ---
riop 3. 🚀 Procesando muestra: 2021-08-11

--- [Fecha/hora inicio=20260716_2151] ---

--- [T=47.46s] ---
riop 3. 🚀 Procesando muestra: 2021-08-17

--- [Fecha/hora inicio=20260716_2151] ---

--- [T=50.74s] ---
riop 3. 🚀 Procesando muestra: 2021-08-31

--- [Fecha/hora inicio=20260716_2151] ---

--- [T=54.06s] ---
riop 3. 🚀 Procesando muestra: 2021-09-06

--- [Fecha/hora inicio=20260716_2151] ---

--- [T=57.65s] ---
riop 3. 🚀 Procesando muestra: 2021-09-14

--- [Fecha/hora inicio=20260716_2151] ---

--- [T=61.16s] ---
riop 3. 🚀 Procesando muestra: 2021-09-21

--- [Fecha/hora inicio=20260716_2151] ---

--- [T=64.74s] ---
riop 3. 🚀 Procesando muestra: 2021-09-28

--- [Fecha/hora inicio=20260716_2151] ---

--- [T=68.15s] ---
3. ✅ Inferencia completada. Procesados: 456 items.

--- [Fecha/hora inicio=20260716_2152] ---

--- [T=68.16s] ---
riop 5. 📂 JSON guardado en: C:\workspace\hd-image-pest-detection-cnn-and-rf\inference_results/RANDOM_FOREST/focal_loss/MULTIESPECTRAL/0.5\results_MULTIESPECTRAL_focal_loss_t0.5_20260716_2152.json
📈 Gráfico de confianza guardado en: C:\workspace\hd-image-pest-detection-cnn-and-rf\inference_results/RANDOM_FOREST/focal_loss/MULTIESPECTRAL/0.5\inference_confidence_plot_RANDOM_FOREST_MULTIESPECTRAL_20260716_2151.png

--- [Fecha/hora inicio=20260716_2151] ---

--- [T=69.88s] ---
END. ✨ Proceso finalizado. Resultados en: C:\workspace\hd-image-pest-detection-cnn-and-rf\inference_results/RANDOM_FOREST/focal_loss/MULTIESPECTRAL/0.5
