2026-07-16 21:52:44.707313: I tensorflow/core/util/port.cc:153] oneDNN custom operations are on. You may see slightly different numerical results due to floating-point round-off errors from different computation orders. To turn them off, set the environment variable `TF_ENABLE_ONEDNN_OPTS=0`.
2026-07-16 21:52:46.239836: I tensorflow/core/util/port.cc:153] oneDNN custom operations are on. You may see slightly different numerical results due to floating-point round-off errors from different computation orders. To turn them off, set the environment variable `TF_ENABLE_ONEDNN_OPTS=0`.
2026-07-16 21:52:48.230067: I tensorflow/core/platform/cpu_feature_guard.cc:210] This TensorFlow binary is optimized to use available CPU instructions in performance-critical operations.
To enable the following instructions: SSE3 SSE4.1 SSE4.2 AVX AVX2 AVX_VNNI FMA, in other operations, rebuild TensorFlow with the appropriate compiler flags.
C:\workspace\hd-image-pest-detection-cnn-and-rf\pest_detection\print_utils.py:67: UserWarning: FigureCanvasAgg is non-interactive, and thus cannot be shown
  plt.show(block=False)
C:\workspace\hd-image-pest-detection-cnn-and-rf\pest_detection\print_utils.py:68: UserWarning: FigureCanvasAgg is non-interactive, and thus cannot be shown
  plt.pause(0.001)

--- [Fecha/hora inicio=20260716_2152] ---

--- [T=0.00s] ---
init. 🚀 Modo: RGB | Arq: RANDOM_FOREST | Config: focal_loss

--- [Fecha/hora inicio=20260716_2152] ---

--- [T=0.00s] ---
1. ⏳ Cargando modelo: best_model_final_random_forest_RGB_20260716_2107.joblib

--- [Fecha/hora inicio=20260716_2152] ---

--- [T=0.30s] ---
1.1. ⏳ Cargando extractor de features desde: best_model_final_RGB_focal_loss.keras

--- [Fecha/hora inicio=20260716_2152] ---

--- [T=0.34s] ---
2. 🔎 Procesando imágenes y realizando predicción...

--- [Fecha/hora inicio=20260716_2152] ---

--- [T=0.34s] ---
riop 1. 🔎 Buscando muestras en: D:\TTADDA_NARO_2021\TTADDA_NARO_2021_F1\drone_data

--- [Fecha/hora inicio=20260716_2152] ---

--- [T=0.34s] ---
riop 2. ✅ Se encontraron 19 muestras para procesar.

--- [Fecha/hora inicio=20260716_2152] ---

--- [T=0.34s] ---
riop 3. 🚀 Procesando muestra: 2021-05-18

--- [Fecha/hora inicio=20260716_2152] ---

--- [T=2.86s] ---
riop 3. 🚀 Procesando muestra: 2021-05-25

--- [Fecha/hora inicio=20260716_2152] ---

--- [T=5.04s] ---
riop 3. 🚀 Procesando muestra: 2021-06-01

--- [Fecha/hora inicio=20260716_2152] ---

--- [T=7.42s] ---
riop 3. 🚀 Procesando muestra: 2021-06-07

--- [Fecha/hora inicio=20260716_2152] ---

--- [T=9.76s] ---
riop 3. 🚀 Procesando muestra: 2021-06-14

--- [Fecha/hora inicio=20260716_2152] ---

--- [T=12.18s] ---
riop 3. 🚀 Procesando muestra: 2021-06-22

--- [Fecha/hora inicio=20260716_2152] ---

--- [T=14.60s] ---
riop 3. 🚀 Procesando muestra: 2021-06-29

--- [Fecha/hora inicio=20260716_2152] ---

--- [T=17.40s] ---
riop 3. 🚀 Procesando muestra: 2021-07-07

--- [Fecha/hora inicio=20260716_2152] ---

--- [T=19.74s] ---
riop 3. 🚀 Procesando muestra: 2021-07-13

--- [Fecha/hora inicio=20260716_2152] ---

--- [T=22.09s] ---
riop 3. 🚀 Procesando muestra: 2021-07-20

--- [Fecha/hora inicio=20260716_2152] ---

--- [T=24.44s] ---
riop 3. 🚀 Procesando muestra: 2021-07-27

--- [Fecha/hora inicio=20260716_2152] ---

--- [T=26.73s] ---
riop 3. 🚀 Procesando muestra: 2021-08-03

--- [Fecha/hora inicio=20260716_2152] ---

--- [T=29.08s] ---
riop 3. 🚀 Procesando muestra: 2021-08-11

--- [Fecha/hora inicio=20260716_2152] ---

--- [T=31.40s] ---
riop 3. 🚀 Procesando muestra: 2021-08-17

--- [Fecha/hora inicio=20260716_2152] ---

--- [T=33.85s] ---
riop 3. 🚀 Procesando muestra: 2021-08-31

--- [Fecha/hora inicio=20260716_2152] ---

--- [T=36.22s] ---
riop 3. 🚀 Procesando muestra: 2021-09-06

--- [Fecha/hora inicio=20260716_2152] ---

--- [T=38.57s] ---
riop 3. 🚀 Procesando muestra: 2021-09-14

--- [Fecha/hora inicio=20260716_2152] ---

--- [T=40.85s] ---
riop 3. 🚀 Procesando muestra: 2021-09-21

--- [Fecha/hora inicio=20260716_2152] ---

--- [T=43.15s] ---
riop 3. 🚀 Procesando muestra: 2021-09-28

--- [Fecha/hora inicio=20260716_2152] ---

--- [T=45.43s] ---
3. ✅ Inferencia completada. Procesados: 456 items.

--- [Fecha/hora inicio=20260716_2153] ---

--- [T=45.44s] ---
riop 5. 📂 JSON guardado en: C:\workspace\hd-image-pest-detection-cnn-and-rf\inference_results/RANDOM_FOREST/focal_loss/RGB/0.5\results_RGB_focal_loss_t0.5_20260716_2153.json
📈 Gráfico de confianza guardado en: C:\workspace\hd-image-pest-detection-cnn-and-rf\inference_results/RANDOM_FOREST/focal_loss/RGB/0.5\inference_confidence_plot_RANDOM_FOREST_RGB_20260716_2152.png

--- [Fecha/hora inicio=20260716_2152] ---

--- [T=47.14s] ---
END. ✨ Proceso finalizado. Resultados en: C:\workspace\hd-image-pest-detection-cnn-and-rf\inference_results/RANDOM_FOREST/focal_loss/RGB/0.5
