Modelo cnn binary_crossentropy | RGB? True | alpha 0.5 | gamma 3.0

--- [Fecha/hora inicio=20260716_1617] ---

--- [T=0.00s] ---
init. Iniciando entrenamiento RGB con perdida Binary Crossentropy

--- [Fecha/hora inicio=20260716_1617] ---

--- [T=0.00s] ---
1. 1. Extrayendo datos

--- [Fecha/hora inicio=20260716_1617] ---

--- [T=0.13s] ---
1. Carga de datos cnn RGB

--- [Fecha/hora inicio=20260716_1617] ---

--- [T=0.20s] ---
2. Filtrado y extracción de datos

--- [Fecha/hora inicio=20260716_1617] ---

--- [T=0.20s] ---
2.1. Iniciando procesamiento de 665 imágenes etiquetadas...

--- [Fecha/hora inicio=20260716_1617] ---

--- [T=0.20s] ---
2.2. Archivos seleccionados: ['RGB.tif']

--- [Fecha/hora inicio=20260716_1617] ---

--- [T=0.00s] ---
7. Extracción de imágenes completada.

Datos listos para entrenamiento. Total de muestras: 665

Resumen de Datos Multiespectrales:
Total de parches extraídos: 665
X Train/Val Split: 532 / 133
Y Train/Val Split: 532 / 133
Forma X_train: (532, 224, 224, 3)
Forma Y_train: (532,)
Shape train: (532, 224, 224, 3)
Pesos de Clase Calculados: Plaga (0): 1.11, Sana (1): 1.55
------------------------------
DEBUG - Conteo: Plaga: 360, Sana: 172
RESULTADO - Pesos Finales: Plaga (0): 1.11, Sana (1): 1.55
------------------------------
Epoch 1/80

[1m 1/17[0m [32m━[0m[37m━━━━━━━━━━━━━━━━━━━[0m [1m52s[0m 3s/step - accuracy: 0.2812 - auc: 0.3295 - loss: 0.8798 - precision: 0.2903 - recall: 0.9000
[1m 2/17[0m [32m━━[0m[37m━━━━━━━━━━━━━━━━━━[0m [1m20s[0m 1s/step - accuracy: 0.2812 - auc: 0.3738 - loss: 0.8759 - precision: 0.2880 - recall: 0.9237
[1m 3/17[0m [32m━━━[0m[37m━━━━━━━━━━━━━━━━━[0m [1m19s[0m 1s/step - accuracy: 0.3056 - auc: 0.4030 - loss: 0.8773 - precision: 0.3067 - recall: 0.9390
[1m 4/17[0m [32m━━━━[0m[37m━━━━━━━━━━━━━━━━[0m [1m18s[0m 1s/step - accuracy: 0.3249 - auc: 0.4343 - loss: 0.8783 - precision: 0.3204 - recall: 0.9380
[1m 5/17[0m [32m━━━━━[0m[37m━━━━━━━━━━━━━━━[0m [1m16s[0m 1s/step - accuracy: 0.3424 - auc: 0.4635 - loss: 0.8783 - precision: 0.3308 - recall: 0.9398
[1m 6/17[0m [32m━━━━━━━[0m[37m━━━━━━━━━━━━━[0m [1m15s[0m 1s/step - accuracy: 0.3574 - auc: 0.4847 - loss: 0.8780 - precision: 0.3385 - recall: 0.9376
[1m 7/17[0m [32m━━━━━━━━[0m[37m━━━━━━━━━━━━[0m [1m14s[0m 1s/step - accuracy: 0.3682 - auc: 0.5033 - loss: 0.8766 - precision: 0.3413 - recall: 0.9367
[1m 8/17[0m [32m━━━━━━━━━[0m[37m━━━━━━━━━━━[0m [1m12s[0m 1s/step - accuracy: 0.3788 - auc: 0.5173 - loss: 0.8755 - precision: 0.3444 - recall: 0.9371
[1m 9/17[0m [32m━━━━━━━━━━[0m[37m━━━━━━━━━━[0m [1m11s[0m 1s/step - accuracy: 0.3911 - auc: 0.5306 - loss: 0.8747 - precision: 0.3496 - recall: 0.9361
[1m10/17[0m [32m━━━━━━━━━━━[0m[37m━━━━━━━━━[0m [1m9s[0m 1s/step - accuracy: 0.4011 - auc: 0.5422 - loss: 0.8740 - precision: 0.3536 - recall: 0.9350 
[1m11/17[0m [32m━━━━━━━━━━━━[0m[37m━━━━━━━━[0m [1m8s[0m 1s/step - accuracy: 0.4106 - auc: 0.5539 - loss: 0.8731 - precision: 0.3570 - recall: 0.9338
[1m12/17[0m [32m━━━━━━━━━━━━━━[0m[37m━━━━━━[0m [1m7s[0m 1s/step - accuracy: 0.4204 - auc: 0.5659 - loss: 0.8723 - precision: 0.3610 - recall: 0.9334
[1m13/17[0m [32m━━━━━━━━━━━━━━━[0m[37m━━━━━[0m [1m5s[0m 1s/step - accuracy: 0.4295 - auc: 0.5761 - loss: 0.8716 - precision: 0.3651 - recall: 0.9318
[1m14/17[0m [32m━━━━━━━━━━━━━━━━[0m[37m━━━━[0m [1m4s[0m 1s/step - accuracy: 0.4380 - auc: 0.5849 - loss: 0.8711 - precision: 0.3689 - recall: 0.9296
[1m15/17[0m [32m━━━━━━━━━━━━━━━━━[0m[37m━━━[0m [1m2s[0m 1s/step - accuracy: 0.4461 - auc: 0.5922 - loss: 0.8704 - precision: 0.3721 - recall: 0.9266
[1m16/17[0m [32m━━━━━━━━━━━━━━━━━━[0m[37m━━[0m [1m1s[0m 1s/step - accuracy: 0.4535 - auc: 0.5996 - loss: 0.8697 - precision: 0.3749 - recall: 0.9243
[1m17/17[0m [32m━━━━━━━━━━━━━━━━━━━━[0m[37m[0m [1m0s[0m 1s/step - accuracy: 0.4604 - auc: 0.6060 - loss: 0.8690 - precision: 0.3777 - recall: 0.9216
Epoch 1: val_recall improved from None to 0.00000, saving model to C:\workspace\hd-image-pest-detection-cnn-and-rf\best_models\best_model_final_RGB_binary_crossentropy.keras

[1m17/17[0m [32m━━━━━━━━━━━━━━━━━━━━[0m[37m[0m [1m27s[0m 1s/step - accuracy: 0.5714 - auc: 0.7089 - loss: 0.8585 - precision: 0.4218 - recall: 0.8779 - val_accuracy: 0.6767 - val_auc: 0.5000 - val_loss: 0.6921 - val_precision: 0.0000e+00 - val_recall: 0.0000e+00 - learning_rate: 1.0000e-04
Epoch 2/80

[1m 1/17[0m [32m━[0m[37m━━━━━━━━━━━━━━━━━━━[0m [1m23s[0m 1s/step - accuracy: 0.7812 - auc: 0.8500 - loss: 0.8389 - precision: 0.5882 - recall: 1.0000
[1m 2/17[0m [32m━━[0m[37m━━━━━━━━━━━━━━━━━━[0m [1m21s[0m 1s/step - accuracy: 0.8125 - auc: 0.8703 - loss: 0.8317 - precision: 0.6217 - recall: 1.0000
[1m 3/17[0m [32m━━━[0m[37m━━━━━━━━━━━━━━━━━[0m [1m20s[0m 1s/step - accuracy: 0.8264 - auc: 0.8733 - loss: 0.8341 - precision: 0.6515 - recall: 0.9899
[1m 4/17[0m [32m━━━━[0m[37m━━━━━━━━━━━━━━━━[0m [1m18s[0m 1s/step - accuracy: 0.8249 - auc: 0.8647 - loss: 0.8365 - precision: 0.6608 - recall: 0.9707
[1m 5/17[0m [32m━━━━━[0m[37m━━━━━━━━━━━━━━━[0m [1m17s[0m 1s/step - accuracy: 0.8249 - auc: 0.8617 - loss: 0.8374 - precision: 0.6663 - recall: 0.9625
[1m 6/17[0m [32m━━━━━━━[0m[37m━━━━━━━━━━━━━[0m [1m15s[0m 1s/step - accuracy: 0.8185 - auc: 0.8521 - loss: 0.8384 - precision: 0.6633 - recall: 0.9467
[1m 7/17[0m [32m━━━━━━━━[0m[37m━━━━━━━━━━━━[0m [1m14s[0m 1s/step - accuracy: 0.8106 - auc: 0.8428 - loss: 0.8380 - precision: 0.6540 - recall: 0.9308
[1m 8/17[0m [32m━━━━━━━━━[0m[37m━━━━━━━━━━━[0m [1m13s[0m 1s/step - accuracy: 0.8030 - auc: 0.8334 - loss: 0.8379 - precision: 0.6450 - recall: 0.9154
[1m 9/17[0m [32m━━━━━━━━━━[0m[37m━━━━━━━━━━[0m [1m11s[0m 1s/step - accuracy: 0.7975 - auc: 0.8276 - loss: 0.8379 - precision: 0.6400 - recall: 0.9030
[1m10/17[0m [32m━━━━━━━━━━━[0m[37m━━━━━━━━━[0m [1m10s[0m 1s/step - accuracy: 0.7922 - auc: 0.8215 - loss: 0.8378 - precision: 0.6347 - recall: 0.8922
[1m11/17[0m [32m━━━━━━━━━━━━[0m[37m━━━━━━━━[0m [1m8s[0m 1s/step - accuracy: 0.7883 - auc: 0.8177 - loss: 0.8374 - precision: 0.6301 - recall: 0.8846 
[1m12/17[0m [32m━━━━━━━━━━━━━━[0m[37m━━━━━━[0m [1m7s[0m 1s/step - accuracy: 0.7851 - auc: 0.8147 - loss: 0.8369 - precision: 0.6266 - recall: 0.8777
[1m13/17[0m [32m━━━━━━━━━━━━━━━[0m[37m━━━━━[0m [1m5s[0m 1s/step - accuracy: 0.7821 - auc: 0.8117 - loss: 0.8366 - precision: 0.6237 - recall: 0.8705
[1m14/17[0m [32m━━━━━━━━━━━━━━━━[0m[37m━━━━[0m [1m4s[0m 1s/step - accuracy: 0.7790 - auc: 0.8086 - loss: 0.8364 - precision: 0.6208 - recall: 0.8635
[1m15/17[0m [32m━━━━━━━━━━━━━━━━━[0m[37m━━━[0m [1m2s[0m 1s/step - accuracy: 0.7761 - auc: 0.8053 - loss: 0.8359 - precision: 0.6174 - recall: 0.8564
[1m16/17[0m [32m━━━━━━━━━━━━━━━━━━[0m[37m━━[0m [1m1s[0m 1s/step - accuracy: 0.7737 - auc: 0.8027 - loss: 0.8354 - precision: 0.6145 - recall: 0.8498
[1m17/17[0m [32m━━━━━━━━━━━━━━━━━━━━[0m[37m[0m [1m0s[0m 1s/step - accuracy: 0.7714 - auc: 0.8002 - loss: 0.8350 - precision: 0.6119 - recall: 0.8433
Epoch 2: val_recall did not improve from 0.00000

[1m17/17[0m [32m━━━━━━━━━━━━━━━━━━━━[0m[37m[0m [1m25s[0m 1s/step - accuracy: 0.7350 - auc: 0.7606 - loss: 0.8279 - precision: 0.5695 - recall: 0.7384 - val_accuracy: 0.6767 - val_auc: 0.5000 - val_loss: 0.6902 - val_precision: 0.0000e+00 - val_recall: 0.0000e+00 - learning_rate: 1.0000e-04
Epoch 3/80

[1m 1/17[0m [32m━[0m[37m━━━━━━━━━━━━━━━━━━━[0m [1m23s[0m 1s/step - accuracy: 0.8125 - auc: 0.8659 - loss: 0.7950 - precision: 0.7500 - recall: 0.6000
[1m 2/17[0m [32m━━[0m[37m━━━━━━━━━━━━━━━━━━[0m [1m23s[0m 2s/step - accuracy: 0.8203 - auc: 0.8686 - loss: 0.7874 - precision: 0.7361 - recall: 0.6421
[1m 3/17[0m [32m━━━[0m[37m━━━━━━━━━━━━━━━━━[0m [1m22s[0m 2s/step - accuracy: 0.8212 - auc: 0.8684 - loss: 0.7893 - precision: 0.7463 - recall: 0.6604
[1m 4/17[0m [32m━━━━[0m[37m━━━━━━━━━━━━━━━━[0m [1m20s[0m 2s/step - accuracy: 0.8092 - auc: 0.8607 - loss: 0.7916 - precision: 0.7392 - recall: 0.6475
[1m 5/17[0m [32m━━━━━[0m[37m━━━━━━━━━━━━━━━[0m [1m18s[0m 2s/step - accuracy: 0.8011 - auc: 0.8559 - loss: 0.7924 - precision: 0.7314 - recall: 0.6408
[1m 6/17[0m [32m━━━━━━━[0m[37m━━━━━━━━━━━━━[0m [1m16s[0m 1s/step - accuracy: 0.7926 - auc: 0.8487 - loss: 0.7935 - precision: 0.7197 - recall: 0.6345
[1m 7/17[0m [32m━━━━━━━━[0m[37m━━━━━━━━━━━━[0m [1m14s[0m 1s/step - accuracy: 0.7853 - auc: 0.8417 - loss: 0.7930 - precision: 0.7034 - recall: 0.6280
[1m 8/17[0m [32m━━━━━━━━━[0m[37m━━━━━━━━━━━[0m [1m13s[0m 1s/step - accuracy: 0.7789 - auc: 0.8350 - loss: 0.7927 - precision: 0.6898 - recall: 0.6203
[1m 9/17[0m [32m━━━━━━━━━━[0m[37m━━━━━━━━━━[0m [1m11s[0m 1s/step - accuracy: 0.7749 - auc: 0.8301 - loss: 0.7928 - precision: 0.6828 - recall: 0.6166
[1m10/17[0m [32m━━━━━━━━━━━[0m[37m━━━━━━━━━[0m [1m10s[0m 1s/step - accuracy: 0.7709 - auc: 0.8256 - loss: 0.7931 - precision: 0.6749 - recall: 0.6148
[1m11/17[0m [32m━━━━━━━━━━━━[0m[37m━━━━━━━━[0m [1m8s[0m 1s/step - accuracy: 0.7679 - auc: 0.8222 - loss: 0.7928 - precision: 0.6681 - recall: 0.6134 
[1m12/17[0m [32m━━━━━━━━━━━━━━[0m[37m━━━━━━[0m [1m7s[0m 1s/step - accuracy: 0.7656 - auc: 0.8199 - loss: 0.7923 - precision: 0.6625 - recall: 0.6133
[1m13/17[0m [32m━━━━━━━━━━━━━━━[0m[37m━━━━━[0m [1m5s[0m 1s/step - accuracy: 0.7640 - auc: 0.8184 - loss: 0.7918 - precision: 0.6593 - recall: 0.6131
[1m14/17[0m [32m━━━━━━━━━━━━━━━━[0m[37m━━━━[0m [1m4s[0m 1s/step - accuracy: 0.7625 - auc: 0.8168 - loss: 0.7914 - precision: 0.6567 - recall: 0.6117
[1m15/17[0m [32m━━━━━━━━━━━━━━━━━[0m[37m━━━[0m [1m2s[0m 1s/step - accuracy: 0.7611 - auc: 0.8148 - loss: 0.7907 - precision: 0.6533 - recall: 0.6098
[1m16/17[0m [32m━━━━━━━━━━━━━━━━━━[0m[37m━━[0m [1m1s[0m 1s/step - accuracy: 0.7603 - auc: 0.8136 - loss: 0.7898 - precision: 0.6507 - recall: 0.6092
[1m17/17[0m [32m━━━━━━━━━━━━━━━━━━━━[0m[37m[0m [1m0s[0m 1s/step - accuracy: 0.7595 - auc: 0.8126 - loss: 0.7891 - precision: 0.6483 - recall: 0.6082
Epoch 3: val_recall did not improve from 0.00000

[1m17/17[0m [32m━━━━━━━━━━━━━━━━━━━━[0m[37m[0m [1m26s[0m 2s/step - accuracy: 0.7462 - auc: 0.7961 - loss: 0.7767 - precision: 0.6108 - recall: 0.5930 - val_accuracy: 0.6767 - val_auc: 0.5000 - val_loss: 0.6881 - val_precision: 0.0000e+00 - val_recall: 0.0000e+00 - learning_rate: 1.0000e-04
Epoch 4/80

[1m 1/17[0m [32m━[0m[37m━━━━━━━━━━━━━━━━━━━[0m [1m23s[0m 1s/step - accuracy: 0.8125 - auc: 0.8818 - loss: 0.7008 - precision: 0.7500 - recall: 0.6000
[1m 2/17[0m [32m━━[0m[37m━━━━━━━━━━━━━━━━━━[0m [1m21s[0m 1s/step - accuracy: 0.8359 - auc: 0.8807 - loss: 0.6974 - precision: 0.7639 - recall: 0.6684
[1m 3/17[0m [32m━━━[0m[37m━━━━━━━━━━━━━━━━━[0m [1m19s[0m 1s/step - accuracy: 0.8351 - auc: 0.8816 - loss: 0.7007 - precision: 0.7673 - recall: 0.6880
[1m 4/17[0m [32m━━━━[0m[37m━━━━━━━━━━━━━━━━[0m [1m18s[0m 1s/step - accuracy: 0.8236 - auc: 0.8756 - loss: 0.7062 - precision: 0.7557 - recall: 0.6845
[1m 5/17[0m [32m━━━━━[0m[37m━━━━━━━━━━━━━━━[0m [1m17s[0m 1s/step - accuracy: 0.8151 - auc: 0.8720 - loss: 0.7097 - precision: 0.7453 - recall: 0.6809
[1m 6/17[0m [32m━━━━━━━[0m[37m━━━━━━━━━━━━━[0m [1m15s[0m 1s/step - accuracy: 0.8069 - auc: 0.8639 - loss: 0.7147 - precision: 0.7339 - recall: 0.6753
[1m 7/17[0m [32m━━━━━━━━[0m[37m━━━━━━━━━━━━[0m [1m14s[0m 1s/step - accuracy: 0.7994 - auc: 0.8556 - loss: 0.7173 - precision: 0.7179 - recall: 0.6688
[1m 8/17[0m [32m━━━━━━━━━[0m[37m━━━━━━━━━━━[0m [1m12s[0m 1s/step - accuracy: 0.7932 - auc: 0.8472 - loss: 0.7201 - precision: 0.7050 - recall: 0.6620
[1m 9/17[0m [32m━━━━━━━━━━[0m[37m━━━━━━━━━━[0m [1m11s[0m 1s/step - accuracy: 0.7880 - auc: 0.8413 - loss: 0.7223 - precision: 0.6964 - recall: 0.6561
[1m10/17[0m [32m━━━━━━━━━━━[0m[37m━━━━━━━━━[0m [1m10s[0m 1s/step - accuracy: 0.7830 - auc: 0.8360 - loss: 0.7241 - precision: 0.6875 - recall: 0.6512
[1m11/17[0m [32m━━━━━━━━━━━━[0m[37m━━━━━━━━[0m [1m9s[0m 2s/step - accuracy: 0.7797 - auc: 0.8319 - loss: 0.7252 - precision: 0.6806 - recall: 0.6481 
[1m12/17[0m [32m━━━━━━━━━━━━━━[0m[37m━━━━━━[0m [1m7s[0m 2s/step - accuracy: 0.7772 - auc: 0.8290 - loss: 0.7256 - precision: 0.6752 - recall: 0.6470
[1m13/17[0m [32m━━━━━━━━━━━━━━━[0m[37m━━━━━[0m [1m6s[0m 2s/step - accuracy: 0.7751 - auc: 0.8262 - loss: 0.7264 - precision: 0.6714 - recall: 0.6454
[1m14/17[0m [32m━━━━━━━━━━━━━━━━[0m[37m━━━━[0m [1m4s[0m 2s/step - accuracy: 0.7730 - auc: 0.8237 - loss: 0.7270 - precision: 0.6677 - recall: 0.6436
[1m15/17[0m [32m━━━━━━━━━━━━━━━━━[0m[37m━━━[0m [1m3s[0m 2s/step - accuracy: 0.7711 - auc: 0.8212 - loss: 0.7272 - precision: 0.6635 - recall: 0.6413
[1m16/17[0m [32m━━━━━━━━━━━━━━━━━━[0m[37m━━[0m [1m1s[0m 2s/step - accuracy: 0.7694 - auc: 0.8193 - loss: 0.7270 - precision: 0.6596 - recall: 0.6395
[1m17/17[0m [32m━━━━━━━━━━━━━━━━━━━━[0m[37m[0m [1m0s[0m 2s/step - accuracy: 0.7677 - auc: 0.8177 - loss: 0.7269 - precision: 0.6560 - recall: 0.6374
Epoch 4: val_recall did not improve from 0.00000

[1m17/17[0m [32m━━━━━━━━━━━━━━━━━━━━[0m[37m[0m [1m31s[0m 2s/step - accuracy: 0.7406 - auc: 0.7907 - loss: 0.7254 - precision: 0.5977 - recall: 0.6047 - val_accuracy: 0.6767 - val_auc: 0.5000 - val_loss: 0.6863 - val_precision: 0.0000e+00 - val_recall: 0.0000e+00 - learning_rate: 1.0000e-04
Epoch 5/80

[1m 1/17[0m [32m━[0m[37m━━━━━━━━━━━━━━━━━━━[0m [1m3:13[0m 12s/step - accuracy: 0.7500 - auc: 0.8477 - loss: 0.6851 - precision: 0.6000 - recall: 0.6000
[1m 2/17[0m [32m━━[0m[37m━━━━━━━━━━━━━━━━━━[0m [1m25s[0m 2s/step - accuracy: 0.7734 - auc: 0.8525 - loss: 0.6687 - precision: 0.6250 - recall: 0.6421  
[1m 3/17[0m [32m━━━[0m[37m━━━━━━━━━━━━━━━━━[0m [1m23s[0m 2s/step - accuracy: 0.7830 - auc: 0.8602 - loss: 0.6614 - precision: 0.6520 - recall: 0.6705
[1m 4/17[0m [32m━━━━[0m[37m━━━━━━━━━━━━━━━━[0m [1m22s[0m 2s/step - accuracy: 0.7826 - auc: 0.8603 - loss: 0.6631 - precision: 0.6629 - recall: 0.6768
[1m 5/17[0m [32m━━━━━[0m[37m━━━━━━━━━━━━━━━[0m [1m21s[0m 2s/step - accuracy: 0.7835 - auc: 0.8616 - loss: 0.6626 - precision: 0.6693 - recall: 0.6853
[1m 6/17[0m [32m━━━━━━━[0m[37m━━━━━━━━━━━━━[0m [1m20s[0m 2s/step - accuracy: 0.7797 - auc: 0.8580 - loss: 0.6649 - precision: 0.6673 - recall: 0.6838
[1m 7/17[0m [32m━━━━━━━━[0m[37m━━━━━━━━━━━━[0m [1m18s[0m 2s/step - accuracy: 0.7761 - auc: 0.8538 - loss: 0.6661 - precision: 0.6599 - recall: 0.6801
[1m 8/17[0m [32m━━━━━━━━━[0m[37m━━━━━━━━━━━[0m [1m16s[0m 2s/step - accuracy: 0.7728 - auc: 0.8490 - loss: 0.6682 - precision: 0.6535 - recall: 0.6749
[1m 9/17[0m [32m━━━━━━━━━━[0m[37m━━━━━━━━━━[0m [1m14s[0m 2s/step - accuracy: 0.7707 - auc: 0.8456 - loss: 0.6702 - precision: 0.6509 - recall: 0.6721
[1m10/17[0m [32m━━━━━━━━━━━[0m[37m━━━━━━━━━[0m [1m12s[0m 2s/step - accuracy: 0.7680 - auc: 0.8413 - loss: 0.6728 - precision: 0.6467 - recall: 0.6703
[1m11/17[0m [32m━━━━━━━━━━━━[0m[37m━━━━━━━━[0m [1m10s[0m 2s/step - accuracy: 0.7658 - auc: 0.8379 - loss: 0.6745 - precision: 0.6426 - recall: 0.6678
[1m12/17[0m [32m━━━━━━━━━━━━━━[0m[37m━━━━━━[0m [1m8s[0m 2s/step - accuracy: 0.7647 - auc: 0.8358 - loss: 0.6751 - precision: 0.6403 - recall: 0.6671 
[1m13/17[0m [32m━━━━━━━━━━━━━━━[0m[37m━━━━━[0m [1m7s[0m 2s/step - accuracy: 0.7640 - auc: 0.8338 - loss: 0.6760 - precision: 0.6392 - recall: 0.6667
[1m14/17[0m [32m━━━━━━━━━━━━━━━━[0m[37m━━━━[0m [1m5s[0m 2s/step - accuracy: 0.7628 - auc: 0.8315 - loss: 0.6773 - precision: 0.6379 - recall: 0.6643
[1m15/17[0m [32m━━━━━━━━━━━━━━━━━[0m[37m━━━[0m [1m3s[0m 2s/step - accuracy: 0.7618 - auc: 0.8295 - loss: 0.6780 - precision: 0.6359 - recall: 0.6619
[1m16/17[0m [32m━━━━━━━━━━━━━━━━━━[0m[37m━━[0m [1m1s[0m 2s/step - accuracy: 0.7611 - auc: 0.8277 - loss: 0.6785 - precision: 0.6342 - recall: 0.6599
[1m17/17[0m [32m━━━━━━━━━━━━━━━━━━━━[0m[37m[0m [1m0s[0m 2s/step - accuracy: 0.7604 - auc: 0.8262 - loss: 0.6790 - precision: 0.6328 - recall: 0.6580
Epoch 5: val_recall did not improve from 0.00000

[1m17/17[0m [32m━━━━━━━━━━━━━━━━━━━━[0m[37m[0m [1m42s[0m 2s/step - accuracy: 0.7500 - auc: 0.8011 - loss: 0.6874 - precision: 0.6102 - recall: 0.6279 - val_accuracy: 0.6767 - val_auc: 0.5000 - val_loss: 0.6832 - val_precision: 0.0000e+00 - val_recall: 0.0000e+00 - learning_rate: 1.0000e-04
Epoch 6/80

[1m 1/17[0m [32m━[0m[37m━━━━━━━━━━━━━━━━━━━[0m [1m34s[0m 2s/step - accuracy: 0.8438 - auc: 0.8818 - loss: 0.6068 - precision: 0.7273 - recall: 0.8000
[1m 2/17[0m [32m━━[0m[37m━━━━━━━━━━━━━━━━━━[0m [1m30s[0m 2s/step - accuracy: 0.8594 - auc: 0.8813 - loss: 0.6019 - precision: 0.7584 - recall: 0.7947
[1m 3/17[0m [32m━━━[0m[37m━━━━━━━━━━━━━━━━━[0m [1m26s[0m 2s/step - accuracy: 0.8681 - auc: 0.8866 - loss: 0.5992 - precision: 0.7801 - recall: 0.8127
[1m 4/17[0m [32m━━━━[0m[37m━━━━━━━━━━━━━━━━[0m [1m23s[0m 2s/step - accuracy: 0.8639 - auc: 0.8888 - loss: 0.5993 - precision: 0.7851 - recall: 0.8051
[1m 5/17[0m [32m━━━━━[0m[37m━━━━━━━━━━━━━━━[0m [1m22s[0m 2s/step - accuracy: 0.8574 - auc: 0.8902 - loss: 0.5995 - precision: 0.7781 - recall: 0.8020
[1m 6/17[0m [32m━━━━━━━[0m[37m━━━━━━━━━━━━━[0m [1m21s[0m 2s/step - accuracy: 0.8499 - auc: 0.8861 - loss: 0.6036 - precision: 0.7687 - recall: 0.7958
[1m 7/17[0m [32m━━━━━━━━[0m[37m━━━━━━━━━━━━[0m [1m19s[0m 2s/step - accuracy: 0.8427 - auc: 0.8812 - loss: 0.6071 - precision: 0.7547 - recall: 0.7897
[1m 8/17[0m [32m━━━━━━━━━[0m[37m━━━━━━━━━━━[0m [1m18s[0m 2s/step - accuracy: 0.8360 - auc: 0.8760 - loss: 0.6107 - precision: 0.7424 - recall: 0.7829
[1m 9/17[0m [32m━━━━━━━━━━[0m[37m━━━━━━━━━━[0m [1m15s[0m 2s/step - accuracy: 0.8303 - auc: 0.8711 - loss: 0.6151 - precision: 0.7340 - recall: 0.7761
[1m10/17[0m [32m━━━━━━━━━━━[0m[37m━━━━━━━━━[0m [1m13s[0m 2s/step - accuracy: 0.8244 - auc: 0.8661 - loss: 0.6192 - precision: 0.7247 - recall: 0.7704
[1m11/17[0m [32m━━━━━━━━━━━━[0m[37m━━━━━━━━[0m [1m11s[0m 2s/step - accuracy: 0.8195 - auc: 0.8625 - loss: 0.6219 - precision: 0.7160 - recall: 0.7660
[1m12/17[0m [32m━━━━━━━━━━━━━━[0m[37m━━━━━━[0m [1m9s[0m 2s/step - accuracy: 0.8161 - auc: 0.8600 - loss: 0.6236 - precision: 0.7100 - recall: 0.7630 
[1m13/17[0m [32m━━━━━━━━━━━━━━━[0m[37m━━━━━[0m [1m7s[0m 2s/step - accuracy: 0.8132 - auc: 0.8581 - loss: 0.6250 - precision: 0.7058 - recall: 0.7591
[1m14/17[0m [32m━━━━━━━━━━━━━━━━[0m[37m━━━━[0m [1m5s[0m 2s/step - accuracy: 0.8106 - auc: 0.8561 - loss: 0.6267 - precision: 0.7021 - recall: 0.7554
[1m15/17[0m [32m━━━━━━━━━━━━━━━━━[0m[37m━━━[0m [1m3s[0m 2s/step - accuracy: 0.8084 - auc: 0.8541 - loss: 0.6279 - precision: 0.6982 - recall: 0.7520
[1m16/17[0m [32m━━━━━━━━━━━━━━━━━━[0m[37m━━[0m [1m2s[0m 2s/step - accuracy: 0.8067 - auc: 0.8526 - loss: 0.6288 - precision: 0.6950 - recall: 0.7493
[1m17/17[0m [32m━━━━━━━━━━━━━━━━━━━━[0m[37m[0m [1m0s[0m 2s/step - accuracy: 0.8051 - auc: 0.8511 - loss: 0.6297 - precision: 0.6921 - recall: 0.7466
Epoch 6: val_recall did not improve from 0.00000

[1m17/17[0m [32m━━━━━━━━━━━━━━━━━━━━[0m[37m[0m [1m36s[0m 2s/step - accuracy: 0.7801 - auc: 0.8277 - loss: 0.6446 - precision: 0.6471 - recall: 0.7035 - val_accuracy: 0.6767 - val_auc: 0.5000 - val_loss: 0.6796 - val_precision: 0.0000e+00 - val_recall: 0.0000e+00 - learning_rate: 1.0000e-04
Epoch 7/80

[1m 1/17[0m [32m━[0m[37m━━━━━━━━━━━━━━━━━━━[0m [1m1:45[0m 7s/step - accuracy: 0.7812 - auc: 0.8591 - loss: 0.6008 - precision: 0.7143 - recall: 0.5000
[1m 2/17[0m [32m━━[0m[37m━━━━━━━━━━━━━━━━━━[0m [1m28s[0m 2s/step - accuracy: 0.8125 - auc: 0.8801 - loss: 0.5715 - precision: 0.7395 - recall: 0.5921 
[1m 3/17[0m [32m━━━[0m[37m━━━━━━━━━━━━━━━━━[0m [1m27s[0m 2s/step - accuracy: 0.8264 - auc: 0.8863 - loss: 0.5680 - precision: 0.7556 - recall: 0.6574
[1m 4/17[0m [32m━━━━[0m[37m━━━━━━━━━━━━━━━━[0m [1m25s[0m 2s/step - accuracy: 0.8288 - auc: 0.8888 - loss: 0.5693 - precision: 0.7612 - recall: 0.6832
[1m 5/17[0m [32m━━━━━[0m[37m━━━━━━━━━━━━━━━[0m [1m24s[0m 2s/step - accuracy: 0.8305 - auc: 0.8912 - loss: 0.5685 - precision: 0.7615 - recall: 0.7045
[1m 6/17[0m [32m━━━━━━━[0m[37m━━━━━━━━━━━━━[0m [1m21s[0m 2s/step - accuracy: 0.8266 - auc: 0.8864 - loss: 0.5757 - precision: 0.7543 - recall: 0.7121
[1m 7/17[0m [32m━━━━━━━━[0m[37m━━━━━━━━━━━━[0m [1m18s[0m 2s/step - accuracy: 0.8227 - auc: 0.8819 - loss: 0.5806 - precision: 0.7430 - recall: 0.7160
[1m 8/17[0m [32m━━━━━━━━━[0m[37m━━━━━━━━━━━[0m [1m16s[0m 2s/step - accuracy: 0.8185 - auc: 0.8757 - loss: 0.5875 - precision: 0.7325 - recall: 0.7169
[1m 9/17[0m [32m━━━━━━━━━━[0m[37m━━━━━━━━━━[0m [1m14s[0m 2s/step - accuracy: 0.8151 - auc: 0.8712 - loss: 0.5931 - precision: 0.7259 - recall: 0.7174
[1m10/17[0m [32m━━━━━━━━━━━[0m[37m━━━━━━━━━[0m [1m12s[0m 2s/step - accuracy: 0.8118 - auc: 0.8670 - loss: 0.5982 - precision: 0.7191 - recall: 0.7176
[1m11/17[0m [32m━━━━━━━━━━━━[0m[37m━━━━━━━━[0m [1m10s[0m 2s/step - accuracy: 0.8087 - auc: 0.8635 - loss: 0.6021 - precision: 0.7122 - recall: 0.7180
[1m12/17[0m [32m━━━━━━━━━━━━━━[0m[37m━━━━━━[0m [1m8s[0m 2s/step - accuracy: 0.8066 - auc: 0.8610 - loss: 0.6047 - precision: 0.7073 - recall: 0.7190 
[1m13/17[0m [32m━━━━━━━━━━━━━━━[0m[37m━━━━━[0m [1m6s[0m 2s/step - accuracy: 0.8047 - auc: 0.8587 - loss: 0.6073 - precision: 0.7036 - recall: 0.7185
[1m14/17[0m [32m━━━━━━━━━━━━━━━━[0m[37m━━━━[0m [1m4s[0m 2s/step - accuracy: 0.8030 - auc: 0.8568 - loss: 0.6098 - precision: 0.7007 - recall: 0.7177
[1m15/17[0m [32m━━━━━━━━━━━━━━━━━[0m[37m━━━[0m [1m3s[0m 2s/step - accuracy: 0.8016 - auc: 0.8550 - loss: 0.6118 - precision: 0.6974 - recall: 0.7168
[1m16/17[0m [32m━━━━━━━━━━━━━━━━━━[0m[37m━━[0m [1m1s[0m 2s/step - accuracy: 0.8004 - auc: 0.8538 - loss: 0.6129 - precision: 0.6944 - recall: 0.7163
[1m17/17[0m [32m━━━━━━━━━━━━━━━━━━━━[0m[37m[0m [1m0s[0m 2s/step - accuracy: 0.7994 - auc: 0.8527 - loss: 0.6140 - precision: 0.6919 - recall: 0.7159
Epoch 7: val_recall did not improve from 0.00000

[1m17/17[0m [32m━━━━━━━━━━━━━━━━━━━━[0m[37m[0m [1m33s[0m 2s/step - accuracy: 0.7838 - auc: 0.8359 - loss: 0.6317 - precision: 0.6524 - recall: 0.7093 - val_accuracy: 0.6767 - val_auc: 0.5000 - val_loss: 0.6762 - val_precision: 0.0000e+00 - val_recall: 0.0000e+00 - learning_rate: 1.0000e-04
Epoch 8/80

[1m 1/17[0m [32m━[0m[37m━━━━━━━━━━━━━━━━━━━[0m [1m25s[0m 2s/step - accuracy: 0.8125 - auc: 0.9227 - loss: 0.5527 - precision: 0.6667 - recall: 0.8000
[1m 2/17[0m [32m━━[0m[37m━━━━━━━━━━━━━━━━━━[0m [1m20s[0m 1s/step - accuracy: 0.8203 - auc: 0.9236 - loss: 0.5409 - precision: 0.6833 - recall: 0.7684
[1m 3/17[0m [32m━━━[0m[37m━━━━━━━━━━━━━━━━━[0m [1m23s[0m 2s/step - accuracy: 0.8247 - auc: 0.9218 - loss: 0.5435 - precision: 0.7081 - recall: 0.7648
[1m 4/17[0m [32m━━━━[0m[37m━━━━━━━━━━━━━━━━[0m [1m23s[0m 2s/step - accuracy: 0.8275 - auc: 0.9209 - loss: 0.5444 - precision: 0.7323 - recall: 0.7530
[1m 5/17[0m [32m━━━━━[0m[37m━━━━━━━━━━━━━━━[0m [1m21s[0m 2s/step - accuracy: 0.8307 - auc: 0.9209 - loss: 0.5440 - precision: 0.7451 - recall: 0.7532
[1m 6/17[0m [32m━━━━━━━[0m[37m━━━━━━━━━━━━━[0m [1m20s[0m 2s/step - accuracy: 0.8294 - auc: 0.9166 - loss: 0.5483 - precision: 0.7472 - recall: 0.7502
[1m 7/17[0m [32m━━━━━━━━[0m[37m━━━━━━━━━━━━[0m [1m18s[0m 2s/step - accuracy: 0.8289 - auc: 0.9124 - loss: 0.5510 - precision: 0.7447 - recall: 0.7487
[1m 8/17[0m [32m━━━━━━━━━[0m[37m━━━━━━━━━━━[0m [1m16s[0m 2s/step - accuracy: 0.8259 - auc: 0.9065 - loss: 0.5562 - precision: 0.7389 - recall: 0.7425
[1m 9/17[0m [32m━━━━━━━━━━[0m[37m━━━━━━━━━━[0m [1m15s[0m 2s/step - accuracy: 0.8229 - auc: 0.9015 - loss: 0.5610 - precision: 0.7357 - recall: 0.7356
[1m10/17[0m [32m━━━━━━━━━━━[0m[37m━━━━━━━━━[0m [1m13s[0m 2s/step - accuracy: 0.8193 - auc: 0.8964 - loss: 0.5661 - precision: 0.7300 - recall: 0.7312
[1m11/17[0m [32m━━━━━━━━━━━━[0m[37m━━━━━━━━[0m [1m11s[0m 2s/step - accuracy: 0.8164 - auc: 0.8923 - loss: 0.5697 - precision: 0.7245 - recall: 0.7272
[1m12/17[0m [32m━━━━━━━━━━━━━━[0m[37m━━━━━━[0m [1m9s[0m 2s/step - accuracy: 0.8143 - auc: 0.8893 - loss: 0.5721 - precision: 0.7205 - recall: 0.7248 
[1m13/17[0m [32m━━━━━━━━━━━━━━━[0m[37m━━━━━[0m [1m7s[0m 2s/step - accuracy: 0.8129 - auc: 0.8867 - loss: 0.5743 - precision: 0.7184 - recall: 0.7227
[1m14/17[0m [32m━━━━━━━━━━━━━━━━[0m[37m━━━━[0m [1m5s[0m 2s/step - accuracy: 0.8117 - auc: 0.8846 - loss: 0.5762 - precision: 0.7170 - recall: 0.7206
[1m15/17[0m [32m━━━━━━━━━━━━━━━━━[0m[37m━━━[0m [1m3s[0m 2s/step - accuracy: 0.8105 - auc: 0.8824 - loss: 0.5780 - precision: 0.7146 - recall: 0.7183
[1m16/17[0m [32m━━━━━━━━━━━━━━━━━━[0m[37m━━[0m [1m1s[0m 2s/step - accuracy: 0.8098 - auc: 0.8808 - loss: 0.5791 - precision: 0.7126 - recall: 0.7173
[1m17/17[0m [32m━━━━━━━━━━━━━━━━━━━━[0m[37m[0m [1m0s[0m 2s/step - accuracy: 0.8092 - auc: 0.8792 - loss: 0.5802 - precision: 0.7109 - recall: 0.7165
Epoch 8: val_recall did not improve from 0.00000

[1m17/17[0m [32m━━━━━━━━━━━━━━━━━━━━[0m[37m[0m [1m35s[0m 2s/step - accuracy: 0.7989 - auc: 0.8550 - loss: 0.5979 - precision: 0.6836 - recall: 0.7035 - val_accuracy: 0.6767 - val_auc: 0.7273 - val_loss: 0.6771 - val_precision: 0.0000e+00 - val_recall: 0.0000e+00 - learning_rate: 1.0000e-04
Epoch 9/80

[1m 1/17[0m [32m━[0m[37m━━━━━━━━━━━━━━━━━━━[0m [1m2:16[0m 9s/step - accuracy: 0.7500 - auc: 0.8841 - loss: 0.5745 - precision: 0.6000 - recall: 0.6000
[1m 2/17[0m [32m━━[0m[37m━━━━━━━━━━━━━━━━━━[0m [1m28s[0m 2s/step - accuracy: 0.7734 - auc: 0.8950 - loss: 0.5497 - precision: 0.6250 - recall: 0.6421 
[1m 3/17[0m [32m━━━[0m[37m━━━━━━━━━━━━━━━━━[0m [1m25s[0m 2s/step - accuracy: 0.7899 - auc: 0.8982 - loss: 0.5434 - precision: 0.6574 - recall: 0.6907
[1m 4/17[0m [32m━━━━[0m[37m━━━━━━━━━━━━━━━━[0m [1m24s[0m 2s/step - accuracy: 0.8014 - auc: 0.9014 - loss: 0.5384 - precision: 0.6845 - recall: 0.7137
[1m 5/17[0m [32m━━━━━[0m[37m━━━━━━━━━━━━━━━[0m [1m22s[0m 2s/step - accuracy: 0.8086 - auc: 0.9035 - loss: 0.5348 - precision: 0.7002 - recall: 0.7288
[1m 6/17[0m [32m━━━━━━━[0m[37m━━━━━━━━━━━━━[0m [1m20s[0m 2s/step - accuracy: 0.8093 - auc: 0.9012 - loss: 0.5379 - precision: 0.7049 - recall: 0.7324
[1m 7/17[0m [32m━━━━━━━━[0m[37m━━━━━━━━━━━━[0m [1m18s[0m 2s/step - accuracy: 0.8085 - auc: 0.8989 - loss: 0.5398 - precision: 0.7012 - recall: 0.7354
[1m 8/17[0m [32m━━━━━━━━━[0m[37m━━━━━━━━━━━[0m [1m17s[0m 2s/step - accuracy: 0.8065 - auc: 0.8951 - loss: 0.5443 - precision: 0.6960 - recall: 0.7368
[1m 9/17[0m [32m━━━━━━━━━━[0m[37m━━━━━━━━━━[0m [1m15s[0m 2s/step - accuracy: 0.8037 - auc: 0.8908 - loss: 0.5498 - precision: 0.6920 - recall: 0.7351
[1m10/17[0m [32m━━━━━━━━━━━[0m[37m━━━━━━━━━[0m [1m13s[0m 2s/step - accuracy: 0.8002 - auc: 0.8868 - loss: 0.5551 - precision: 0.6865 - recall: 0.7336
[1m11/17[0m [32m━━━━━━━━━━━━[0m[37m━━━━━━━━[0m [1m11s[0m 2s/step - accuracy: 0.7970 - auc: 0.8834 - loss: 0.5593 - precision: 0.6805 - recall: 0.7317
[1m12/17[0m [32m━━━━━━━━━━━━━━[0m[37m━━━━━━[0m [1m9s[0m 2s/step - accuracy: 0.7948 - auc: 0.8810 - loss: 0.5621 - precision: 0.6765 - recall: 0.7309 
[1m13/17[0m [32m━━━━━━━━━━━━━━━[0m[37m━━━━━[0m [1m7s[0m 2s/step - accuracy: 0.7932 - auc: 0.8791 - loss: 0.5644 - precision: 0.6742 - recall: 0.7295
[1m14/17[0m [32m━━━━━━━━━━━━━━━━[0m[37m━━━━[0m [1m5s[0m 2s/step - accuracy: 0.7920 - auc: 0.8774 - loss: 0.5664 - precision: 0.6727 - recall: 0.7283
[1m15/17[0m [32m━━━━━━━━━━━━━━━━━[0m[37m━━━[0m [1m3s[0m 2s/step - accuracy: 0.7907 - auc: 0.8758 - loss: 0.5681 - precision: 0.6701 - recall: 0.7272
[1m16/17[0m [32m━━━━━━━━━━━━━━━━━━[0m[37m━━[0m [1m1s[0m 2s/step - accuracy: 0.7900 - auc: 0.8747 - loss: 0.5692 - precision: 0.6682 - recall: 0.7268
[1m17/17[0m [32m━━━━━━━━━━━━━━━━━━━━[0m[37m[0m [1m0s[0m 2s/step - accuracy: 0.7895 - auc: 0.8738 - loss: 0.5699 - precision: 0.6668 - recall: 0.7268
Epoch 9: val_recall did not improve from 0.00000

[1m17/17[0m [32m━━━━━━━━━━━━━━━━━━━━[0m[37m[0m [1m41s[0m 2s/step - accuracy: 0.7820 - auc: 0.8601 - loss: 0.5815 - precision: 0.6443 - recall: 0.7267 - val_accuracy: 0.6767 - val_auc: 0.7767 - val_loss: 0.6796 - val_precision: 0.0000e+00 - val_recall: 0.0000e+00 - learning_rate: 1.0000e-04
Epoch 10/80

[1m 1/17[0m [32m━[0m[37m━━━━━━━━━━━━━━━━━━━[0m [1m29s[0m 2s/step - accuracy: 0.8125 - auc: 0.9091 - loss: 0.5485 - precision: 0.7000 - recall: 0.7000
[1m 2/17[0m [32m━━[0m[37m━━━━━━━━━━━━━━━━━━[0m [1m28s[0m 2s/step - accuracy: 0.8281 - auc: 0.9206 - loss: 0.5113 - precision: 0.7184 - recall: 0.7184
[1m 3/17[0m [32m━━━[0m[37m━━━━━━━━━━━━━━━━━[0m [1m29s[0m 2s/step - accuracy: 0.8368 - auc: 0.9245 - loss: 0.5035 - precision: 0.7416 - recall: 0.7416
[1m 4/17[0m [32m━━━━[0m[37m━━━━━━━━━━━━━━━━[0m [1m27s[0m 2s/step - accuracy: 0.8385 - auc: 0.9244 - loss: 0.5027 - precision: 0.7586 - recall: 0.7410
[1m 5/17[0m [32m━━━━━[0m[37m━━━━━━━━━━━━━━━[0m [1m25s[0m 2s/step - accuracy: 0.8408 - auc: 0.9252 - loss: 0.5011 - precision: 0.7668 - recall: 0.7472
[1m 6/17[0m [32m━━━━━━━[0m[37m━━━━━━━━━━━━━[0m [1m23s[0m 2s/step - accuracy: 0.8378 - auc: 0.9202 - loss: 0.5073 - precision: 0.7653 - recall: 0.7452
[1m 7/17[0m [32m━━━━━━━━[0m[37m━━━━━━━━━━━━[0m [1m21s[0m 2s/step - accuracy: 0.8349 - auc: 0.9165 - loss: 0.5105 - precision: 0.7583 - recall: 0.7424
[1m 8/17[0m [32m━━━━━━━━━[0m[37m━━━━━━━━━━━[0m [1m18s[0m 2s/step - accuracy: 0.8306 - auc: 0.9120 - loss: 0.5156 - precision: 0.7498 - recall: 0.7370
[1m 9/17[0m [32m━━━━━━━━━━[0m[37m━━━━━━━━━━[0m [1m16s[0m 2s/step - accuracy: 0.8267 - auc: 0.9073 - loss: 0.5217 - precision: 0.7440 - recall: 0.7318
[1m10/17[0m [32m━━━━━━━━━━━[0m[37m━━━━━━━━━[0m [1m14s[0m 2s/step - accuracy: 0.8231 - auc: 0.9026 - loss: 0.5279 - precision: 0.7378 - recall: 0.7288
[1m11/17[0m [32m━━━━━━━━━━━━[0m[37m━━━━━━━━[0m [1m12s[0m 2s/step - accuracy: 0.8198 - auc: 0.8986 - loss: 0.5329 - precision: 0.7314 - recall: 0.7257
[1m12/17[0m [32m━━━━━━━━━━━━━━[0m[37m━━━━━━[0m [1m10s[0m 2s/step - accuracy: 0.8176 - auc: 0.8960 - loss: 0.5359 - precision: 0.7270 - recall: 0.7241
[1m13/17[0m [32m━━━━━━━━━━━━━━━[0m[37m━━━━━[0m [1m8s[0m 2s/step - accuracy: 0.8160 - auc: 0.8939 - loss: 0.5385 - precision: 0.7244 - recall: 0.7221 
[1m14/17[0m [32m━━━━━━━━━━━━━━━━[0m[37m━━━━[0m [1m6s[0m 2s/step - accuracy: 0.8143 - auc: 0.8919 - loss: 0.5410 - precision: 0.7222 - recall: 0.7191
[1m15/17[0m [32m━━━━━━━━━━━━━━━━━[0m[37m━━━[0m [1m4s[0m 2s/step - accuracy: 0.8129 - auc: 0.8900 - loss: 0.5432 - precision: 0.7198 - recall: 0.7160
[1m16/17[0m [32m━━━━━━━━━━━━━━━━━━[0m[37m━━[0m [1m2s[0m 2s/step - accuracy: 0.8119 - auc: 0.8886 - loss: 0.5447 - precision: 0.7178 - recall: 0.7137
[1m17/17[0m [32m━━━━━━━━━━━━━━━━━━━━[0m[37m[0m [1m0s[0m 2s/step - accuracy: 0.8109 - auc: 0.8871 - loss: 0.5465 - precision: 0.7159 - recall: 0.7114
Epoch 10: val_recall improved from 0.00000 to 1.00000, saving model to C:\workspace\hd-image-pest-detection-cnn-and-rf\best_models\best_model_final_RGB_binary_crossentropy.keras

[1m17/17[0m [32m━━━━━━━━━━━━━━━━━━━━[0m[37m[0m [1m36s[0m 2s/step - accuracy: 0.7951 - auc: 0.8627 - loss: 0.5755 - precision: 0.6864 - recall: 0.6744 - val_accuracy: 0.5338 - val_auc: 0.8404 - val_loss: 0.6912 - val_precision: 0.4095 - val_recall: 1.0000 - learning_rate: 1.0000e-04
Epoch 11/80

[1m 1/17[0m [32m━[0m[37m━━━━━━━━━━━━━━━━━━━[0m [1m30s[0m 2s/step - accuracy: 0.8438 - auc: 0.9545 - loss: 0.4307 - precision: 0.7778 - recall: 0.7000
[1m 2/17[0m [32m━━[0m[37m━━━━━━━━━━━━━━━━━━[0m [1m29s[0m 2s/step - accuracy: 0.8359 - auc: 0.9369 - loss: 0.4529 - precision: 0.7500 - recall: 0.6921
[1m 3/17[0m [32m━━━[0m[37m━━━━━━━━━━━━━━━━━[0m [1m26s[0m 2s/step - accuracy: 0.8385 - auc: 0.9325 - loss: 0.4637 - precision: 0.7604 - recall: 0.7139
[1m 4/17[0m [32m━━━━[0m[37m━━━━━━━━━━━━━━━━[0m [1m26s[0m 2s/step - accuracy: 0.8359 - auc: 0.9300 - loss: 0.4706 - precision: 0.7667 - recall: 0.7148
[1m 5/17[0m [32m━━━━━[0m[37m━━━━━━━━━━━━━━━[0m [1m25s[0m 2s/step - accuracy: 0.8375 - auc: 0.9287 - loss: 0.4733 - precision: 0.7727 - recall: 0.7227
[1m 6/17[0m [32m━━━━━━━[0m[37m━━━━━━━━━━━━━[0m [1m23s[0m 2s/step - accuracy: 0.8359 - auc: 0.9235 - loss: 0.4819 - precision: 0.7707 - recall: 0.7273
[1m 7/17[0m [32m━━━━━━━━[0m[37m━━━━━━━━━━━━[0m [1m21s[0m 2s/step - accuracy: 0.8345 - auc: 0.9193 - loss: 0.4874 - precision: 0.7649 - recall: 0.7290
[1m 8/17[0m [32m━━━━━━━━━[0m[37m━━━━━━━━━━━[0m [1m18s[0m 2s/step - accuracy: 0.8318 - auc: 0.9143 - loss: 0.4950 - precision: 0.7575 - recall: 0.7283
[1m 9/17[0m [32m━━━━━━━━━━[0m[37m━━━━━━━━━━[0m [1m16s[0m 2s/step - accuracy: 0.8292 - auc: 0.9104 - loss: 0.5012 - precision: 0.7532 - recall: 0.7264
[1m10/17[0m [32m━━━━━━━━━━━[0m[37m━━━━━━━━━[0m [1m14s[0m 2s/step - accuracy: 0.8269 - auc: 0.9065 - loss: 0.5077 - precision: 0.7482 - recall: 0.7266
[1m11/17[0m [32m━━━━━━━━━━━━[0m[37m━━━━━━━━[0m [1m12s[0m 2s/step - accuracy: 0.8246 - auc: 0.9026 - loss: 0.5141 - precision: 0.7422 - recall: 0.7270
[1m12/17[0m [32m━━━━━━━━━━━━━━[0m[37m━━━━━━[0m [1m10s[0m 2s/step - accuracy: 0.8229 - auc: 0.9000 - loss: 0.5184 - precision: 0.7378 - recall: 0.7279
[1m13/17[0m [32m━━━━━━━━━━━━━━━[0m[37m━━━━━[0m [1m8s[0m 2s/step - accuracy: 0.8216 - auc: 0.8977 - loss: 0.5223 - precision: 0.7350 - recall: 0.7278 
[1m14/17[0m [32m━━━━━━━━━━━━━━━━[0m[37m━━━━[0m [1m6s[0m 2s/step - accuracy: 0.8206 - auc: 0.8958 - loss: 0.5257 - precision: 0.7328 - recall: 0.7282
[1m15/17[0m [32m━━━━━━━━━━━━━━━━━[0m[37m━━━[0m [1m4s[0m 2s/step - accuracy: 0.8194 - auc: 0.8938 - loss: 0.5288 - precision: 0.7295 - recall: 0.7284
[1m16/17[0m [32m━━━━━━━━━━━━━━━━━━[0m[37m━━[0m [1m2s[0m 2s/step - accuracy: 0.8187 - auc: 0.8924 - loss: 0.5309 - precision: 0.7270 - recall: 0.7291
[1m17/17[0m [32m━━━━━━━━━━━━━━━━━━━━[0m[37m[0m [1m0s[0m 2s/step - accuracy: 0.8182 - auc: 0.8913 - loss: 0.5329 - precision: 0.7249 - recall: 0.7300
Epoch 11: val_recall did not improve from 1.00000

[1m17/17[0m [32m━━━━━━━━━━━━━━━━━━━━[0m[37m[0m [1m35s[0m 2s/step - accuracy: 0.8102 - auc: 0.8722 - loss: 0.5635 - precision: 0.6919 - recall: 0.7442 - val_accuracy: 0.3233 - val_auc: 0.8158 - val_loss: 0.7012 - val_precision: 0.3233 - val_recall: 1.0000 - learning_rate: 1.0000e-04
Epoch 12/80

[1m 1/17[0m [32m━[0m[37m━━━━━━━━━━━━━━━━━━━[0m [1m2:06[0m 8s/step - accuracy: 0.8750 - auc: 0.9182 - loss: 0.5058 - precision: 0.8000 - recall: 0.8000
[1m 2/17[0m [32m━━[0m[37m━━━━━━━━━━━━━━━━━━[0m [1m30s[0m 2s/step - accuracy: 0.8750 - auc: 0.9322 - loss: 0.4688 - precision: 0.7947 - recall: 0.7947 
[1m 3/17[0m [32m━━━[0m[37m━━━━━━━━━━━━━━━━━[0m [1m28s[0m 2s/step - accuracy: 0.8715 - auc: 0.9358 - loss: 0.4665 - precision: 0.8007 - recall: 0.7925
[1m 4/17[0m [32m━━━━[0m[37m━━━━━━━━━━━━━━━━[0m [1m26s[0m 2s/step - accuracy: 0.8685 - auc: 0.9380 - loss: 0.4667 - precision: 0.8088 - recall: 0.7846
[1m 5/17[0m [32m━━━━━[0m[37m━━━━━━━━━━━━━━━[0m [1m24s[0m 2s/step - accuracy: 0.8685 - auc: 0.9392 - loss: 0.4665 - precision: 0.8163 - recall: 0.7820
[1m 6/17[0m [32m━━━━━━━[0m[37m━━━━━━━━━━━━━[0m [1m22s[0m 2s/step - accuracy: 0.8644 - auc: 0.9344 - loss: 0.4741 - precision: 0.8131 - recall: 0.7767
[1m 7/17[0m [32m━━━━━━━━[0m[37m━━━━━━━━━━━━[0m [1m21s[0m 2s/step - accuracy: 0.8602 - auc: 0.9300 - loss: 0.4795 - precision: 0.8040 - recall: 0.7714
[1m 8/17[0m [32m━━━━━━━━━[0m[37m━━━━━━━━━━━[0m [1m18s[0m 2s/step - accuracy: 0.8552 - auc: 0.9246 - loss: 0.4872 - precision: 0.7939 - recall: 0.7653
[1m 9/17[0m [32m━━━━━━━━━━[0m[37m━━━━━━━━━━[0m [1m16s[0m 2s/step - accuracy: 0.8505 - auc: 0.9191 - loss: 0.4953 - precision: 0.7864 - recall: 0.7593
[1m10/17[0m [32m━━━━━━━━━━━[0m[37m━━━━━━━━━[0m [1m14s[0m 2s/step - accuracy: 0.8457 - auc: 0.9143 - loss: 0.5023 - precision: 0.7781 - recall: 0.7544
[1m11/17[0m [32m━━━━━━━━━━━━[0m[37m━━━━━━━━[0m [1m12s[0m 2s/step - accuracy: 0.8414 - auc: 0.9099 - loss: 0.5083 - precision: 0.7695 - recall: 0.7507
[1m12/17[0m [32m━━━━━━━━━━━━━━[0m[37m━━━━━━[0m [1m10s[0m 2s/step - accuracy: 0.8381 - auc: 0.9064 - loss: 0.5129 - precision: 0.7628 - recall: 0.7483
[1m13/17[0m [32m━━━━━━━━━━━━━━━[0m[37m━━━━━[0m [1m8s[0m 2s/step - accuracy: 0.8356 - auc: 0.9035 - loss: 0.5170 - precision: 0.7583 - recall: 0.7461 
[1m14/17[0m [32m━━━━━━━━━━━━━━━━[0m[37m━━━━[0m [1m6s[0m 2s/step - accuracy: 0.8338 - auc: 0.9011 - loss: 0.5204 - precision: 0.7548 - recall: 0.7452
[1m15/17[0m [32m━━━━━━━━━━━━━━━━━[0m[37m━━━[0m [1m4s[0m 2s/step - accuracy: 0.8318 - auc: 0.8988 - loss: 0.5233 - precision: 0.7503 - recall: 0.7442
[1m16/17[0m [32m━━━━━━━━━━━━━━━━━━[0m[37m━━[0m [1m2s[0m 2s/step - accuracy: 0.8305 - auc: 0.8973 - loss: 0.5251 - precision: 0.7467 - recall: 0.7439
[1m17/17[0m [32m━━━━━━━━━━━━━━━━━━━━[0m[37m[0m [1m0s[0m 2s/step - accuracy: 0.8294 - auc: 0.8958 - loss: 0.5267 - precision: 0.7437 - recall: 0.7439
Epoch 12: ReduceLROnPlateau reducing learning rate to 4.999999873689376e-05.

Epoch 12: val_recall did not improve from 1.00000

[1m17/17[0m [32m━━━━━━━━━━━━━━━━━━━━[0m[37m[0m [1m42s[0m 2s/step - accuracy: 0.8120 - auc: 0.8734 - loss: 0.5526 - precision: 0.6957 - recall: 0.7442 - val_accuracy: 0.3233 - val_auc: 0.8357 - val_loss: 0.7138 - val_precision: 0.3233 - val_recall: 1.0000 - learning_rate: 1.0000e-04
Epoch 13/80

[1m 1/17[0m [32m━[0m[37m━━━━━━━━━━━━━━━━━━━[0m [1m1:40[0m 6s/step - accuracy: 0.8438 - auc: 0.9455 - loss: 0.4720 - precision: 0.7778 - recall: 0.7000
[1m 2/17[0m [32m━━[0m[37m━━━━━━━━━━━━━━━━━━[0m [1m27s[0m 2s/step - accuracy: 0.8438 - auc: 0.9376 - loss: 0.4713 - precision: 0.7712 - recall: 0.6921 
[1m 3/17[0m [32m━━━[0m[37m━━━━━━━━━━━━━━━━━[0m [1m25s[0m 2s/step - accuracy: 0.8472 - auc: 0.9360 - loss: 0.4715 - precision: 0.7900 - recall: 0.7038
[1m 4/17[0m [32m━━━━[0m[37m━━━━━━━━━━━━━━━━[0m [1m23s[0m 2s/step - accuracy: 0.8503 - auc: 0.9367 - loss: 0.4713 - precision: 0.8096 - recall: 0.7072
[1m 5/17[0m [32m━━━━━[0m[37m━━━━━━━━━━━━━━━[0m [1m22s[0m 2s/step - accuracy: 0.8540 - auc: 0.9363 - loss: 0.4710 - precision: 0.8169 - recall: 0.7202
[1m 6/17[0m [32m━━━━━━━[0m[37m━━━━━━━━━━━━━[0m [1m21s[0m 2s/step - accuracy: 0.8514 - auc: 0.9320 - loss: 0.4769 - precision: 0.8130 - recall: 0.7227
[1m 7/17[0m [32m━━━━━━━━[0m[37m━━━━━━━━━━━━[0m [1m19s[0m 2s/step - accuracy: 0.8490 - auc: 0.9279 - loss: 0.4813 - precision: 0.8051 - recall: 0.7232
[1m 8/17[0m [32m━━━━━━━━━[0m[37m━━━━━━━━━━━[0m [1m17s[0m 2s/step - accuracy: 0.8454 - auc: 0.9230 - loss: 0.4876 - precision: 0.7955 - recall: 0.7216
[1m 9/17[0m [32m━━━━━━━━━━[0m[37m━━━━━━━━━━[0m [1m15s[0m 2s/step - accuracy: 0.8414 - auc: 0.9178 - loss: 0.4952 - precision: 0.7880 - recall: 0.7182
[1m10/17[0m [32m━━━━━━━━━━━[0m[37m━━━━━━━━━[0m [1m13s[0m 2s/step - accuracy: 0.8376 - auc: 0.9133 - loss: 0.5017 - precision: 0.7800 - recall: 0.7165
[1m11/17[0m [32m━━━━━━━━━━━━[0m[37m━━━━━━━━[0m [1m11s[0m 2s/step - accuracy: 0.8345 - auc: 0.9095 - loss: 0.5070 - precision: 0.7722 - recall: 0.7162
[1m12/17[0m [32m━━━━━━━━━━━━━━[0m[37m━━━━━━[0m [1m9s[0m 2s/step - accuracy: 0.8325 - auc: 0.9066 - loss: 0.5108 - precision: 0.7667 - recall: 0.7167 
[1m13/17[0m [32m━━━━━━━━━━━━━━━[0m[37m━━━━━[0m [1m7s[0m 2s/step - accuracy: 0.8306 - auc: 0.9041 - loss: 0.5144 - precision: 0.7627 - recall: 0.7158
[1m14/17[0m [32m━━━━━━━━━━━━━━━━[0m[37m━━━━[0m [1m5s[0m 2s/step - accuracy: 0.8289 - auc: 0.9019 - loss: 0.5176 - precision: 0.7594 - recall: 0.7151
[1m15/17[0m [32m━━━━━━━━━━━━━━━━━[0m[37m━━━[0m [1m3s[0m 2s/step - accuracy: 0.8276 - auc: 0.8999 - loss: 0.5205 - precision: 0.7558 - recall: 0.7144
[1m16/17[0m [32m━━━━━━━━━━━━━━━━━━[0m[37m━━[0m [1m1s[0m 2s/step - accuracy: 0.8268 - auc: 0.8984 - loss: 0.5225 - precision: 0.7528 - recall: 0.7149
[1m17/17[0m [32m━━━━━━━━━━━━━━━━━━━━[0m[37m[0m [1m0s[0m 2s/step - accuracy: 0.8261 - auc: 0.8971 - loss: 0.5241 - precision: 0.7503 - recall: 0.7156
Epoch 13: val_recall did not improve from 1.00000

[1m17/17[0m [32m━━━━━━━━━━━━━━━━━━━━[0m[37m[0m [1m38s[0m 2s/step - accuracy: 0.8158 - auc: 0.8771 - loss: 0.5507 - precision: 0.7102 - recall: 0.7267 - val_accuracy: 0.3233 - val_auc: 0.8530 - val_loss: 0.7227 - val_precision: 0.3233 - val_recall: 1.0000 - learning_rate: 5.0000e-05
Epoch 14/80

[1m 1/17[0m [32m━[0m[37m━━━━━━━━━━━━━━━━━━━[0m [1m23s[0m 1s/step - accuracy: 0.8750 - auc: 0.9636 - loss: 0.4152 - precision: 0.8000 - recall: 0.8000
[1m 2/17[0m [32m━━[0m[37m━━━━━━━━━━━━━━━━━━[0m [1m20s[0m 1s/step - accuracy: 0.8672 - auc: 0.9491 - loss: 0.4242 - precision: 0.7889 - recall: 0.7684
[1m 3/17[0m [32m━━━[0m[37m━━━━━━━━━━━━━━━━━[0m [1m19s[0m 1s/step - accuracy: 0.8559 - auc: 0.9403 - loss: 0.4390 - precision: 0.7785 - recall: 0.7648
[1m 4/17[0m [32m━━━━[0m[37m━━━━━━━━━━━━━━━━[0m [1m18s[0m 1s/step - accuracy: 0.8548 - auc: 0.9383 - loss: 0.4450 - precision: 0.7838 - recall: 0.7693
[1m 5/17[0m [32m━━━━━[0m[37m━━━━━━━━━━━━━━━[0m [1m17s[0m 1s/step - accuracy: 0.8564 - auc: 0.9371 - loss: 0.4478 - precision: 0.7885 - recall: 0.7768
[1m 6/17[0m [32m━━━━━━━[0m[37m━━━━━━━━━━━━━[0m [1m15s[0m 1s/step - accuracy: 0.8543 - auc: 0.9330 - loss: 0.4554 - precision: 0.7884 - recall: 0.7748
[1m 7/17[0m [32m━━━━━━━━[0m[37m━━━━━━━━━━━━[0m [1m14s[0m 1s/step - accuracy: 0.8528 - auc: 0.9290 - loss: 0.4611 - precision: 0.7849 - recall: 0.7717
[1m 8/17[0m [32m━━━━━━━━━[0m[37m━━━━━━━━━━━[0m [1m12s[0m 1s/step - accuracy: 0.8497 - auc: 0.9245 - loss: 0.4681 - precision: 0.7786 - recall: 0.7671
[1m 9/17[0m [32m━━━━━━━━━━[0m[37m━━━━━━━━━━[0m [1m11s[0m 1s/step - accuracy: 0.8463 - auc: 0.9206 - loss: 0.4749 - precision: 0.7740 - recall: 0.7621
[1m10/17[0m [32m━━━━━━━━━━━[0m[37m━━━━━━━━━[0m [1m10s[0m 1s/step - accuracy: 0.8426 - auc: 0.9167 - loss: 0.4817 - precision: 0.7675 - recall: 0.7588
[1m11/17[0m [32m━━━━━━━━━━━━[0m[37m━━━━━━━━[0m [1m8s[0m 1s/step - accuracy: 0.8389 - auc: 0.9130 - loss: 0.4878 - precision: 0.7601 - recall: 0.7554 
[1m12/17[0m [32m━━━━━━━━━━━━━━[0m[37m━━━━━━[0m [1m7s[0m 1s/step - accuracy: 0.8362 - auc: 0.9100 - loss: 0.4925 - precision: 0.7548 - recall: 0.7533
[1m13/17[0m [32m━━━━━━━━━━━━━━━[0m[37m━━━━━[0m [1m5s[0m 1s/step - accuracy: 0.8342 - auc: 0.9074 - loss: 0.4968 - precision: 0.7515 - recall: 0.7513
[1m14/17[0m [32m━━━━━━━━━━━━━━━━[0m[37m━━━━[0m [1m4s[0m 1s/step - accuracy: 0.8327 - auc: 0.9053 - loss: 0.5007 - precision: 0.7488 - recall: 0.7500
[1m15/17[0m [32m━━━━━━━━━━━━━━━━━[0m[37m━━━[0m [1m2s[0m 1s/step - accuracy: 0.8310 - auc: 0.9031 - loss: 0.5043 - precision: 0.7452 - recall: 0.7487
[1m16/17[0m [32m━━━━━━━━━━━━━━━━━━[0m[37m━━[0m [1m1s[0m 2s/step - accuracy: 0.8299 - auc: 0.9015 - loss: 0.5069 - precision: 0.7421 - recall: 0.7485
[1m17/17[0m [32m━━━━━━━━━━━━━━━━━━━━[0m[37m[0m [1m0s[0m 1s/step - accuracy: 0.8289 - auc: 0.9000 - loss: 0.5094 - precision: 0.7395 - recall: 0.7486
Epoch 14: val_recall did not improve from 1.00000

[1m17/17[0m [32m━━━━━━━━━━━━━━━━━━━━[0m[37m[0m [1m28s[0m 2s/step - accuracy: 0.8139 - auc: 0.8763 - loss: 0.5482 - precision: 0.6973 - recall: 0.7500 - val_accuracy: 0.3233 - val_auc: 0.8426 - val_loss: 0.7211 - val_precision: 0.3233 - val_recall: 1.0000 - learning_rate: 5.0000e-05
Epoch 15/80

[1m 1/17[0m [32m━[0m[37m━━━━━━━━━━━━━━━━━━━[0m [1m4:00[0m 15s/step - accuracy: 0.9062 - auc: 0.9568 - loss: 0.4350 - precision: 0.8182 - recall: 0.9000
[1m 2/17[0m [32m━━[0m[37m━━━━━━━━━━━━━━━━━━[0m [1m23s[0m 2s/step - accuracy: 0.8984 - auc: 0.9465 - loss: 0.4484 - precision: 0.8091 - recall: 0.8711  
[1m 3/17[0m [32m━━━[0m[37m━━━━━━━━━━━━━━━━━[0m [1m25s[0m 2s/step - accuracy: 0.8976 - auc: 0.9397 - loss: 0.4646 - precision: 0.8297 - recall: 0.8534
[1m 4/17[0m [32m━━━━[0m[37m━━━━━━━━━━━━━━━━[0m [1m26s[0m 2s/step - accuracy: 0.8939 - auc: 0.9381 - loss: 0.4693 - precision: 0.8374 - recall: 0.8412
[1m 5/17[0m [32m━━━━━[0m[37m━━━━━━━━━━━━━━━[0m [1m24s[0m 2s/step - accuracy: 0.8926 - auc: 0.9380 - loss: 0.4684 - precision: 0.8408 - recall: 0.8378
[1m 6/17[0m [32m━━━━━━━[0m[37m━━━━━━━━━━━━━[0m [1m22s[0m 2s/step - accuracy: 0.8862 - auc: 0.9343 - loss: 0.4741 - precision: 0.8330 - recall: 0.8306
[1m 7/17[0m [32m━━━━━━━━[0m[37m━━━━━━━━━━━━[0m [1m20s[0m 2s/step - accuracy: 0.8801 - auc: 0.9298 - loss: 0.4791 - precision: 0.8212 - recall: 0.8234
[1m 8/17[0m [32m━━━━━━━━━[0m[37m━━━━━━━━━━━[0m [1m18s[0m 2s/step - accuracy: 0.8727 - auc: 0.9240 - loss: 0.4871 - precision: 0.8076 - recall: 0.8139
[1m 9/17[0m [32m━━━━━━━━━━[0m[37m━━━━━━━━━━[0m [1m16s[0m 2s/step - accuracy: 0.8664 - auc: 0.9195 - loss: 0.4936 - precision: 0.7979 - recall: 0.8059
[1m10/17[0m [32m━━━━━━━━━━━[0m[37m━━━━━━━━━[0m [1m15s[0m 2s/step - accuracy: 0.8607 - auc: 0.9153 - loss: 0.4997 - precision: 0.7886 - recall: 0.7992
[1m11/17[0m [32m━━━━━━━━━━━━[0m[37m━━━━━━━━[0m [1m13s[0m 2s/step - accuracy: 0.8555 - auc: 0.9116 - loss: 0.5047 - precision: 0.7795 - recall: 0.7929
[1m12/17[0m [32m━━━━━━━━━━━━━━[0m[37m━━━━━━[0m [1m11s[0m 2s/step - accuracy: 0.8517 - auc: 0.9088 - loss: 0.5083 - precision: 0.7728 - recall: 0.7884
[1m13/17[0m [32m━━━━━━━━━━━━━━━[0m[37m━━━━━[0m [1m9s[0m 2s/step - accuracy: 0.8485 - auc: 0.9065 - loss: 0.5115 - precision: 0.7681 - recall: 0.7836 
[1m14/17[0m [32m━━━━━━━━━━━━━━━━[0m[37m━━━━[0m [1m6s[0m 2s/step - accuracy: 0.8461 - auc: 0.9044 - loss: 0.5145 - precision: 0.7646 - recall: 0.7800
[1m15/17[0m [32m━━━━━━━━━━━━━━━━━[0m[37m━━━[0m [1m4s[0m 2s/step - accuracy: 0.8434 - auc: 0.9022 - loss: 0.5174 - precision: 0.7597 - recall: 0.7767
[1m16/17[0m [32m━━━━━━━━━━━━━━━━━━[0m[37m━━[0m [1m2s[0m 2s/step - accuracy: 0.8411 - auc: 0.9005 - loss: 0.5196 - precision: 0.7553 - recall: 0.7736
[1m17/17[0m [32m━━━━━━━━━━━━━━━━━━━━[0m[37m[0m [1m0s[0m 2s/step - accuracy: 0.8390 - auc: 0.8989 - loss: 0.5217 - precision: 0.7514 - recall: 0.7705
Epoch 15: val_recall did not improve from 1.00000

[1m17/17[0m [32m━━━━━━━━━━━━━━━━━━━━[0m[37m[0m [1m51s[0m 2s/step - accuracy: 0.8045 - auc: 0.8734 - loss: 0.5552 - precision: 0.6889 - recall: 0.7209 - val_accuracy: 0.3233 - val_auc: 0.8525 - val_loss: 0.7234 - val_precision: 0.3233 - val_recall: 1.0000 - learning_rate: 5.0000e-05
Epoch 16/80

[1m 1/17[0m [32m━[0m[37m━━━━━━━━━━━━━━━━━━━[0m [1m28s[0m 2s/step - accuracy: 0.8750 - auc: 0.9523 - loss: 0.4578 - precision: 0.8000 - recall: 0.8000
[1m 2/17[0m [32m━━[0m[37m━━━━━━━━━━━━━━━━━━[0m [1m30s[0m 2s/step - accuracy: 0.8750 - auc: 0.9469 - loss: 0.4472 - precision: 0.7947 - recall: 0.7947
[1m 3/17[0m [32m━━━[0m[37m━━━━━━━━━━━━━━━━━[0m [1m27s[0m 2s/step - accuracy: 0.8681 - auc: 0.9441 - loss: 0.4486 - precision: 0.7925 - recall: 0.7925
[1m 4/17[0m [32m━━━━[0m[37m━━━━━━━━━━━━━━━━[0m [1m25s[0m 2s/step - accuracy: 0.8698 - auc: 0.9451 - loss: 0.4465 - precision: 0.8046 - recall: 0.7954
[1m 5/17[0m [32m━━━━━[0m[37m━━━━━━━━━━━━━━━[0m [1m23s[0m 2s/step - accuracy: 0.8708 - auc: 0.9458 - loss: 0.4435 - precision: 0.8109 - recall: 0.7977
[1m 6/17[0m [32m━━━━━━━[0m[37m━━━━━━━━━━━━━[0m [1m21s[0m 2s/step - accuracy: 0.8663 - auc: 0.9435 - loss: 0.4461 - precision: 0.8071 - recall: 0.7922
[1m 7/17[0m [32m━━━━━━━━[0m[37m━━━━━━━━━━━━[0m [1m20s[0m 2s/step - accuracy: 0.8625 - auc: 0.9397 - loss: 0.4499 - precision: 0.7994 - recall: 0.7867
[1m 8/17[0m [32m━━━━━━━━━[0m[37m━━━━━━━━━━━[0m [1m18s[0m 2s/step - accuracy: 0.8582 - auc: 0.9350 - loss: 0.4565 - precision: 0.7907 - recall: 0.7817
[1m 9/17[0m [32m━━━━━━━━━━[0m[37m━━━━━━━━━━[0m [1m16s[0m 2s/step - accuracy: 0.8535 - auc: 0.9305 - loss: 0.4637 - precision: 0.7838 - recall: 0.7751
[1m10/17[0m [32m━━━━━━━━━━━[0m[37m━━━━━━━━━[0m [1m14s[0m 2s/step - accuracy: 0.8488 - auc: 0.9260 - loss: 0.4709 - precision: 0.7761 - recall: 0.7695
[1m11/17[0m [32m━━━━━━━━━━━━[0m[37m━━━━━━━━[0m [1m12s[0m 2s/step - accuracy: 0.8444 - auc: 0.9220 - loss: 0.4772 - precision: 0.7682 - recall: 0.7644
[1m12/17[0m [32m━━━━━━━━━━━━━━[0m[37m━━━━━━[0m [1m10s[0m 2s/step - accuracy: 0.8413 - auc: 0.9192 - loss: 0.4814 - precision: 0.7625 - recall: 0.7609
[1m13/17[0m [32m━━━━━━━━━━━━━━━[0m[37m━━━━━[0m [1m8s[0m 2s/step - accuracy: 0.8389 - auc: 0.9170 - loss: 0.4850 - precision: 0.7588 - recall: 0.7577 
[1m14/17[0m [32m━━━━━━━━━━━━━━━━[0m[37m━━━━[0m [1m6s[0m 2s/step - accuracy: 0.8369 - auc: 0.9149 - loss: 0.4885 - precision: 0.7559 - recall: 0.7545
[1m15/17[0m [32m━━━━━━━━━━━━━━━━━[0m[37m━━━[0m [1m4s[0m 2s/step - accuracy: 0.8350 - auc: 0.9128 - loss: 0.4917 - precision: 0.7523 - recall: 0.7516
[1m16/17[0m [32m━━━━━━━━━━━━━━━━━━[0m[37m━━[0m [1m2s[0m 2s/step - accuracy: 0.8336 - auc: 0.9111 - loss: 0.4941 - precision: 0.7493 - recall: 0.7497
[1m17/17[0m [32m━━━━━━━━━━━━━━━━━━━━[0m[37m[0m [1m0s[0m 2s/step - accuracy: 0.8323 - auc: 0.9095 - loss: 0.4966 - precision: 0.7467 - recall: 0.7480
Epoch 16: val_recall did not improve from 1.00000

[1m17/17[0m [32m━━━━━━━━━━━━━━━━━━━━[0m[37m[0m [1m37s[0m 2s/step - accuracy: 0.8120 - auc: 0.8830 - loss: 0.5358 - precision: 0.7045 - recall: 0.7209 - val_accuracy: 0.3233 - val_auc: 0.8380 - val_loss: 0.7344 - val_precision: 0.3233 - val_recall: 1.0000 - learning_rate: 5.0000e-05
Epoch 17/80

[1m 1/17[0m [32m━[0m[37m━━━━━━━━━━━━━━━━━━━[0m [1m33s[0m 2s/step - accuracy: 0.8750 - auc: 0.9409 - loss: 0.4324 - precision: 0.8000 - recall: 0.8000
[1m 2/17[0m [32m━━[0m[37m━━━━━━━━━━━━━━━━━━[0m [1m31s[0m 2s/step - accuracy: 0.8750 - auc: 0.9386 - loss: 0.4344 - precision: 0.7947 - recall: 0.7947
[1m 3/17[0m [32m━━━[0m[37m━━━━━━━━━━━━━━━━━[0m [1m28s[0m 2s/step - accuracy: 0.8681 - auc: 0.9324 - loss: 0.4452 - precision: 0.7870 - recall: 0.8026
[1m 4/17[0m [32m━━━━[0m[37m━━━━━━━━━━━━━━━━[0m [1m27s[0m 2s/step - accuracy: 0.8659 - auc: 0.9294 - loss: 0.4529 - precision: 0.7913 - recall: 0.8030
[1m 5/17[0m [32m━━━━━[0m[37m━━━━━━━━━━━━━━━[0m [1m26s[0m 2s/step - accuracy: 0.8665 - auc: 0.9290 - loss: 0.4543 - precision: 0.7951 - recall: 0.8073
[1m 6/17[0m [32m━━━━━━━[0m[37m━━━━━━━━━━━━━[0m [1m23s[0m 2s/step - accuracy: 0.8635 - auc: 0.9249 - loss: 0.4618 - precision: 0.7930 - recall: 0.8051
[1m 7/17[0m [32m━━━━━━━━[0m[37m━━━━━━━━━━━━[0m [1m21s[0m 2s/step - accuracy: 0.8607 - auc: 0.9213 - loss: 0.4673 - precision: 0.7869 - recall: 0.8016
[1m 8/17[0m [32m━━━━━━━━━[0m[37m━━━━━━━━━━━[0m [1m18s[0m 2s/step - accuracy: 0.8571 - auc: 0.9168 - loss: 0.4748 - precision: 0.7794 - recall: 0.7978
[1m 9/17[0m [32m━━━━━━━━━━[0m[37m━━━━━━━━━━[0m [1m16s[0m 2s/step - accuracy: 0.8529 - auc: 0.9125 - loss: 0.4824 - precision: 0.7736 - recall: 0.7917
[1m10/17[0m [32m━━━━━━━━━━━[0m[37m━━━━━━━━━[0m [1m14s[0m 2s/step - accuracy: 0.8483 - auc: 0.9083 - loss: 0.4899 - precision: 0.7662 - recall: 0.7863
[1m11/17[0m [32m━━━━━━━━━━━━[0m[37m━━━━━━━━[0m [1m12s[0m 2s/step - accuracy: 0.8440 - auc: 0.9047 - loss: 0.4962 - precision: 0.7584 - recall: 0.7820
[1m12/17[0m [32m━━━━━━━━━━━━━━[0m[37m━━━━━━[0m [1m10s[0m 2s/step - accuracy: 0.8407 - auc: 0.9022 - loss: 0.5006 - precision: 0.7523 - recall: 0.7790
[1m13/17[0m [32m━━━━━━━━━━━━━━━[0m[37m━━━━━[0m [1m8s[0m 2s/step - accuracy: 0.8376 - auc: 0.9001 - loss: 0.5046 - precision: 0.7477 - recall: 0.7750 
[1m14/17[0m [32m━━━━━━━━━━━━━━━━[0m[37m━━━━[0m [1m6s[0m 2s/step - accuracy: 0.8350 - auc: 0.8982 - loss: 0.5081 - precision: 0.7439 - recall: 0.7715
[1m15/17[0m [32m━━━━━━━━━━━━━━━━━[0m[37m━━━[0m [1m4s[0m 2s/step - accuracy: 0.8327 - auc: 0.8965 - loss: 0.5111 - precision: 0.7397 - recall: 0.7684
[1m16/17[0m [32m━━━━━━━━━━━━━━━━━━[0m[37m━━[0m [1m2s[0m 2s/step - accuracy: 0.8308 - auc: 0.8952 - loss: 0.5132 - precision: 0.7359 - recall: 0.7662
[1m17/17[0m [32m━━━━━━━━━━━━━━━━━━━━[0m[37m[0m [1m0s[0m 2s/step - accuracy: 0.8292 - auc: 0.8942 - loss: 0.5149 - precision: 0.7327 - recall: 0.7642
Epoch 17: ReduceLROnPlateau reducing learning rate to 2.499999936844688e-05.

Epoch 17: val_recall did not improve from 1.00000

[1m17/17[0m [32m━━━━━━━━━━━━━━━━━━━━[0m[37m[0m [1m37s[0m 2s/step - accuracy: 0.8026 - auc: 0.8773 - loss: 0.5435 - precision: 0.6811 - recall: 0.7326 - val_accuracy: 0.3233 - val_auc: 0.8575 - val_loss: 0.7379 - val_precision: 0.3233 - val_recall: 1.0000 - learning_rate: 5.0000e-05
Epoch 17: early stopping
Restoring model weights from the end of the best epoch: 7.

--- [Fecha/hora inicio=20260716_1617] ---

--- [T=635.51s] ---
5. Guardado y Ploteo (Usando utils_train)

Historial guardado en 'C:\workspace\hd-image-pest-detection-cnn-and-rf\history/RGB/binary_crossentropy\history_20260716_1627_epochs_80_RGB_BCE.json'

[1m 1/17[0m [32m━[0m[37m━━━━━━━━━━━━━━━━━━━[0m [1m9s[0m 578ms/step
[1m 2/17[0m [32m━━[0m[37m━━━━━━━━━━━━━━━━━━[0m [1m5s[0m 364ms/step
[1m 3/17[0m [32m━━━[0m[37m━━━━━━━━━━━━━━━━━[0m [1m4s[0m 357ms/step
[1m 4/17[0m [32m━━━━[0m[37m━━━━━━━━━━━━━━━━[0m [1m4s[0m 367ms/step
[1m 5/17[0m [32m━━━━━[0m[37m━━━━━━━━━━━━━━━[0m [1m4s[0m 372ms/step
[1m 6/17[0m [32m━━━━━━━[0m[37m━━━━━━━━━━━━━[0m [1m4s[0m 370ms/step
[1m 7/17[0m [32m━━━━━━━━[0m[37m━━━━━━━━━━━━[0m [1m3s[0m 373ms/step
[1m 8/17[0m [32m━━━━━━━━━[0m[37m━━━━━━━━━━━[0m [1m3s[0m 376ms/step
[1m 9/17[0m [32m━━━━━━━━━━[0m[37m━━━━━━━━━━[0m [1m3s[0m 375ms/step
[1m10/17[0m [32m━━━━━━━━━━━[0m[37m━━━━━━━━━[0m [1m2s[0m 376ms/step
[1m11/17[0m [32m━━━━━━━━━━━━[0m[37m━━━━━━━━[0m [1m2s[0m 377ms/step
[1m12/17[0m [32m━━━━━━━━━━━━━━[0m[37m━━━━━━[0m [1m1s[0m 379ms/step
[1m13/17[0m [32m━━━━━━━━━━━━━━━[0m[37m━━━━━[0m [1m1s[0m 381ms/step
[1m14/17[0m [32m━━━━━━━━━━━━━━━━[0m[37m━━━━[0m [1m1s[0m 385ms/step
[1m15/17[0m [32m━━━━━━━━━━━━━━━━━[0m[37m━━━[0m [1m0s[0m 389ms/step
[1m16/17[0m [32m━━━━━━━━━━━━━━━━━━[0m[37m━━[0m [1m0s[0m 394ms/step
[1m17/17[0m [32m━━━━━━━━━━━━━━━━━━━━[0m[37m[0m [1m0s[0m 392ms/step
[1m17/17[0m [32m━━━━━━━━━━━━━━━━━━━━[0m[37m[0m [1m7s[0m 393ms/step

--- ANÁLISIS DE UMBRAL ÓPTIMO ---
Mejor Umbral detectado: 0.4757

Nueva Matriz de Confusión con Umbral Óptimo:
[[276  84]
 [ 19 153]]

Reporte de Clasificación:
              precision    recall  f1-score   support

           0       0.94      0.77      0.84       360
           1       0.65      0.89      0.75       172

    accuracy                           0.81       532
   macro avg       0.79      0.83      0.80       532
weighted avg       0.84      0.81      0.81       532


Auc: 0.8617086563307493
Umbral mas optimo:  0.47570667

[1m1/5[0m [32m━━━━[0m[37m━━━━━━━━━━━━━━━━[0m [1m1s[0m 429ms/step
[1m2/5[0m [32m━━━━━━━━[0m[37m━━━━━━━━━━━━[0m [1m1s[0m 376ms/step
[1m3/5[0m [32m━━━━━━━━━━━━[0m[37m━━━━━━━━[0m [1m0s[0m 366ms/step
[1m4/5[0m [32m━━━━━━━━━━━━━━━━[0m[37m━━━━[0m [1m0s[0m 374ms/step
[1m5/5[0m [32m━━━━━━━━━━━━━━━━━━━━[0m[37m[0m [1m0s[0m 294ms/step
[1m5/5[0m [32m━━━━━━━━━━━━━━━━━━━━[0m[37m[0m [1m2s[0m 299ms/step

✅ Reporte de Clasificación guardado en: C:\workspace\hd-image-pest-detection-cnn-and-rf\evaluation_results\CNN\RGB\binary_crossentropy\post_train_val\report_post_train_RGB_binary_crossentropy_20260716_1628_t47.json
✅ Matriz de Confusión guardada en: C:\workspace\hd-image-pest-detection-cnn-and-rf\evaluation_results\CNN\RGB\binary_crossentropy\post_train_val\report_post_train_RGB_binary_crossentropy_20260716_1628_t47_confusion.png
Matriz de confusión:
[[68 22]
 [ 5 38]]

--- RESUMEN DEL REPORTE DE CLASIFICACIÓN ---
              precision    recall  f1-score   support

       Plaga       0.93      0.76      0.83        90
        Sana       0.63      0.88      0.74        43

    accuracy                           0.80       133
   macro avg       0.78      0.82      0.79       133
weighted avg       0.84      0.80      0.80       133

✅ Reporte Markdown (Tabla) guardado en: C:\workspace\hd-image-pest-detection-cnn-and-rf\evaluation_results\CNN\RGB\binary_crossentropy\post_train_val\report_table_post_train_RGB_binary_crossentropy_20260716_1628_t47.md
✅ Curva ROC guardada en: C:\workspace\hd-image-pest-detection-cnn-and-rf\evaluation_results\CNN\RGB\binary_crossentropy\post_train_val\ROC_post_train_RGB_binary_crossentropy_20260716_1628_t0.47570666670799255.png
ROC guardada en C:\workspace\hd-image-pest-detection-cnn-and-rf\evaluation_results\CNN\RGB\binary_crossentropy\post_train_val\ROC_data_post_train_RGB_binary_crossentropy_20260716_1628_t0.47570666670799255.npz (AUC=0.8636)
