Modelo Random Forest con extracción CNN (loss_type=focal_loss)

--- [Fecha/hora inicio=20260716_1628] ---

--- [T=0.00s] ---
1. Iniciando entrenamiento Random Forest MULTIESPECTRAL

--- [Fecha/hora inicio=20260716_1628] ---

--- [T=0.00s] ---
1. Cargando datos...

--- [Fecha/hora inicio=20260716_1628] ---

--- [T=0.08s] ---
1. Carga de datos cnn Multiespectral

--- [Fecha/hora inicio=20260716_1628] ---

--- [T=0.11s] ---
2. Filtrado y extracción de datos

--- [Fecha/hora inicio=20260716_1628] ---

--- [T=0.11s] ---
2.1. Iniciando procesamiento de 665 imágenes etiquetadas...

--- [Fecha/hora inicio=20260716_1628] ---

--- [T=0.11s] ---
2.2. Archivos seleccionados: ['red.tif', 'red edge.tif', 'nir.tif', 'blue.tif', 'green.tif']

--- [Fecha/hora inicio=20260716_1629] ---

--- [T=0.00s] ---
7. Extracción de imágenes completada.

Datos listos para entrenamiento. Total de muestras: 665

Resumen de Datos Multiespectrales:
Total de parches extraídos: 665
X Train/Val Split: 532 / 133
Y Train/Val Split: 532 / 133
Forma X_train: (532, 224, 224, 5)
Forma Y_train: (532,)
Shape train: (532, 224, 224, 5)

--- [Fecha/hora inicio=20260716_1628] ---

--- [T=67.71s] ---
2. Cargando modelo CNN para extracción de features...
Feature extractor listo ✔

--- [Fecha/hora inicio=20260716_1628] ---

--- [T=67.82s] ---
3. Extrayendo features con CNN...

[1m 1/17[0m [32m━[0m[37m━━━━━━━━━━━━━━━━━━━[0m [1m8s[0m 530ms/step
[1m 2/17[0m [32m━━[0m[37m━━━━━━━━━━━━━━━━━━[0m [1m3s[0m 250ms/step
[1m 3/17[0m [32m━━━[0m[37m━━━━━━━━━━━━━━━━━[0m [1m3s[0m 251ms/step
[1m 4/17[0m [32m━━━━[0m[37m━━━━━━━━━━━━━━━━[0m [1m3s[0m 255ms/step
[1m 5/17[0m [32m━━━━━[0m[37m━━━━━━━━━━━━━━━[0m [1m3s[0m 269ms/step
[1m 6/17[0m [32m━━━━━━━[0m[37m━━━━━━━━━━━━━[0m [1m2s[0m 267ms/step
[1m 7/17[0m [32m━━━━━━━━[0m[37m━━━━━━━━━━━━[0m [1m2s[0m 267ms/step
[1m 8/17[0m [32m━━━━━━━━━[0m[37m━━━━━━━━━━━[0m [1m2s[0m 267ms/step
[1m 9/17[0m [32m━━━━━━━━━━[0m[37m━━━━━━━━━━[0m [1m2s[0m 266ms/step
[1m10/17[0m [32m━━━━━━━━━━━[0m[37m━━━━━━━━━[0m [1m1s[0m 264ms/step
[1m11/17[0m [32m━━━━━━━━━━━━[0m[37m━━━━━━━━[0m [1m1s[0m 263ms/step
[1m12/17[0m [32m━━━━━━━━━━━━━━[0m[37m━━━━━━[0m [1m1s[0m 265ms/step
[1m13/17[0m [32m━━━━━━━━━━━━━━━[0m[37m━━━━━[0m [1m1s[0m 266ms/step
[1m14/17[0m [32m━━━━━━━━━━━━━━━━[0m[37m━━━━[0m [1m0s[0m 264ms/step
[1m15/17[0m [32m━━━━━━━━━━━━━━━━━[0m[37m━━━[0m [1m0s[0m 264ms/step
[1m16/17[0m [32m━━━━━━━━━━━━━━━━━━[0m[37m━━[0m [1m0s[0m 264ms/step
[1m17/17[0m [32m━━━━━━━━━━━━━━━━━━━━[0m[37m[0m [1m0s[0m 259ms/step
[1m17/17[0m [32m━━━━━━━━━━━━━━━━━━━━[0m[37m[0m [1m5s[0m 260ms/step

[1m1/5[0m [32m━━━━[0m[37m━━━━━━━━━━━━━━━━[0m [1m1s[0m 293ms/step
[1m2/5[0m [32m━━━━━━━━[0m[37m━━━━━━━━━━━━[0m [1m0s[0m 244ms/step
[1m3/5[0m [32m━━━━━━━━━━━━[0m[37m━━━━━━━━[0m [1m0s[0m 246ms/step
[1m4/5[0m [32m━━━━━━━━━━━━━━━━[0m[37m━━━━[0m [1m0s[0m 250ms/step
[1m5/5[0m [32m━━━━━━━━━━━━━━━━━━━━[0m[37m[0m [1m1s[0m 199ms/step
Shape features train: (532, 64)

--- [Fecha/hora inicio=20260716_1628] ---

--- [T=73.81s] ---
4. Aplicando StandardScaler...
Pesos de Clase Calculados: Plaga (0): 1.11, Sana (1): 1.55
------------------------------
DEBUG - Conteo: Plaga: 360, Sana: 172
RESULTADO - Pesos Finales: Plaga (0): 1.11, Sana (1): 1.55
------------------------------

--- [Fecha/hora inicio=20260716_1628] ---

--- [T=73.81s] ---
5. Entrenando Random Forest...

--- [Fecha/hora inicio=20260716_1628] ---

--- [T=74.07s] ---
Finish. Entrenamiento completado ✔

--- [Fecha/hora inicio=20260716_1628] ---

--- [T=74.07s] ---
6. Evaluando modelo...

--- MATRIZ DE CONFUSIÓN ---
[[76 14]
 [ 4 39]]

--- REPORTE DE CLASIFICACIÓN ---
              precision    recall  f1-score   support

           0       0.95      0.84      0.89        90
           1       0.74      0.91      0.81        43

    accuracy                           0.86       133
   macro avg       0.84      0.88      0.85       133
weighted avg       0.88      0.86      0.87       133


AUC: 0.9341

--- [Fecha/hora inicio=20260716_1628] ---

--- [T=74.10s] ---
7. Guardando modelo...

Modelo RF + Scaler guardado en: C:\workspace\hd-image-pest-detection-cnn-and-rf\best_models\best_model_final_random_forest_MULTIESPECTRAL_20260716_1628.joblib
