Modelo cnn focal_loss | RGB? False | alpha 0.75 | gamma 2.0

--- [Fecha/hora inicio=20260716_1920] ---

--- [T=0.00s] ---
init. Iniciando entrenamiento MULTIESPECTRAL con perdida Focal Loss

--- [Fecha/hora inicio=20260716_1920] ---

--- [T=0.00s] ---
1. 1. Extrayendo datos

--- [Fecha/hora inicio=20260716_1920] ---

--- [T=0.08s] ---
1. Carga de datos cnn Multiespectral

--- [Fecha/hora inicio=20260716_1920] ---

--- [T=0.17s] ---
2. Filtrado y extracción de datos

--- [Fecha/hora inicio=20260716_1920] ---

--- [T=0.17s] ---
2.1. Iniciando procesamiento de 665 imágenes etiquetadas...

--- [Fecha/hora inicio=20260716_1920] ---

--- [T=0.17s] ---
2.2. Archivos seleccionados: ['red.tif', 'red edge.tif', 'nir.tif', 'blue.tif', 'green.tif']

--- [Fecha/hora inicio=20260716_1921] ---

--- [T=0.00s] ---
7. Extracción de imágenes completada.

Datos listos para entrenamiento. Total de muestras: 665

Resumen de Datos Multiespectrales:
Total de parches extraídos: 665
X Train/Val Split: 532 / 133
Y Train/Val Split: 532 / 133
Forma X_train: (532, 224, 224, 5)
Forma Y_train: (532,)
Shape train: (532, 224, 224, 5)
Pesos de Clase Calculados: Plaga (0): 1.11, Sana (1): 1.55
------------------------------
DEBUG - Conteo: Plaga: 360, Sana: 172
RESULTADO - Pesos Finales: Plaga (0): 1.11, Sana (1): 1.55
------------------------------
Epoch 1/80

[1m 1/17[0m [32m━[0m[37m━━━━━━━━━━━━━━━━━━━[0m [1m3:45[0m 14s/step - accuracy: 0.3750 - auc: 0.4273 - f2_macro: 0.4127 - f2_plaga: 0.1111 - loss: 0.0711 - precision: 0.3333 - recall: 1.0000 - recall_plaga: 0.0909
[1m 2/17[0m [32m━━[0m[37m━━━━━━━━━━━━━━━━━━[0m [1m31s[0m 2s/step - accuracy: 0.3516 - auc: 0.5177 - f2_macro: 0.3922 - f2_plaga: 0.0830 - loss: 0.0696 - precision: 0.3199 - recall: 1.0000 - recall_plaga: 0.0677  
[1m 3/17[0m [32m━━━[0m[37m━━━━━━━━━━━━━━━━━[0m [1m29s[0m 2s/step - accuracy: 0.3594 - auc: 0.5804 - f2_macro: 0.3935 - f2_plaga: 0.0750 - loss: 0.0695 - precision: 0.3315 - recall: 1.0000 - recall_plaga: 0.0610
[1m 4/17[0m [32m━━━━[0m[37m━━━━━━━━━━━━━━━━[0m [1m27s[0m 2s/step - accuracy: 0.3750 - auc: 0.6242 - f2_macro: 0.4046 - f2_plaga: 0.0860 - loss: 0.0694 - precision: 0.3445 - recall: 1.0000 - recall_plaga: 0.0701
[1m 5/17[0m [32m━━━━━[0m[37m━━━━━━━━━━━━━━━[0m [1m25s[0m 2s/step - accuracy: 0.3875 - auc: 0.6572 - f2_macro: 0.4149 - f2_plaga: 0.0994 - loss: 0.0691 - precision: 0.3531 - recall: 1.0000 - recall_plaga: 0.0813
[1m 6/17[0m [32m━━━━━━━[0m[37m━━━━━━━━━━━━━[0m [1m23s[0m 2s/step - accuracy: 0.3993 - auc: 0.6767 - f2_macro: 0.4258 - f2_plaga: 0.1151 - loss: 0.0688 - precision: 0.3602 - recall: 1.0000 - recall_plaga: 0.0947
[1m 7/17[0m [32m━━━━━━━━[0m[37m━━━━━━━━━━━━[0m [1m20s[0m 2s/step - accuracy: 0.4048 - auc: 0.6914 - f2_macro: 0.4322 - f2_plaga: 0.1271 - loss: 0.0684 - precision: 0.3611 - recall: 1.0000 - recall_plaga: 0.1048
[1m 8/17[0m [32m━━━━━━━━━[0m[37m━━━━━━━━━━━[0m [1m18s[0m 2s/step - accuracy: 0.4089 - auc: 0.7017 - f2_macro: 0.4372 - f2_plaga: 0.1363 - loss: 0.0681 - precision: 0.3617 - recall: 1.0000 - recall_plaga: 0.1127
[1m 9/17[0m [32m━━━━━━━━━━[0m[37m━━━━━━━━━━[0m [1m16s[0m 2s/step - accuracy: 0.4151 - auc: 0.7105 - f2_macro: 0.4436 - f2_plaga: 0.1468 - loss: 0.0678 - precision: 0.3644 - recall: 1.0000 - recall_plaga: 0.1217
[1m10/17[0m [32m━━━━━━━━━━━[0m[37m━━━━━━━━━[0m [1m14s[0m 2s/step - accuracy: 0.4211 - auc: 0.7166 - f2_macro: 0.4498 - f2_plaga: 0.1577 - loss: 0.0676 - precision: 0.3668 - recall: 0.9991 - recall_plaga: 0.1311
[1m11/17[0m [32m━━━━━━━━━━━━[0m[37m━━━━━━━━[0m [1m12s[0m 2s/step - accuracy: 0.4262 - auc: 0.7225 - f2_macro: 0.4554 - f2_plaga: 0.1679 - loss: 0.0673 - precision: 0.3684 - recall: 0.9984 - recall_plaga: 0.1399
[1m12/17[0m [32m━━━━━━━━━━━━━━[0m[37m━━━━━━[0m [1m9s[0m 2s/step - accuracy: 0.4319 - auc: 0.7289 - f2_macro: 0.4615 - f2_plaga: 0.1785 - loss: 0.0670 - precision: 0.3704 - recall: 0.9978 - recall_plaga: 0.1492 
[1m13/17[0m [32m━━━━━━━━━━━━━━━[0m[37m━━━━━[0m [1m7s[0m 2s/step - accuracy: 0.4374 - auc: 0.7349 - f2_macro: 0.4670 - f2_plaga: 0.1879 - loss: 0.0667 - precision: 0.3728 - recall: 0.9974 - recall_plaga: 0.1575
[1m14/17[0m [32m━━━━━━━━━━━━━━━━[0m[37m━━━━[0m [1m5s[0m 2s/step - accuracy: 0.4425 - auc: 0.7398 - f2_macro: 0.4722 - f2_plaga: 0.1967 - loss: 0.0664 - precision: 0.3751 - recall: 0.9972 - recall_plaga: 0.1652
[1m15/17[0m [32m━━━━━━━━━━━━━━━━━[0m[37m━━━[0m [1m3s[0m 2s/step - accuracy: 0.4470 - auc: 0.7441 - f2_macro: 0.4771 - f2_plaga: 0.2052 - loss: 0.0662 - precision: 0.3766 - recall: 0.9969 - recall_plaga: 0.1727
[1m16/17[0m [32m━━━━━━━━━━━━━━━━━━[0m[37m━━[0m [1m1s[0m 2s/step - accuracy: 0.4510 - auc: 0.7483 - f2_macro: 0.4814 - f2_plaga: 0.2130 - loss: 0.0659 - precision: 0.3779 - recall: 0.9967 - recall_plaga: 0.1795
[1m17/17[0m [32m━━━━━━━━━━━━━━━━━━━━[0m[37m[0m [1m0s[0m 2s/step - accuracy: 0.4549 - auc: 0.7521 - f2_macro: 0.4856 - f2_plaga: 0.2203 - loss: 0.0657 - precision: 0.3793 - recall: 0.9966 - recall_plaga: 0.1860
Epoch 1: val_f2_macro improved from None to 0.35246, saving model to C:\workspace\hd-image-pest-detection-cnn-and-rf\best_models\best_model_final_MULTIESPECTRAL_focal_loss.keras

[1m17/17[0m [32m━━━━━━━━━━━━━━━━━━━━[0m[37m[0m [1m51s[0m 2s/step - accuracy: 0.5169 - auc: 0.8135 - f2_macro: 0.5517 - f2_plaga: 0.3366 - loss: 0.0619 - precision: 0.4005 - recall: 0.9942 - recall_plaga: 0.2889 - val_accuracy: 0.3233 - val_auc: 0.5000 - val_f2_macro: 0.3525 - val_f2_plaga: 0.0000e+00 - val_loss: 0.0711 - val_precision: 0.3233 - val_recall: 1.0000 - val_recall_plaga: 0.0000e+00 - learning_rate: 1.0000e-04
Epoch 2/80

[1m 1/17[0m [32m━[0m[37m━━━━━━━━━━━━━━━━━━━[0m [1m31s[0m 2s/step - accuracy: 0.5938 - auc: 0.8295 - f2_macro: 0.6288 - f2_plaga: 0.4639 - loss: 0.0572 - precision: 0.4348 - recall: 1.0000 - recall_plaga: 0.4091
[1m 2/17[0m [32m━━[0m[37m━━━━━━━━━━━━━━━━━━[0m [1m31s[0m 2s/step - accuracy: 0.6094 - auc: 0.8478 - f2_macro: 0.6446 - f2_plaga: 0.4932 - loss: 0.0559 - precision: 0.4383 - recall: 1.0000 - recall_plaga: 0.4379
[1m 3/17[0m [32m━━━[0m[37m━━━━━━━━━━━━━━━━━[0m [1m28s[0m 2s/step - accuracy: 0.6285 - auc: 0.8570 - f2_macro: 0.6606 - f2_plaga: 0.5113 - loss: 0.0554 - precision: 0.4614 - recall: 1.0000 - recall_plaga: 0.4559
[1m 4/17[0m [32m━━━━[0m[37m━━━━━━━━━━━━━━━━[0m [1m27s[0m 2s/step - accuracy: 0.6432 - auc: 0.8609 - f2_macro: 0.6729 - f2_plaga: 0.5254 - loss: 0.0550 - precision: 0.4798 - recall: 1.0000 - recall_plaga: 0.4700
[1m 5/17[0m [32m━━━━━[0m[37m━━━━━━━━━━━━━━━[0m [1m24s[0m 2s/step - accuracy: 0.6508 - auc: 0.8635 - f2_macro: 0.6792 - f2_plaga: 0.5324 - loss: 0.0547 - precision: 0.4894 - recall: 1.0000 - recall_plaga: 0.4770
[1m 6/17[0m [32m━━━━━━━[0m[37m━━━━━━━━━━━━━[0m [1m22s[0m 2s/step - accuracy: 0.6569 - auc: 0.8626 - f2_macro: 0.6844 - f2_plaga: 0.5389 - loss: 0.0547 - precision: 0.4964 - recall: 1.0000 - recall_plaga: 0.4835
[1m 7/17[0m [32m━━━━━━━━[0m[37m━━━━━━━━━━━━[0m [1m20s[0m 2s/step - accuracy: 0.6581 - auc: 0.8612 - f2_macro: 0.6858 - f2_plaga: 0.5417 - loss: 0.0547 - precision: 0.4959 - recall: 1.0000 - recall_plaga: 0.4863
[1m 8/17[0m [32m━━━━━━━━━[0m[37m━━━━━━━━━━━[0m [1m17s[0m 2s/step - accuracy: 0.6584 - auc: 0.8576 - f2_macro: 0.6863 - f2_plaga: 0.5431 - loss: 0.0549 - precision: 0.4950 - recall: 1.0000 - recall_plaga: 0.4877
[1m 9/17[0m [32m━━━━━━━━━━[0m[37m━━━━━━━━━━[0m [1m15s[0m 2s/step - accuracy: 0.6597 - auc: 0.8552 - f2_macro: 0.6875 - f2_plaga: 0.5448 - loss: 0.0551 - precision: 0.4961 - recall: 1.0000 - recall_plaga: 0.4893
[1m10/17[0m [32m━━━━━━━━━━━[0m[37m━━━━━━━━━[0m [1m13s[0m 2s/step - accuracy: 0.6600 - auc: 0.8519 - f2_macro: 0.6877 - f2_plaga: 0.5456 - loss: 0.0553 - precision: 0.4963 - recall: 0.9991 - recall_plaga: 0.4902
[1m11/17[0m [32m━━━━━━━━━━━━[0m[37m━━━━━━━━[0m [1m11s[0m 2s/step - accuracy: 0.6607 - auc: 0.8490 - f2_macro: 0.6885 - f2_plaga: 0.5474 - loss: 0.0554 - precision: 0.4962 - recall: 0.9984 - recall_plaga: 0.4920
[1m12/17[0m [32m━━━━━━━━━━━━━━[0m[37m━━━━━━[0m [1m9s[0m 2s/step - accuracy: 0.6622 - auc: 0.8476 - f2_macro: 0.6900 - f2_plaga: 0.5502 - loss: 0.0555 - precision: 0.4970 - recall: 0.9978 - recall_plaga: 0.4949 
[1m13/17[0m [32m━━━━━━━━━━━━━━━[0m[37m━━━━━[0m [1m7s[0m 2s/step - accuracy: 0.6640 - auc: 0.8465 - f2_macro: 0.6916 - f2_plaga: 0.5532 - loss: 0.0555 - precision: 0.4984 - recall: 0.9969 - recall_plaga: 0.4980
[1m14/17[0m [32m━━━━━━━━━━━━━━━━[0m[37m━━━━[0m [1m5s[0m 2s/step - accuracy: 0.6657 - auc: 0.8455 - f2_macro: 0.6931 - f2_plaga: 0.5558 - loss: 0.0555 - precision: 0.4998 - recall: 0.9962 - recall_plaga: 0.5008
[1m15/17[0m [32m━━━━━━━━━━━━━━━━━[0m[37m━━━[0m [1m3s[0m 2s/step - accuracy: 0.6669 - auc: 0.8446 - f2_macro: 0.6943 - f2_plaga: 0.5582 - loss: 0.0556 - precision: 0.5002 - recall: 0.9956 - recall_plaga: 0.5032
[1m16/17[0m [32m━━━━━━━━━━━━━━━━━━[0m[37m━━[0m [1m1s[0m 2s/step - accuracy: 0.6681 - auc: 0.8441 - f2_macro: 0.6956 - f2_plaga: 0.5607 - loss: 0.0555 - precision: 0.5007 - recall: 0.9951 - recall_plaga: 0.5058
[1m17/17[0m [32m━━━━━━━━━━━━━━━━━━━━[0m[37m[0m [1m0s[0m 2s/step - accuracy: 0.6693 - auc: 0.8437 - f2_macro: 0.6967 - f2_plaga: 0.5629 - loss: 0.0555 - precision: 0.5012 - recall: 0.9947 - recall_plaga: 0.5080
Epoch 2: val_f2_macro improved from 0.35246 to 0.45639, saving model to C:\workspace\hd-image-pest-detection-cnn-and-rf\best_models\best_model_final_MULTIESPECTRAL_focal_loss.keras

[1m17/17[0m [32m━━━━━━━━━━━━━━━━━━━━[0m[37m[0m [1m31s[0m 2s/step - accuracy: 0.6880 - auc: 0.8365 - f2_macro: 0.7150 - f2_plaga: 0.5983 - loss: 0.0553 - precision: 0.5090 - recall: 0.9884 - recall_plaga: 0.5444 - val_accuracy: 0.6767 - val_auc: 0.7948 - val_f2_macro: 0.4564 - val_f2_plaga: 0.9128 - val_loss: 0.0715 - val_precision: 0.0000e+00 - val_recall: 0.0000e+00 - val_recall_plaga: 1.0000 - learning_rate: 1.0000e-04
Epoch 3/80

[1m 1/17[0m [32m━[0m[37m━━━━━━━━━━━━━━━━━━━[0m [1m25s[0m 2s/step - accuracy: 0.7188 - auc: 0.9182 - f2_macro: 0.7455 - f2_plaga: 0.6436 - loss: 0.0466 - precision: 0.5263 - recall: 1.0000 - recall_plaga: 0.5909
[1m 2/17[0m [32m━━[0m[37m━━━━━━━━━━━━━━━━━━[0m [1m22s[0m 2s/step - accuracy: 0.7188 - auc: 0.9184 - f2_macro: 0.7460 - f2_plaga: 0.6479 - loss: 0.0463 - precision: 0.5199 - recall: 1.0000 - recall_plaga: 0.5955
[1m 3/17[0m [32m━━━[0m[37m━━━━━━━━━━━━━━━━━[0m [1m20s[0m 1s/step - accuracy: 0.7292 - auc: 0.9173 - f2_macro: 0.7545 - f2_plaga: 0.6553 - loss: 0.0465 - precision: 0.5396 - recall: 1.0000 - recall_plaga: 0.6033
[1m 4/17[0m [32m━━━━[0m[37m━━━━━━━━━━━━━━━━[0m [1m18s[0m 1s/step - accuracy: 0.7363 - auc: 0.9146 - f2_macro: 0.7598 - f2_plaga: 0.6621 - loss: 0.0468 - precision: 0.5547 - recall: 0.9946 - recall_plaga: 0.6110
[1m 5/17[0m [32m━━━━━[0m[37m━━━━━━━━━━━━━━━[0m [1m17s[0m 1s/step - accuracy: 0.7391 - auc: 0.9139 - f2_macro: 0.7616 - f2_plaga: 0.6638 - loss: 0.0468 - precision: 0.5617 - recall: 0.9921 - recall_plaga: 0.6131
[1m 6/17[0m [32m━━━━━━━[0m[37m━━━━━━━━━━━━━[0m [1m15s[0m 1s/step - accuracy: 0.7400 - auc: 0.9107 - f2_macro: 0.7621 - f2_plaga: 0.6637 - loss: 0.0471 - precision: 0.5651 - recall: 0.9910 - recall_plaga: 0.6131
[1m 7/17[0m [32m━━━━━━━━[0m[37m━━━━━━━━━━━━[0m [1m14s[0m 1s/step - accuracy: 0.7383 - auc: 0.9083 - f2_macro: 0.7605 - f2_plaga: 0.6623 - loss: 0.0472 - precision: 0.5623 - recall: 0.9903 - recall_plaga: 0.6116
[1m 8/17[0m [32m━━━━━━━━━[0m[37m━━━━━━━━━━━[0m [1m13s[0m 1s/step - accuracy: 0.7373 - auc: 0.9052 - f2_macro: 0.7596 - f2_plaga: 0.6623 - loss: 0.0474 - precision: 0.5605 - recall: 0.9885 - recall_plaga: 0.6117
[1m 9/17[0m [32m━━━━━━━━━━[0m[37m━━━━━━━━━━[0m [1m12s[0m 2s/step - accuracy: 0.7364 - auc: 0.9024 - f2_macro: 0.7585 - f2_plaga: 0.6622 - loss: 0.0476 - precision: 0.5601 - recall: 0.9852 - recall_plaga: 0.6118
[1m10/17[0m [32m━━━━━━━━━━━[0m[37m━━━━━━━━━[0m [1m10s[0m 2s/step - accuracy: 0.7349 - auc: 0.8984 - f2_macro: 0.7567 - f2_plaga: 0.6621 - loss: 0.0479 - precision: 0.5590 - recall: 0.9802 - recall_plaga: 0.6121
[1m11/17[0m [32m━━━━━━━━━━━━[0m[37m━━━━━━━━[0m [1m9s[0m 2s/step - accuracy: 0.7342 - auc: 0.8950 - f2_macro: 0.7558 - f2_plaga: 0.6629 - loss: 0.0482 - precision: 0.5580 - recall: 0.9764 - recall_plaga: 0.6133 
[1m12/17[0m [32m━━━━━━━━━━━━━━[0m[37m━━━━━━[0m [1m7s[0m 2s/step - accuracy: 0.7342 - auc: 0.8926 - f2_macro: 0.7555 - f2_plaga: 0.6644 - loss: 0.0483 - precision: 0.5579 - recall: 0.9731 - recall_plaga: 0.6151
[1m13/17[0m [32m━━━━━━━━━━━━━━━[0m[37m━━━━━[0m [1m6s[0m 2s/step - accuracy: 0.7347 - auc: 0.8908 - f2_macro: 0.7556 - f2_plaga: 0.6664 - loss: 0.0485 - precision: 0.5587 - recall: 0.9696 - recall_plaga: 0.6175
[1m14/17[0m [32m━━━━━━━━━━━━━━━━[0m[37m━━━━[0m [1m4s[0m 2s/step - accuracy: 0.7349 - auc: 0.8891 - f2_macro: 0.7554 - f2_plaga: 0.6677 - loss: 0.0486 - precision: 0.5591 - recall: 0.9666 - recall_plaga: 0.6192
[1m15/17[0m [32m━━━━━━━━━━━━━━━━━[0m[37m━━━[0m [1m2s[0m 1s/step - accuracy: 0.7352 - auc: 0.8874 - f2_macro: 0.7555 - f2_plaga: 0.6694 - loss: 0.0487 - precision: 0.5592 - recall: 0.9641 - recall_plaga: 0.6211
[1m16/17[0m [32m━━━━━━━━━━━━━━━━━━[0m[37m━━[0m [1m1s[0m 1s/step - accuracy: 0.7356 - auc: 0.8863 - f2_macro: 0.7558 - f2_plaga: 0.6710 - loss: 0.0488 - precision: 0.5592 - recall: 0.9622 - recall_plaga: 0.6230
[1m17/17[0m [32m━━━━━━━━━━━━━━━━━━━━[0m[37m[0m [1m0s[0m 1s/step - accuracy: 0.7361 - auc: 0.8851 - f2_macro: 0.7561 - f2_plaga: 0.6725 - loss: 0.0488 - precision: 0.5595 - recall: 0.9606 - recall_plaga: 0.6248
Epoch 3: val_f2_macro did not improve from 0.45639

[1m17/17[0m [32m━━━━━━━━━━━━━━━━━━━━[0m[37m[0m [1m26s[0m 2s/step - accuracy: 0.7444 - auc: 0.8665 - f2_macro: 0.7617 - f2_plaga: 0.6969 - loss: 0.0500 - precision: 0.5629 - recall: 0.9360 - recall_plaga: 0.6528 - val_accuracy: 0.6767 - val_auc: 0.5000 - val_f2_macro: 0.4564 - val_f2_plaga: 0.9128 - val_loss: 0.0719 - val_precision: 0.0000e+00 - val_recall: 0.0000e+00 - val_recall_plaga: 1.0000 - learning_rate: 1.0000e-04
Epoch 4/80

[1m 1/17[0m [32m━[0m[37m━━━━━━━━━━━━━━━━━━━[0m [1m22s[0m 1s/step - accuracy: 0.7812 - auc: 0.9273 - f2_macro: 0.8027 - f2_plaga: 0.7282 - loss: 0.0404 - precision: 0.5882 - recall: 1.0000 - recall_plaga: 0.6818
[1m 2/17[0m [32m━━[0m[37m━━━━━━━━━━━━━━━━━━[0m [1m22s[0m 2s/step - accuracy: 0.7812 - auc: 0.9297 - f2_macro: 0.8029 - f2_plaga: 0.7314 - loss: 0.0413 - precision: 0.5820 - recall: 1.0000 - recall_plaga: 0.6854
[1m 3/17[0m [32m━━━[0m[37m━━━━━━━━━━━━━━━━━[0m [1m22s[0m 2s/step - accuracy: 0.7847 - auc: 0.9314 - f2_macro: 0.8044 - f2_plaga: 0.7345 - loss: 0.0414 - precision: 0.5971 - recall: 0.9899 - recall_plaga: 0.6897
[1m 4/17[0m [32m━━━━[0m[37m━━━━━━━━━━━━━━━━[0m [1m20s[0m 2s/step - accuracy: 0.7839 - auc: 0.9294 - f2_macro: 0.8013 - f2_plaga: 0.7368 - loss: 0.0417 - precision: 0.6070 - recall: 0.9707 - recall_plaga: 0.6941
[1m 5/17[0m [32m━━━━━[0m[37m━━━━━━━━━━━━━━━[0m [1m18s[0m 2s/step - accuracy: 0.7846 - auc: 0.9272 - f2_macro: 0.8009 - f2_plaga: 0.7387 - loss: 0.0421 - precision: 0.6133 - recall: 0.9625 - recall_plaga: 0.6970
[1m 6/17[0m [32m━━━━━━━[0m[37m━━━━━━━━━━━━━[0m [1m16s[0m 2s/step - accuracy: 0.7823 - auc: 0.9225 - f2_macro: 0.7978 - f2_plaga: 0.7375 - loss: 0.0426 - precision: 0.6144 - recall: 0.9541 - recall_plaga: 0.6965
[1m 7/17[0m [32m━━━━━━━━[0m[37m━━━━━━━━━━━━[0m [1m15s[0m 2s/step - accuracy: 0.7790 - auc: 0.9182 - f2_macro: 0.7942 - f2_plaga: 0.7353 - loss: 0.0431 - precision: 0.6099 - recall: 0.9489 - recall_plaga: 0.6944
[1m 8/17[0m [32m━━━━━━━━━[0m[37m━━━━━━━━━━━[0m [1m13s[0m 2s/step - accuracy: 0.7773 - auc: 0.9135 - f2_macro: 0.7924 - f2_plaga: 0.7344 - loss: 0.0436 - precision: 0.6071 - recall: 0.9462 - recall_plaga: 0.6936
[1m 9/17[0m [32m━━━━━━━━━━[0m[37m━━━━━━━━━━[0m [1m12s[0m 2s/step - accuracy: 0.7766 - auc: 0.9096 - f2_macro: 0.7915 - f2_plaga: 0.7340 - loss: 0.0440 - precision: 0.6068 - recall: 0.9442 - recall_plaga: 0.6933
[1m10/17[0m [32m━━━━━━━━━━━[0m[37m━━━━━━━━━[0m [1m10s[0m 2s/step - accuracy: 0.7752 - auc: 0.9048 - f2_macro: 0.7899 - f2_plaga: 0.7331 - loss: 0.0445 - precision: 0.6055 - recall: 0.9414 - recall_plaga: 0.6925
[1m11/17[0m [32m━━━━━━━━━━━━[0m[37m━━━━━━━━[0m [1m9s[0m 2s/step - accuracy: 0.7744 - auc: 0.9006 - f2_macro: 0.7891 - f2_plaga: 0.7330 - loss: 0.0450 - precision: 0.6043 - recall: 0.9396 - recall_plaga: 0.6925 
[1m12/17[0m [32m━━━━━━━━━━━━━━[0m[37m━━━━━━[0m [1m7s[0m 2s/step - accuracy: 0.7739 - auc: 0.8973 - f2_macro: 0.7883 - f2_plaga: 0.7332 - loss: 0.0453 - precision: 0.6036 - recall: 0.9373 - recall_plaga: 0.6929
[1m13/17[0m [32m━━━━━━━━━━━━━━━[0m[37m━━━━━[0m [1m6s[0m 2s/step - accuracy: 0.7739 - auc: 0.8946 - f2_macro: 0.7881 - f2_plaga: 0.7341 - loss: 0.0456 - precision: 0.6040 - recall: 0.9350 - recall_plaga: 0.6940
[1m14/17[0m [32m━━━━━━━━━━━━━━━━[0m[37m━━━━[0m [1m4s[0m 2s/step - accuracy: 0.7743 - auc: 0.8922 - f2_macro: 0.7882 - f2_plaga: 0.7352 - loss: 0.0459 - precision: 0.6048 - recall: 0.9329 - recall_plaga: 0.6955
[1m15/17[0m [32m━━━━━━━━━━━━━━━━━[0m[37m━━━[0m [1m3s[0m 2s/step - accuracy: 0.7742 - auc: 0.8900 - f2_macro: 0.7879 - f2_plaga: 0.7358 - loss: 0.0461 - precision: 0.6044 - recall: 0.9314 - recall_plaga: 0.6963
[1m16/17[0m [32m━━━━━━━━━━━━━━━━━━[0m[37m━━[0m [1m1s[0m 2s/step - accuracy: 0.7743 - auc: 0.8884 - f2_macro: 0.7879 - f2_plaga: 0.7365 - loss: 0.0463 - precision: 0.6041 - recall: 0.9304 - recall_plaga: 0.6971
[1m17/17[0m [32m━━━━━━━━━━━━━━━━━━━━[0m[37m[0m [1m0s[0m 2s/step - accuracy: 0.7744 - auc: 0.8870 - f2_macro: 0.7879 - f2_plaga: 0.7370 - loss: 0.0464 - precision: 0.6039 - recall: 0.9297 - recall_plaga: 0.6977
Epoch 4: val_f2_macro did not improve from 0.45639

[1m17/17[0m [32m━━━━━━━━━━━━━━━━━━━━[0m[37m[0m [1m28s[0m 2s/step - accuracy: 0.7763 - auc: 0.8635 - f2_macro: 0.7884 - f2_plaga: 0.7461 - loss: 0.0487 - precision: 0.6008 - recall: 0.9186 - recall_plaga: 0.7083 - val_accuracy: 0.6767 - val_auc: 0.5000 - val_f2_macro: 0.4564 - val_f2_plaga: 0.9128 - val_loss: 0.0723 - val_precision: 0.0000e+00 - val_recall: 0.0000e+00 - val_recall_plaga: 1.0000 - learning_rate: 1.0000e-04
Epoch 5/80

[1m 1/17[0m [32m━[0m[37m━━━━━━━━━━━━━━━━━━━[0m [1m3:49[0m 14s/step - accuracy: 0.8438 - auc: 0.8955 - f2_macro: 0.8593 - f2_plaga: 0.8095 - loss: 0.0434 - precision: 0.6667 - recall: 1.0000 - recall_plaga: 0.7727
[1m 2/17[0m [32m━━[0m[37m━━━━━━━━━━━━━━━━━━[0m [1m26s[0m 2s/step - accuracy: 0.8438 - auc: 0.8986 - f2_macro: 0.8555 - f2_plaga: 0.8195 - loss: 0.0430 - precision: 0.6667 - recall: 0.9737 - recall_plaga: 0.7864  
[1m 3/17[0m [32m━━━[0m[37m━━━━━━━━━━━━━━━━━[0m [1m24s[0m 2s/step - accuracy: 0.8438 - auc: 0.9068 - f2_macro: 0.8542 - f2_plaga: 0.8205 - loss: 0.0421 - precision: 0.6793 - recall: 0.9623 - recall_plaga: 0.7888
[1m 4/17[0m [32m━━━━[0m[37m━━━━━━━━━━━━━━━━[0m [1m22s[0m 2s/step - accuracy: 0.8418 - auc: 0.9111 - f2_macro: 0.8510 - f2_plaga: 0.8200 - loss: 0.0418 - precision: 0.6874 - recall: 0.9500 - recall_plaga: 0.7898
[1m 5/17[0m [32m━━━━━[0m[37m━━━━━━━━━━━━━━━[0m [1m21s[0m 2s/step - accuracy: 0.8409 - auc: 0.9136 - f2_macro: 0.8497 - f2_plaga: 0.8190 - loss: 0.0416 - precision: 0.6913 - recall: 0.9459 - recall_plaga: 0.7891
[1m 6/17[0m [32m━━━━━━━[0m[37m━━━━━━━━━━━━━[0m [1m19s[0m 2s/step - accuracy: 0.8371 - auc: 0.9129 - f2_macro: 0.8456 - f2_plaga: 0.8151 - loss: 0.0418 - precision: 0.6896 - recall: 0.9402 - recall_plaga: 0.7853
[1m 7/17[0m [32m━━━━━━━━[0m[37m━━━━━━━━━━━━[0m [1m18s[0m 2s/step - accuracy: 0.8323 - auc: 0.9115 - f2_macro: 0.8409 - f2_plaga: 0.8103 - loss: 0.0419 - precision: 0.6823 - recall: 0.9370 - recall_plaga: 0.7800
[1m 8/17[0m [32m━━━━━━━━━[0m[37m━━━━━━━━━━━[0m [1m16s[0m 2s/step - accuracy: 0.8279 - auc: 0.9091 - f2_macro: 0.8364 - f2_plaga: 0.8063 - loss: 0.0423 - precision: 0.6758 - recall: 0.9329 - recall_plaga: 0.7757
[1m 9/17[0m [32m━━━━━━━━━━[0m[37m━━━━━━━━━━[0m [1m14s[0m 2s/step - accuracy: 0.8246 - auc: 0.9070 - f2_macro: 0.8328 - f2_plaga: 0.8037 - loss: 0.0425 - precision: 0.6725 - recall: 0.9277 - recall_plaga: 0.7733
[1m10/17[0m [32m━━━━━━━━━━━[0m[37m━━━━━━━━━[0m [1m12s[0m 2s/step - accuracy: 0.8206 - auc: 0.9030 - f2_macro: 0.8285 - f2_plaga: 0.8005 - loss: 0.0430 - precision: 0.6681 - recall: 0.9219 - recall_plaga: 0.7701
[1m11/17[0m [32m━━━━━━━━━━━━[0m[37m━━━━━━━━[0m [1m11s[0m 2s/step - accuracy: 0.8175 - auc: 0.8994 - f2_macro: 0.8252 - f2_plaga: 0.7980 - loss: 0.0434 - precision: 0.6640 - recall: 0.9179 - recall_plaga: 0.7676
[1m12/17[0m [32m━━━━━━━━━━━━━━[0m[37m━━━━━━[0m [1m9s[0m 2s/step - accuracy: 0.8156 - auc: 0.8970 - f2_macro: 0.8231 - f2_plaga: 0.7967 - loss: 0.0436 - precision: 0.6616 - recall: 0.9148 - recall_plaga: 0.7663 
[1m13/17[0m [32m━━━━━━━━━━━━━━━[0m[37m━━━━━[0m [1m7s[0m 2s/step - accuracy: 0.8142 - auc: 0.8951 - f2_macro: 0.8215 - f2_plaga: 0.7959 - loss: 0.0439 - precision: 0.6603 - recall: 0.9120 - recall_plaga: 0.7657
[1m14/17[0m [32m━━━━━━━━━━━━━━━━[0m[37m━━━━[0m [1m5s[0m 2s/step - accuracy: 0.8125 - auc: 0.8930 - f2_macro: 0.8194 - f2_plaga: 0.7951 - loss: 0.0441 - precision: 0.6589 - recall: 0.9078 - recall_plaga: 0.7652
[1m15/17[0m [32m━━━━━━━━━━━━━━━━━[0m[37m━━━[0m [1m3s[0m 2s/step - accuracy: 0.8110 - auc: 0.8910 - f2_macro: 0.8175 - f2_plaga: 0.7945 - loss: 0.0444 - precision: 0.6570 - recall: 0.9041 - recall_plaga: 0.7648
[1m16/17[0m [32m━━━━━━━━━━━━━━━━━━[0m[37m━━[0m [1m1s[0m 2s/step - accuracy: 0.8099 - auc: 0.8895 - f2_macro: 0.8161 - f2_plaga: 0.7941 - loss: 0.0445 - precision: 0.6554 - recall: 0.9014 - recall_plaga: 0.7645
[1m17/17[0m [32m━━━━━━━━━━━━━━━━━━━━[0m[37m[0m [1m0s[0m 2s/step - accuracy: 0.8089 - auc: 0.8882 - f2_macro: 0.8150 - f2_plaga: 0.7936 - loss: 0.0447 - precision: 0.6539 - recall: 0.8993 - recall_plaga: 0.7642
Epoch 5: val_f2_macro did not improve from 0.45639

[1m17/17[0m [32m━━━━━━━━━━━━━━━━━━━━[0m[37m[0m [1m45s[0m 2s/step - accuracy: 0.7932 - auc: 0.8660 - f2_macro: 0.7963 - f2_plaga: 0.7863 - loss: 0.0472 - precision: 0.6314 - recall: 0.8663 - recall_plaga: 0.7583 - val_accuracy: 0.6767 - val_auc: 0.5000 - val_f2_macro: 0.4564 - val_f2_plaga: 0.9128 - val_loss: 0.0726 - val_precision: 0.0000e+00 - val_recall: 0.0000e+00 - val_recall_plaga: 1.0000 - learning_rate: 1.0000e-04
Epoch 6/80

[1m 1/17[0m [32m━[0m[37m━━━━━━━━━━━━━━━━━━━[0m [1m2:41[0m 10s/step - accuracy: 0.8438 - auc: 0.9114 - f2_macro: 0.8593 - f2_plaga: 0.8095 - loss: 0.0409 - precision: 0.6667 - recall: 1.0000 - recall_plaga: 0.7727
[1m 2/17[0m [32m━━[0m[37m━━━━━━━━━━━━━━━━━━[0m [1m27s[0m 2s/step - accuracy: 0.8516 - auc: 0.9194 - f2_macro: 0.8664 - f2_plaga: 0.8214 - loss: 0.0399 - precision: 0.6726 - recall: 1.0000 - recall_plaga: 0.7864  
[1m 3/17[0m [32m━━━[0m[37m━━━━━━━━━━━━━━━━━[0m [1m25s[0m 2s/step - accuracy: 0.8559 - auc: 0.9267 - f2_macro: 0.8689 - f2_plaga: 0.8272 - loss: 0.0390 - precision: 0.6908 - recall: 0.9899 - recall_plaga: 0.7941
[1m 4/17[0m [32m━━━━[0m[37m━━━━━━━━━━━━━━━━[0m [1m23s[0m 2s/step - accuracy: 0.8568 - auc: 0.9312 - f2_macro: 0.8685 - f2_plaga: 0.8288 - loss: 0.0387 - precision: 0.7015 - recall: 0.9816 - recall_plaga: 0.7968
[1m 5/17[0m [32m━━━━━[0m[37m━━━━━━━━━━━━━━━[0m [1m22s[0m 2s/step - accuracy: 0.8554 - auc: 0.9333 - f2_macro: 0.8668 - f2_plaga: 0.8266 - loss: 0.0385 - precision: 0.7040 - recall: 0.9782 - recall_plaga: 0.7947
[1m 6/17[0m [32m━━━━━━━[0m[37m━━━━━━━━━━━━━[0m [1m21s[0m 2s/step - accuracy: 0.8509 - auc: 0.9322 - f2_macro: 0.8619 - f2_plaga: 0.8219 - loss: 0.0387 - precision: 0.7014 - recall: 0.9721 - recall_plaga: 0.7899
[1m 7/17[0m [32m━━━━━━━━[0m[37m━━━━━━━━━━━━[0m [1m19s[0m 2s/step - accuracy: 0.8447 - auc: 0.9306 - f2_macro: 0.8560 - f2_plaga: 0.8156 - loss: 0.0389 - precision: 0.6925 - recall: 0.9682 - recall_plaga: 0.7831
[1m 8/17[0m [32m━━━━━━━━━[0m[37m━━━━━━━━━━━[0m [1m17s[0m 2s/step - accuracy: 0.8393 - auc: 0.9280 - f2_macro: 0.8504 - f2_plaga: 0.8105 - loss: 0.0393 - precision: 0.6848 - recall: 0.9632 - recall_plaga: 0.7777
[1m 9/17[0m [32m━━━━━━━━━━[0m[37m━━━━━━━━━━[0m [1m15s[0m 2s/step - accuracy: 0.8344 - auc: 0.9252 - f2_macro: 0.8452 - f2_plaga: 0.8062 - loss: 0.0396 - precision: 0.6796 - recall: 0.9569 - recall_plaga: 0.7733
[1m10/17[0m [32m━━━━━━━━━━━[0m[37m━━━━━━━━━[0m [1m13s[0m 2s/step - accuracy: 0.8294 - auc: 0.9208 - f2_macro: 0.8400 - f2_plaga: 0.8017 - loss: 0.0402 - precision: 0.6739 - recall: 0.9510 - recall_plaga: 0.7687
[1m11/17[0m [32m━━━━━━━━━━━━[0m[37m━━━━━━━━[0m [1m11s[0m 2s/step - accuracy: 0.8252 - auc: 0.9171 - f2_macro: 0.8358 - f2_plaga: 0.7979 - loss: 0.0406 - precision: 0.6686 - recall: 0.9467 - recall_plaga: 0.7648
[1m12/17[0m [32m━━━━━━━━━━━━━━[0m[37m━━━━━━[0m [1m9s[0m 2s/step - accuracy: 0.8224 - auc: 0.9144 - f2_macro: 0.8328 - f2_plaga: 0.7956 - loss: 0.0409 - precision: 0.6651 - recall: 0.9432 - recall_plaga: 0.7624 
[1m13/17[0m [32m━━━━━━━━━━━━━━━[0m[37m━━━━━[0m [1m7s[0m 2s/step - accuracy: 0.8206 - auc: 0.9121 - f2_macro: 0.8307 - f2_plaga: 0.7943 - loss: 0.0412 - precision: 0.6632 - recall: 0.9398 - recall_plaga: 0.7613
[1m14/17[0m [32m━━━━━━━━━━━━━━━━[0m[37m━━━━[0m [1m5s[0m 2s/step - accuracy: 0.8192 - auc: 0.9101 - f2_macro: 0.8291 - f2_plaga: 0.7935 - loss: 0.0415 - precision: 0.6620 - recall: 0.9370 - recall_plaga: 0.7606
[1m15/17[0m [32m━━━━━━━━━━━━━━━━━[0m[37m━━━[0m [1m3s[0m 2s/step - accuracy: 0.8179 - auc: 0.9080 - f2_macro: 0.8276 - f2_plaga: 0.7928 - loss: 0.0417 - precision: 0.6603 - recall: 0.9344 - recall_plaga: 0.7601
[1m16/17[0m [32m━━━━━━━━━━━━━━━━━━[0m[37m━━[0m [1m1s[0m 2s/step - accuracy: 0.8170 - auc: 0.9064 - f2_macro: 0.8265 - f2_plaga: 0.7924 - loss: 0.0419 - precision: 0.6588 - recall: 0.9324 - recall_plaga: 0.7598
[1m17/17[0m [32m━━━━━━━━━━━━━━━━━━━━[0m[37m[0m [1m0s[0m 2s/step - accuracy: 0.8162 - auc: 0.9049 - f2_macro: 0.8257 - f2_plaga: 0.7921 - loss: 0.0421 - precision: 0.6577 - recall: 0.9309 - recall_plaga: 0.7595
Epoch 6: ReduceLROnPlateau reducing learning rate to 4.999999873689376e-05.

Epoch 6: val_f2_macro did not improve from 0.45639

[1m17/17[0m [32m━━━━━━━━━━━━━━━━━━━━[0m[37m[0m [1m41s[0m 2s/step - accuracy: 0.8045 - auc: 0.8802 - f2_macro: 0.8120 - f2_plaga: 0.7870 - loss: 0.0451 - precision: 0.6393 - recall: 0.9070 - recall_plaga: 0.7556 - val_accuracy: 0.6767 - val_auc: 0.5000 - val_f2_macro: 0.4564 - val_f2_plaga: 0.9128 - val_loss: 0.0728 - val_precision: 0.0000e+00 - val_recall: 0.0000e+00 - val_recall_plaga: 1.0000 - learning_rate: 1.0000e-04
Epoch 7/80

[1m 1/17[0m [32m━[0m[37m━━━━━━━━━━━━━━━━━━━[0m [1m23s[0m 1s/step - accuracy: 0.8750 - auc: 0.9205 - f2_macro: 0.8875 - f2_plaga: 0.8491 - loss: 0.0365 - precision: 0.7143 - recall: 1.0000 - recall_plaga: 0.8182
[1m 2/17[0m [32m━━[0m[37m━━━━━━━━━━━━━━━━━━[0m [1m23s[0m 2s/step - accuracy: 0.8750 - auc: 0.9333 - f2_macro: 0.8875 - f2_plaga: 0.8508 - loss: 0.0352 - precision: 0.7090 - recall: 1.0000 - recall_plaga: 0.8202
[1m 3/17[0m [32m━━━[0m[37m━━━━━━━━━━━━━━━━━[0m [1m22s[0m 2s/step - accuracy: 0.8715 - auc: 0.9352 - f2_macro: 0.8830 - f2_plaga: 0.8468 - loss: 0.0354 - precision: 0.7151 - recall: 0.9899 - recall_plaga: 0.8166
[1m 4/17[0m [32m━━━━[0m[37m━━━━━━━━━━━━━━━━[0m [1m20s[0m 2s/step - accuracy: 0.8685 - auc: 0.9356 - f2_macro: 0.8785 - f2_plaga: 0.8455 - loss: 0.0359 - precision: 0.7217 - recall: 0.9761 - recall_plaga: 0.8168
[1m 5/17[0m [32m━━━━━[0m[37m━━━━━━━━━━━━━━━[0m [1m19s[0m 2s/step - accuracy: 0.8648 - auc: 0.9357 - f2_macro: 0.8744 - f2_plaga: 0.8414 - loss: 0.0361 - precision: 0.7213 - recall: 0.9704 - recall_plaga: 0.8126
[1m 6/17[0m [32m━━━━━━━[0m[37m━━━━━━━━━━━━━[0m [1m17s[0m 2s/step - accuracy: 0.8595 - auc: 0.9314 - f2_macro: 0.8688 - f2_plaga: 0.8364 - loss: 0.0369 - precision: 0.7178 - recall: 0.9631 - recall_plaga: 0.8076
[1m 7/17[0m [32m━━━━━━━━[0m[37m━━━━━━━━━━━━[0m [1m15s[0m 2s/step - accuracy: 0.8541 - auc: 0.9284 - f2_macro: 0.8633 - f2_plaga: 0.8312 - loss: 0.0375 - precision: 0.7095 - recall: 0.9585 - recall_plaga: 0.8019
[1m 8/17[0m [32m━━━━━━━━━[0m[37m━━━━━━━━━━━[0m [1m14s[0m 2s/step - accuracy: 0.8484 - auc: 0.9244 - f2_macro: 0.8573 - f2_plaga: 0.8264 - loss: 0.0381 - precision: 0.7017 - recall: 0.9517 - recall_plaga: 0.7971
[1m 9/17[0m [32m━━━━━━━━━━[0m[37m━━━━━━━━━━[0m [1m12s[0m 2s/step - accuracy: 0.8440 - auc: 0.9210 - f2_macro: 0.8524 - f2_plaga: 0.8232 - loss: 0.0387 - precision: 0.6972 - recall: 0.9444 - recall_plaga: 0.7940
[1m10/17[0m [32m━━━━━━━━━━━[0m[37m━━━━━━━━━[0m [1m10s[0m 2s/step - accuracy: 0.8393 - auc: 0.9171 - f2_macro: 0.8473 - f2_plaga: 0.8193 - loss: 0.0393 - precision: 0.6919 - recall: 0.9379 - recall_plaga: 0.7902
[1m11/17[0m [32m━━━━━━━━━━━━[0m[37m━━━━━━━━[0m [1m9s[0m 2s/step - accuracy: 0.8356 - auc: 0.9136 - f2_macro: 0.8434 - f2_plaga: 0.8162 - loss: 0.0398 - precision: 0.6869 - recall: 0.9332 - recall_plaga: 0.7870 
[1m12/17[0m [32m━━━━━━━━━━━━━━[0m[37m━━━━━━[0m [1m7s[0m 2s/step - accuracy: 0.8328 - auc: 0.9110 - f2_macro: 0.8403 - f2_plaga: 0.8142 - loss: 0.0402 - precision: 0.6835 - recall: 0.9289 - recall_plaga: 0.7851
[1m13/17[0m [32m━━━━━━━━━━━━━━━[0m[37m━━━━━[0m [1m6s[0m 2s/step - accuracy: 0.8307 - auc: 0.9089 - f2_macro: 0.8379 - f2_plaga: 0.8128 - loss: 0.0405 - precision: 0.6813 - recall: 0.9249 - recall_plaga: 0.7838
[1m14/17[0m [32m━━━━━━━━━━━━━━━━[0m[37m━━━━[0m [1m4s[0m 2s/step - accuracy: 0.8287 - auc: 0.9070 - f2_macro: 0.8357 - f2_plaga: 0.8115 - loss: 0.0408 - precision: 0.6795 - recall: 0.9212 - recall_plaga: 0.7827
[1m15/17[0m [32m━━━━━━━━━━━━━━━━━[0m[37m━━━[0m [1m3s[0m 2s/step - accuracy: 0.8272 - auc: 0.9052 - f2_macro: 0.8339 - f2_plaga: 0.8107 - loss: 0.0411 - precision: 0.6775 - recall: 0.9184 - recall_plaga: 0.7820
[1m16/17[0m [32m━━━━━━━━━━━━━━━━━━[0m[37m━━[0m [1m1s[0m 2s/step - accuracy: 0.8261 - auc: 0.9040 - f2_macro: 0.8326 - f2_plaga: 0.8100 - loss: 0.0413 - precision: 0.6757 - recall: 0.9163 - recall_plaga: 0.7814
[1m17/17[0m [32m━━━━━━━━━━━━━━━━━━━━[0m[37m[0m [1m0s[0m 2s/step - accuracy: 0.8250 - auc: 0.9026 - f2_macro: 0.8314 - f2_plaga: 0.8093 - loss: 0.0415 - precision: 0.6741 - recall: 0.9147 - recall_plaga: 0.7807
Epoch 7: val_f2_macro did not improve from 0.45639

[1m17/17[0m [32m━━━━━━━━━━━━━━━━━━━━[0m[37m[0m [1m27s[0m 2s/step - accuracy: 0.8083 - auc: 0.8815 - f2_macro: 0.8129 - f2_plaga: 0.7978 - loss: 0.0446 - precision: 0.6483 - recall: 0.8895 - recall_plaga: 0.7694 - val_accuracy: 0.6767 - val_auc: 0.5000 - val_f2_macro: 0.4564 - val_f2_plaga: 0.9128 - val_loss: 0.0729 - val_precision: 0.0000e+00 - val_recall: 0.0000e+00 - val_recall_plaga: 1.0000 - learning_rate: 5.0000e-05
Epoch 8/80

[1m 1/17[0m [32m━[0m[37m━━━━━━━━━━━━━━━━━━━[0m [1m22s[0m 1s/step - accuracy: 0.8750 - auc: 0.9318 - f2_macro: 0.8875 - f2_plaga: 0.8491 - loss: 0.0346 - precision: 0.7143 - recall: 1.0000 - recall_plaga: 0.8182
[1m 2/17[0m [32m━━[0m[37m━━━━━━━━━━━━━━━━━━[0m [1m20s[0m 1s/step - accuracy: 0.8672 - auc: 0.9381 - f2_macro: 0.8765 - f2_plaga: 0.8488 - loss: 0.0348 - precision: 0.7033 - recall: 0.9737 - recall_plaga: 0.8202
[1m 3/17[0m [32m━━━[0m[37m━━━━━━━━━━━━━━━━━[0m [1m20s[0m 1s/step - accuracy: 0.8628 - auc: 0.9415 - f2_macro: 0.8713 - f2_plaga: 0.8446 - loss: 0.0348 - precision: 0.7092 - recall: 0.9623 - recall_plaga: 0.8166
[1m 4/17[0m [32m━━━━[0m[37m━━━━━━━━━━━━━━━━[0m [1m19s[0m 1s/step - accuracy: 0.8581 - auc: 0.9413 - f2_macro: 0.8656 - f2_plaga: 0.8407 - loss: 0.0352 - precision: 0.7129 - recall: 0.9500 - recall_plaga: 0.8137
[1m 5/17[0m [32m━━━━━[0m[37m━━━━━━━━━━━━━━━[0m [1m18s[0m 2s/step - accuracy: 0.8565 - auc: 0.9418 - f2_macro: 0.8637 - f2_plaga: 0.8389 - loss: 0.0353 - precision: 0.7155 - recall: 0.9459 - recall_plaga: 0.8121
[1m 6/17[0m [32m━━━━━━━[0m[37m━━━━━━━━━━━━━[0m [1m17s[0m 2s/step - accuracy: 0.8526 - auc: 0.9387 - f2_macro: 0.8595 - f2_plaga: 0.8352 - loss: 0.0359 - precision: 0.7137 - recall: 0.9402 - recall_plaga: 0.8085
[1m 7/17[0m [32m━━━━━━━━[0m[37m━━━━━━━━━━━━[0m [1m17s[0m 2s/step - accuracy: 0.8469 - auc: 0.9364 - f2_macro: 0.8540 - f2_plaga: 0.8292 - loss: 0.0363 - precision: 0.7047 - recall: 0.9370 - recall_plaga: 0.8018
[1m 8/17[0m [32m━━━━━━━━━[0m[37m━━━━━━━━━━━[0m [1m15s[0m 2s/step - accuracy: 0.8416 - auc: 0.9332 - f2_macro: 0.8487 - f2_plaga: 0.8241 - loss: 0.0368 - precision: 0.6967 - recall: 0.9329 - recall_plaga: 0.7962
[1m 9/17[0m [32m━━━━━━━━━━[0m[37m━━━━━━━━━━[0m [1m14s[0m 2s/step - accuracy: 0.8376 - auc: 0.9300 - f2_macro: 0.8446 - f2_plaga: 0.8202 - loss: 0.0373 - precision: 0.6920 - recall: 0.9289 - recall_plaga: 0.7921
[1m10/17[0m [32m━━━━━━━━━━━[0m[37m━━━━━━━━━[0m [1m13s[0m 2s/step - accuracy: 0.8329 - auc: 0.9256 - f2_macro: 0.8398 - f2_plaga: 0.8158 - loss: 0.0379 - precision: 0.6863 - recall: 0.9238 - recall_plaga: 0.7875
[1m11/17[0m [32m━━━━━━━━━━━━[0m[37m━━━━━━━━[0m [1m11s[0m 2s/step - accuracy: 0.8292 - auc: 0.9216 - f2_macro: 0.8360 - f2_plaga: 0.8123 - loss: 0.0385 - precision: 0.6811 - recall: 0.9205 - recall_plaga: 0.7838
[1m12/17[0m [32m━━━━━━━━━━━━━━[0m[37m━━━━━━[0m [1m9s[0m 2s/step - accuracy: 0.8268 - auc: 0.9185 - f2_macro: 0.8335 - f2_plaga: 0.8101 - loss: 0.0389 - precision: 0.6777 - recall: 0.9178 - recall_plaga: 0.7815 
[1m13/17[0m [32m━━━━━━━━━━━━━━━[0m[37m━━━━━[0m [1m7s[0m 2s/step - accuracy: 0.8249 - auc: 0.9159 - f2_macro: 0.8315 - f2_plaga: 0.8086 - loss: 0.0393 - precision: 0.6756 - recall: 0.9153 - recall_plaga: 0.7800
[1m14/17[0m [32m━━━━━━━━━━━━━━━━[0m[37m━━━━[0m [1m5s[0m 2s/step - accuracy: 0.8234 - auc: 0.9136 - f2_macro: 0.8298 - f2_plaga: 0.8074 - loss: 0.0396 - precision: 0.6741 - recall: 0.9128 - recall_plaga: 0.7789
[1m15/17[0m [32m━━━━━━━━━━━━━━━━━[0m[37m━━━[0m [1m3s[0m 2s/step - accuracy: 0.8220 - auc: 0.9114 - f2_macro: 0.8283 - f2_plaga: 0.8064 - loss: 0.0400 - precision: 0.6719 - recall: 0.9109 - recall_plaga: 0.7778
[1m16/17[0m [32m━━━━━━━━━━━━━━━━━━[0m[37m━━[0m [1m1s[0m 2s/step - accuracy: 0.8209 - auc: 0.9098 - f2_macro: 0.8271 - f2_plaga: 0.8055 - loss: 0.0402 - precision: 0.6700 - recall: 0.9097 - recall_plaga: 0.7769
[1m17/17[0m [32m━━━━━━━━━━━━━━━━━━━━[0m[37m[0m [1m0s[0m 2s/step - accuracy: 0.8198 - auc: 0.9081 - f2_macro: 0.8260 - f2_plaga: 0.8046 - loss: 0.0404 - precision: 0.6683 - recall: 0.9085 - recall_plaga: 0.7760
Epoch 8: val_f2_macro did not improve from 0.45639

[1m17/17[0m [32m━━━━━━━━━━━━━━━━━━━━[0m[37m[0m [1m33s[0m 2s/step - accuracy: 0.8026 - auc: 0.8820 - f2_macro: 0.8079 - f2_plaga: 0.7905 - loss: 0.0442 - precision: 0.6402 - recall: 0.8895 - recall_plaga: 0.7611 - val_accuracy: 0.6767 - val_auc: 0.6667 - val_f2_macro: 0.4564 - val_f2_plaga: 0.9128 - val_loss: 0.0731 - val_precision: 0.0000e+00 - val_recall: 0.0000e+00 - val_recall_plaga: 1.0000 - learning_rate: 5.0000e-05
Epoch 9/80

[1m 1/17[0m [32m━[0m[37m━━━━━━━━━━━━━━━━━━━[0m [1m23s[0m 1s/step - accuracy: 0.8750 - auc: 0.8864 - f2_macro: 0.8875 - f2_plaga: 0.8491 - loss: 0.0380 - precision: 0.7143 - recall: 1.0000 - recall_plaga: 0.8182
[1m 2/17[0m [32m━━[0m[37m━━━━━━━━━━━━━━━━━━[0m [1m22s[0m 2s/step - accuracy: 0.8750 - auc: 0.9072 - f2_macro: 0.8875 - f2_plaga: 0.8508 - loss: 0.0369 - precision: 0.7090 - recall: 1.0000 - recall_plaga: 0.8202
[1m 3/17[0m [32m━━━[0m[37m━━━━━━━━━━━━━━━━━[0m [1m21s[0m 2s/step - accuracy: 0.8750 - auc: 0.9172 - f2_macro: 0.8861 - f2_plaga: 0.8514 - loss: 0.0366 - precision: 0.7207 - recall: 0.9899 - recall_plaga: 0.8219
[1m 4/17[0m [32m━━━━[0m[37m━━━━━━━━━━━━━━━━[0m [1m20s[0m 2s/step - accuracy: 0.8730 - auc: 0.9216 - f2_macro: 0.8826 - f2_plaga: 0.8515 - loss: 0.0368 - precision: 0.7291 - recall: 0.9761 - recall_plaga: 0.8238
[1m 5/17[0m [32m━━━━━[0m[37m━━━━━━━━━━━━━━━[0m [1m18s[0m 2s/step - accuracy: 0.8722 - auc: 0.9242 - f2_macro: 0.8811 - f2_plaga: 0.8512 - loss: 0.0368 - precision: 0.7333 - recall: 0.9704 - recall_plaga: 0.8241
[1m 6/17[0m [32m━━━━━━━[0m[37m━━━━━━━━━━━━━[0m [1m16s[0m 2s/step - accuracy: 0.8683 - auc: 0.9230 - f2_macro: 0.8764 - f2_plaga: 0.8489 - loss: 0.0373 - precision: 0.7327 - recall: 0.9606 - recall_plaga: 0.8225
[1m 7/17[0m [32m━━━━━━━━[0m[37m━━━━━━━━━━━━[0m [1m15s[0m 2s/step - accuracy: 0.8629 - auc: 0.9219 - f2_macro: 0.8707 - f2_plaga: 0.8443 - loss: 0.0377 - precision: 0.7247 - recall: 0.9545 - recall_plaga: 0.8176
[1m 8/17[0m [32m━━━━━━━━━[0m[37m━━━━━━━━━━━[0m [1m13s[0m 2s/step - accuracy: 0.8576 - auc: 0.9194 - f2_macro: 0.8650 - f2_plaga: 0.8398 - loss: 0.0382 - precision: 0.7171 - recall: 0.9481 - recall_plaga: 0.8129
[1m 9/17[0m [32m━━━━━━━━━━[0m[37m━━━━━━━━━━[0m [1m12s[0m 2s/step - accuracy: 0.8533 - auc: 0.9169 - f2_macro: 0.8604 - f2_plaga: 0.8366 - loss: 0.0386 - precision: 0.7126 - recall: 0.9413 - recall_plaga: 0.8098
[1m10/17[0m [32m━━━━━━━━━━━[0m[37m━━━━━━━━━[0m [1m10s[0m 2s/step - accuracy: 0.8486 - auc: 0.9139 - f2_macro: 0.8553 - f2_plaga: 0.8326 - loss: 0.0392 - precision: 0.7071 - recall: 0.9350 - recall_plaga: 0.8059
[1m11/17[0m [32m━━━━━━━━━━━━[0m[37m━━━━━━━━[0m [1m9s[0m 2s/step - accuracy: 0.8448 - auc: 0.9112 - f2_macro: 0.8513 - f2_plaga: 0.8293 - loss: 0.0396 - precision: 0.7019 - recall: 0.9306 - recall_plaga: 0.8024 
[1m12/17[0m [32m━━━━━━━━━━━━━━[0m[37m━━━━━━[0m [1m7s[0m 2s/step - accuracy: 0.8421 - auc: 0.9091 - f2_macro: 0.8484 - f2_plaga: 0.8271 - loss: 0.0399 - precision: 0.6983 - recall: 0.9272 - recall_plaga: 0.8001
[1m13/17[0m [32m━━━━━━━━━━━━━━━[0m[37m━━━━━[0m [1m5s[0m 1s/step - accuracy: 0.8400 - auc: 0.9075 - f2_macro: 0.8461 - f2_plaga: 0.8254 - loss: 0.0402 - precision: 0.6960 - recall: 0.9239 - recall_plaga: 0.7986
[1m14/17[0m [32m━━━━━━━━━━━━━━━━[0m[37m━━━━[0m [1m4s[0m 1s/step - accuracy: 0.8384 - auc: 0.9060 - f2_macro: 0.8443 - f2_plaga: 0.8242 - loss: 0.0404 - precision: 0.6943 - recall: 0.9213 - recall_plaga: 0.7974
[1m15/17[0m [32m━━━━━━━━━━━━━━━━━[0m[37m━━━[0m [1m3s[0m 2s/step - accuracy: 0.8371 - auc: 0.9044 - f2_macro: 0.8429 - f2_plaga: 0.8233 - loss: 0.0407 - precision: 0.6923 - recall: 0.9192 - recall_plaga: 0.7965
[1m16/17[0m [32m━━━━━━━━━━━━━━━━━━[0m[37m━━[0m [1m1s[0m 2s/step - accuracy: 0.8359 - auc: 0.9033 - f2_macro: 0.8416 - f2_plaga: 0.8223 - loss: 0.0408 - precision: 0.6903 - recall: 0.9178 - recall_plaga: 0.7955
[1m17/17[0m [32m━━━━━━━━━━━━━━━━━━━━[0m[37m[0m [1m0s[0m 1s/step - accuracy: 0.8348 - auc: 0.9022 - f2_macro: 0.8405 - f2_plaga: 0.8214 - loss: 0.0410 - precision: 0.6885 - recall: 0.9169 - recall_plaga: 0.7945
Epoch 9: val_f2_macro did not improve from 0.45639

[1m17/17[0m [32m━━━━━━━━━━━━━━━━━━━━[0m[37m[0m [1m26s[0m 2s/step - accuracy: 0.8177 - auc: 0.8847 - f2_macro: 0.8228 - f2_plaga: 0.8060 - loss: 0.0434 - precision: 0.6596 - recall: 0.9012 - recall_plaga: 0.7778 - val_accuracy: 0.6767 - val_auc: 0.7579 - val_f2_macro: 0.4564 - val_f2_plaga: 0.9128 - val_loss: 0.0731 - val_precision: 0.0000e+00 - val_recall: 0.0000e+00 - val_recall_plaga: 1.0000 - learning_rate: 5.0000e-05
Epoch 10/80

[1m 1/17[0m [32m━[0m[37m━━━━━━━━━━━━━━━━━━━[0m [1m4:31[0m 17s/step - accuracy: 0.8750 - auc: 0.8955 - f2_macro: 0.8875 - f2_plaga: 0.8491 - loss: 0.0390 - precision: 0.7143 - recall: 1.0000 - recall_plaga: 0.8182
[1m 2/17[0m [32m━━[0m[37m━━━━━━━━━━━━━━━━━━[0m [1m32s[0m 2s/step - accuracy: 0.8750 - auc: 0.9208 - f2_macro: 0.8875 - f2_plaga: 0.8508 - loss: 0.0366 - precision: 0.7090 - recall: 1.0000 - recall_plaga: 0.8202  
[1m 3/17[0m [32m━━━[0m[37m━━━━━━━━━━━━━━━━━[0m [1m28s[0m 2s/step - accuracy: 0.8785 - auc: 0.9314 - f2_macro: 0.8892 - f2_plaga: 0.8559 - loss: 0.0357 - precision: 0.7266 - recall: 0.9899 - recall_plaga: 0.8272
[1m 4/17[0m [32m━━━━[0m[37m━━━━━━━━━━━━━━━━[0m [1m26s[0m 2s/step - accuracy: 0.8757 - auc: 0.9345 - f2_macro: 0.8850 - f2_plaga: 0.8549 - loss: 0.0358 - precision: 0.7336 - recall: 0.9761 - recall_plaga: 0.8277
[1m 5/17[0m [32m━━━━━[0m[37m━━━━━━━━━━━━━━━[0m [1m25s[0m 2s/step - accuracy: 0.8730 - auc: 0.9355 - f2_macro: 0.8818 - f2_plaga: 0.8523 - loss: 0.0358 - precision: 0.7348 - recall: 0.9704 - recall_plaga: 0.8253
[1m 6/17[0m [32m━━━━━━━[0m[37m━━━━━━━━━━━━━[0m [1m23s[0m 2s/step - accuracy: 0.8681 - auc: 0.9326 - f2_macro: 0.8765 - f2_plaga: 0.8477 - loss: 0.0364 - precision: 0.7317 - recall: 0.9631 - recall_plaga: 0.8208
[1m 7/17[0m [32m━━━━━━━━[0m[37m━━━━━━━━━━━━[0m [1m20s[0m 2s/step - accuracy: 0.8627 - auc: 0.9301 - f2_macro: 0.8711 - f2_plaga: 0.8426 - loss: 0.0368 - precision: 0.7233 - recall: 0.9585 - recall_plaga: 0.8152
[1m 8/17[0m [32m━━━━━━━━━[0m[37m━━━━━━━━━━━[0m [1m18s[0m 2s/step - accuracy: 0.8574 - auc: 0.9266 - f2_macro: 0.8656 - f2_plaga: 0.8378 - loss: 0.0374 - precision: 0.7155 - recall: 0.9532 - recall_plaga: 0.8101
[1m 9/17[0m [32m━━━━━━━━━━[0m[37m━━━━━━━━━━[0m [1m16s[0m 2s/step - accuracy: 0.8528 - auc: 0.9231 - f2_macro: 0.8607 - f2_plaga: 0.8339 - loss: 0.0379 - precision: 0.7104 - recall: 0.9469 - recall_plaga: 0.8062
[1m10/17[0m [32m━━━━━━━━━━━[0m[37m━━━━━━━━━[0m [1m14s[0m 2s/step - accuracy: 0.8475 - auc: 0.9189 - f2_macro: 0.8550 - f2_plaga: 0.8294 - loss: 0.0386 - precision: 0.7042 - recall: 0.9401 - recall_plaga: 0.8016
[1m11/17[0m [32m━━━━━━━━━━━━[0m[37m━━━━━━━━[0m [1m12s[0m 2s/step - accuracy: 0.8433 - auc: 0.9154 - f2_macro: 0.8506 - f2_plaga: 0.8257 - loss: 0.0391 - precision: 0.6985 - recall: 0.9353 - recall_plaga: 0.7978
[1m12/17[0m [32m━━━━━━━━━━━━━━[0m[37m━━━━━━[0m [1m10s[0m 2s/step - accuracy: 0.8403 - auc: 0.9128 - f2_macro: 0.8474 - f2_plaga: 0.8232 - loss: 0.0394 - precision: 0.6945 - recall: 0.9314 - recall_plaga: 0.7953
[1m13/17[0m [32m━━━━━━━━━━━━━━━[0m[37m━━━━━[0m [1m8s[0m 2s/step - accuracy: 0.8382 - auc: 0.9108 - f2_macro: 0.8450 - f2_plaga: 0.8216 - loss: 0.0397 - precision: 0.6922 - recall: 0.9278 - recall_plaga: 0.7938 
[1m14/17[0m [32m━━━━━━━━━━━━━━━━[0m[37m━━━━[0m [1m6s[0m 2s/step - accuracy: 0.8364 - auc: 0.9091 - f2_macro: 0.8429 - f2_plaga: 0.8204 - loss: 0.0400 - precision: 0.6904 - recall: 0.9244 - recall_plaga: 0.7927
[1m15/17[0m [32m━━━━━━━━━━━━━━━━━[0m[37m━━━[0m [1m4s[0m 2s/step - accuracy: 0.8345 - auc: 0.9074 - f2_macro: 0.8408 - f2_plaga: 0.8191 - loss: 0.0403 - precision: 0.6879 - recall: 0.9213 - recall_plaga: 0.7915
[1m16/17[0m [32m━━━━━━━━━━━━━━━━━━[0m[37m━━[0m [1m1s[0m 2s/step - accuracy: 0.8330 - auc: 0.9061 - f2_macro: 0.8392 - f2_plaga: 0.8181 - loss: 0.0405 - precision: 0.6856 - recall: 0.9190 - recall_plaga: 0.7905
[1m17/17[0m [32m━━━━━━━━━━━━━━━━━━━━[0m[37m[0m [1m0s[0m 2s/step - accuracy: 0.8315 - auc: 0.9048 - f2_macro: 0.8376 - f2_plaga: 0.8170 - loss: 0.0407 - precision: 0.6835 - recall: 0.9170 - recall_plaga: 0.7894
Epoch 10: val_f2_macro did not improve from 0.45639

[1m17/17[0m [32m━━━━━━━━━━━━━━━━━━━━[0m[37m[0m [1m50s[0m 2s/step - accuracy: 0.8083 - auc: 0.8840 - f2_macro: 0.8120 - f2_plaga: 0.7998 - loss: 0.0438 - precision: 0.6496 - recall: 0.8837 - recall_plaga: 0.7722 - val_accuracy: 0.6767 - val_auc: 0.5000 - val_f2_macro: 0.4564 - val_f2_plaga: 0.9128 - val_loss: 0.0732 - val_precision: 0.0000e+00 - val_recall: 0.0000e+00 - val_recall_plaga: 1.0000 - learning_rate: 5.0000e-05
Epoch 11/80

[1m 1/17[0m [32m━[0m[37m━━━━━━━━━━━━━━━━━━━[0m [1m2:07[0m 8s/step - accuracy: 0.8750 - auc: 0.9409 - f2_macro: 0.8875 - f2_plaga: 0.8491 - loss: 0.0323 - precision: 0.7143 - recall: 1.0000 - recall_plaga: 0.8182
[1m 2/17[0m [32m━━[0m[37m━━━━━━━━━━━━━━━━━━[0m [1m26s[0m 2s/step - accuracy: 0.8750 - auc: 0.9395 - f2_macro: 0.8875 - f2_plaga: 0.8508 - loss: 0.0334 - precision: 0.7090 - recall: 1.0000 - recall_plaga: 0.8202 
[1m 3/17[0m [32m━━━[0m[37m━━━━━━━━━━━━━━━━━[0m [1m24s[0m 2s/step - accuracy: 0.8785 - auc: 0.9427 - f2_macro: 0.8892 - f2_plaga: 0.8559 - loss: 0.0338 - precision: 0.7266 - recall: 0.9899 - recall_plaga: 0.8272
[1m 4/17[0m [32m━━━━[0m[37m━━━━━━━━━━━━━━━━[0m [1m22s[0m 2s/step - accuracy: 0.8776 - auc: 0.9417 - f2_macro: 0.8867 - f2_plaga: 0.8575 - loss: 0.0345 - precision: 0.7369 - recall: 0.9761 - recall_plaga: 0.8308
[1m 5/17[0m [32m━━━━━[0m[37m━━━━━━━━━━━━━━━[0m [1m21s[0m 2s/step - accuracy: 0.8771 - auc: 0.9406 - f2_macro: 0.8855 - f2_plaga: 0.8577 - loss: 0.0347 - precision: 0.7417 - recall: 0.9704 - recall_plaga: 0.8316
[1m 6/17[0m [32m━━━━━━━[0m[37m━━━━━━━━━━━━━[0m [1m19s[0m 2s/step - accuracy: 0.8724 - auc: 0.9370 - f2_macro: 0.8801 - f2_plaga: 0.8543 - loss: 0.0354 - precision: 0.7396 - recall: 0.9606 - recall_plaga: 0.8288
[1m 7/17[0m [32m━━━━━━━━[0m[37m━━━━━━━━━━━━[0m [1m18s[0m 2s/step - accuracy: 0.8670 - auc: 0.9338 - f2_macro: 0.8744 - f2_plaga: 0.8497 - loss: 0.0359 - precision: 0.7316 - recall: 0.9545 - recall_plaga: 0.8239
[1m 8/17[0m [32m━━━━━━━━━[0m[37m━━━━━━━━━━━[0m [1m16s[0m 2s/step - accuracy: 0.8617 - auc: 0.9294 - f2_macro: 0.8687 - f2_plaga: 0.8451 - loss: 0.0365 - precision: 0.7239 - recall: 0.9481 - recall_plaga: 0.8192
[1m 9/17[0m [32m━━━━━━━━━━[0m[37m━━━━━━━━━━[0m [1m14s[0m 2s/step - accuracy: 0.8574 - auc: 0.9261 - f2_macro: 0.8640 - f2_plaga: 0.8418 - loss: 0.0371 - precision: 0.7193 - recall: 0.9413 - recall_plaga: 0.8160
[1m10/17[0m [32m━━━━━━━━━━━[0m[37m━━━━━━━━━[0m [1m12s[0m 2s/step - accuracy: 0.8526 - auc: 0.9215 - f2_macro: 0.8589 - f2_plaga: 0.8377 - loss: 0.0377 - precision: 0.7136 - recall: 0.9350 - recall_plaga: 0.8119
[1m11/17[0m [32m━━━━━━━━━━━━[0m[37m━━━━━━━━[0m [1m10s[0m 2s/step - accuracy: 0.8487 - auc: 0.9170 - f2_macro: 0.8548 - f2_plaga: 0.8343 - loss: 0.0383 - precision: 0.7081 - recall: 0.9306 - recall_plaga: 0.8083
[1m12/17[0m [32m━━━━━━━━━━━━━━[0m[37m━━━━━━[0m [1m8s[0m 2s/step - accuracy: 0.8457 - auc: 0.9135 - f2_macro: 0.8515 - f2_plaga: 0.8319 - loss: 0.0388 - precision: 0.7042 - recall: 0.9265 - recall_plaga: 0.8058 
[1m13/17[0m [32m━━━━━━━━━━━━━━━[0m[37m━━━━━[0m [1m6s[0m 2s/step - accuracy: 0.8433 - auc: 0.9107 - f2_macro: 0.8489 - f2_plaga: 0.8301 - loss: 0.0392 - precision: 0.7016 - recall: 0.9227 - recall_plaga: 0.8041
[1m14/17[0m [32m━━━━━━━━━━━━━━━━[0m[37m━━━━[0m [1m4s[0m 2s/step - accuracy: 0.8414 - auc: 0.9083 - f2_macro: 0.8468 - f2_plaga: 0.8287 - loss: 0.0396 - precision: 0.6996 - recall: 0.9197 - recall_plaga: 0.8028
[1m15/17[0m [32m━━━━━━━━━━━━━━━━━[0m[37m━━━[0m [1m3s[0m 2s/step - accuracy: 0.8396 - auc: 0.9061 - f2_macro: 0.8448 - f2_plaga: 0.8274 - loss: 0.0399 - precision: 0.6970 - recall: 0.9169 - recall_plaga: 0.8015
[1m16/17[0m [32m━━━━━━━━━━━━━━━━━━[0m[37m━━[0m [1m1s[0m 2s/step - accuracy: 0.8382 - auc: 0.9046 - f2_macro: 0.8432 - f2_plaga: 0.8263 - loss: 0.0401 - precision: 0.6948 - recall: 0.9149 - recall_plaga: 0.8004
[1m17/17[0m [32m━━━━━━━━━━━━━━━━━━━━[0m[37m[0m [1m0s[0m 2s/step - accuracy: 0.8369 - auc: 0.9032 - f2_macro: 0.8418 - f2_plaga: 0.8252 - loss: 0.0403 - precision: 0.6927 - recall: 0.9134 - recall_plaga: 0.7992
Epoch 11: ReduceLROnPlateau reducing learning rate to 2.499999936844688e-05.

Epoch 11: val_f2_macro did not improve from 0.45639

[1m17/17[0m [32m━━━━━━━━━━━━━━━━━━━━[0m[37m[0m [1m34s[0m 2s/step - accuracy: 0.8158 - auc: 0.8800 - f2_macro: 0.8195 - f2_plaga: 0.8075 - loss: 0.0436 - precision: 0.6595 - recall: 0.8895 - recall_plaga: 0.7806 - val_accuracy: 0.6767 - val_auc: 0.5000 - val_f2_macro: 0.4564 - val_f2_plaga: 0.9128 - val_loss: 0.0732 - val_precision: 0.0000e+00 - val_recall: 0.0000e+00 - val_recall_plaga: 1.0000 - learning_rate: 5.0000e-05
Epoch 12/80

[1m 1/17[0m [32m━[0m[37m━━━━━━━━━━━━━━━━━━━[0m [1m23s[0m 1s/step - accuracy: 0.8750 - auc: 0.8977 - f2_macro: 0.8875 - f2_plaga: 0.8491 - loss: 0.0391 - precision: 0.7143 - recall: 1.0000 - recall_plaga: 0.8182
[1m 2/17[0m [32m━━[0m[37m━━━━━━━━━━━━━━━━━━[0m [1m24s[0m 2s/step - accuracy: 0.8750 - auc: 0.9167 - f2_macro: 0.8875 - f2_plaga: 0.8508 - loss: 0.0371 - precision: 0.7090 - recall: 1.0000 - recall_plaga: 0.8202
[1m 3/17[0m [32m━━━[0m[37m━━━━━━━━━━━━━━━━━[0m [1m22s[0m 2s/step - accuracy: 0.8715 - auc: 0.9270 - f2_macro: 0.8830 - f2_plaga: 0.8468 - loss: 0.0363 - precision: 0.7151 - recall: 0.9899 - recall_plaga: 0.8166
[1m 4/17[0m [32m━━━━[0m[37m━━━━━━━━━━━━━━━━[0m [1m20s[0m 2s/step - accuracy: 0.8704 - auc: 0.9316 - f2_macro: 0.8803 - f2_plaga: 0.8481 - loss: 0.0362 - precision: 0.7249 - recall: 0.9761 - recall_plaga: 0.8198
[1m 5/17[0m [32m━━━━━[0m[37m━━━━━━━━━━━━━━━[0m [1m18s[0m 2s/step - accuracy: 0.8689 - auc: 0.9339 - f2_macro: 0.8781 - f2_plaga: 0.8468 - loss: 0.0362 - precision: 0.7279 - recall: 0.9704 - recall_plaga: 0.8189
[1m 6/17[0m [32m━━━━━━━[0m[37m━━━━━━━━━━━━━[0m [1m16s[0m 2s/step - accuracy: 0.8647 - auc: 0.9316 - f2_macro: 0.8731 - f2_plaga: 0.8441 - loss: 0.0367 - precision: 0.7267 - recall: 0.9606 - recall_plaga: 0.8169
[1m 7/17[0m [32m━━━━━━━━[0m[37m━━━━━━━━━━━━[0m [1m15s[0m 2s/step - accuracy: 0.8579 - auc: 0.9293 - f2_macro: 0.8659 - f2_plaga: 0.8383 - loss: 0.0371 - precision: 0.7172 - recall: 0.9525 - recall_plaga: 0.8109
[1m 8/17[0m [32m━━━━━━━━━[0m[37m━━━━━━━━━━━[0m [1m13s[0m 1s/step - accuracy: 0.8517 - auc: 0.9261 - f2_macro: 0.8593 - f2_plaga: 0.8332 - loss: 0.0376 - precision: 0.7087 - recall: 0.9449 - recall_plaga: 0.8056
[1m 9/17[0m [32m━━━━━━━━━━[0m[37m━━━━━━━━━━[0m [1m11s[0m 1s/step - accuracy: 0.8462 - auc: 0.9227 - f2_macro: 0.8533 - f2_plaga: 0.8290 - loss: 0.0381 - precision: 0.7029 - recall: 0.9361 - recall_plaga: 0.8016
[1m10/17[0m [32m━━━━━━━━━━━[0m[37m━━━━━━━━━[0m [1m10s[0m 1s/step - accuracy: 0.8406 - auc: 0.9190 - f2_macro: 0.8473 - f2_plaga: 0.8244 - loss: 0.0387 - precision: 0.6965 - recall: 0.9285 - recall_plaga: 0.7970
[1m11/17[0m [32m━━━━━━━━━━━━[0m[37m━━━━━━━━[0m [1m8s[0m 1s/step - accuracy: 0.8363 - auc: 0.9157 - f2_macro: 0.8427 - f2_plaga: 0.8207 - loss: 0.0391 - precision: 0.6907 - recall: 0.9231 - recall_plaga: 0.7932 
[1m12/17[0m [32m━━━━━━━━━━━━━━[0m[37m━━━━━━[0m [1m7s[0m 1s/step - accuracy: 0.8332 - auc: 0.9130 - f2_macro: 0.8393 - f2_plaga: 0.8185 - loss: 0.0395 - precision: 0.6869 - recall: 0.9183 - recall_plaga: 0.7911
[1m13/17[0m [32m━━━━━━━━━━━━━━━[0m[37m━━━━━[0m [1m5s[0m 1s/step - accuracy: 0.8311 - auc: 0.9110 - f2_macro: 0.8368 - f2_plaga: 0.8171 - loss: 0.0398 - precision: 0.6848 - recall: 0.9141 - recall_plaga: 0.7899
[1m14/17[0m [32m━━━━━━━━━━━━━━━━[0m[37m━━━━[0m [1m4s[0m 1s/step - accuracy: 0.8292 - auc: 0.9091 - f2_macro: 0.8347 - f2_plaga: 0.8161 - loss: 0.0401 - precision: 0.6831 - recall: 0.9102 - recall_plaga: 0.7891
[1m15/17[0m [32m━━━━━━━━━━━━━━━━━[0m[37m━━━[0m [1m3s[0m 2s/step - accuracy: 0.8276 - auc: 0.9075 - f2_macro: 0.8326 - f2_plaga: 0.8154 - loss: 0.0403 - precision: 0.6810 - recall: 0.9064 - recall_plaga: 0.7886
[1m16/17[0m [32m━━━━━━━━━━━━━━━━━━[0m[37m━━[0m [1m1s[0m 2s/step - accuracy: 0.8263 - auc: 0.9064 - f2_macro: 0.8310 - f2_plaga: 0.8147 - loss: 0.0404 - precision: 0.6792 - recall: 0.9035 - recall_plaga: 0.7881
[1m17/17[0m [32m━━━━━━━━━━━━━━━━━━━━[0m[37m[0m [1m0s[0m 1s/step - accuracy: 0.8251 - auc: 0.9054 - f2_macro: 0.8297 - f2_plaga: 0.8141 - loss: 0.0406 - precision: 0.6775 - recall: 0.9013 - recall_plaga: 0.7875
Epoch 12: val_f2_macro did not improve from 0.45639

[1m17/17[0m [32m━━━━━━━━━━━━━━━━━━━━[0m[37m[0m [1m26s[0m 2s/step - accuracy: 0.8064 - auc: 0.8886 - f2_macro: 0.8078 - f2_plaga: 0.8032 - loss: 0.0429 - precision: 0.6507 - recall: 0.8663 - recall_plaga: 0.7778 - val_accuracy: 0.6767 - val_auc: 0.6278 - val_f2_macro: 0.4564 - val_f2_plaga: 0.9128 - val_loss: 0.0732 - val_precision: 0.0000e+00 - val_recall: 0.0000e+00 - val_recall_plaga: 1.0000 - learning_rate: 2.5000e-05
Epoch 13/80

[1m 1/17[0m [32m━[0m[37m━━━━━━━━━━━━━━━━━━━[0m [1m24s[0m 2s/step - accuracy: 0.8750 - auc: 0.9841 - f2_macro: 0.8875 - f2_plaga: 0.8491 - loss: 0.0311 - precision: 0.7143 - recall: 1.0000 - recall_plaga: 0.8182
[1m 2/17[0m [32m━━[0m[37m━━━━━━━━━━━━━━━━━━[0m [1m24s[0m 2s/step - accuracy: 0.8672 - auc: 0.9725 - f2_macro: 0.8765 - f2_plaga: 0.8488 - loss: 0.0318 - precision: 0.7033 - recall: 0.9737 - recall_plaga: 0.8202
[1m 3/17[0m [32m━━━[0m[37m━━━━━━━━━━━━━━━━━[0m [1m24s[0m 2s/step - accuracy: 0.8663 - auc: 0.9696 - f2_macro: 0.8744 - f2_plaga: 0.8491 - loss: 0.0319 - precision: 0.7149 - recall: 0.9623 - recall_plaga: 0.8219
[1m 4/17[0m [32m━━━━[0m[37m━━━━━━━━━━━━━━━━[0m [1m23s[0m 2s/step - accuracy: 0.8665 - auc: 0.9664 - f2_macro: 0.8732 - f2_plaga: 0.8519 - loss: 0.0324 - precision: 0.7271 - recall: 0.9500 - recall_plaga: 0.8268
[1m 5/17[0m [32m━━━━━[0m[37m━━━━━━━━━━━━━━━[0m [1m22s[0m 2s/step - accuracy: 0.8645 - auc: 0.9637 - f2_macro: 0.8709 - f2_plaga: 0.8495 - loss: 0.0327 - precision: 0.7289 - recall: 0.9459 - recall_plaga: 0.8246
[1m 6/17[0m [32m━━━━━━━[0m[37m━━━━━━━━━━━━━[0m [1m20s[0m 2s/step - accuracy: 0.8593 - auc: 0.9588 - f2_macro: 0.8652 - f2_plaga: 0.8450 - loss: 0.0333 - precision: 0.7256 - recall: 0.9378 - recall_plaga: 0.8202
[1m 7/17[0m [32m━━━━━━━━[0m[37m━━━━━━━━━━━━[0m [1m19s[0m 2s/step - accuracy: 0.8539 - auc: 0.9547 - f2_macro: 0.8597 - f2_plaga: 0.8399 - loss: 0.0339 - precision: 0.7172 - recall: 0.9330 - recall_plaga: 0.8147
[1m 8/17[0m [32m━━━━━━━━━[0m[37m━━━━━━━━━━━[0m [1m17s[0m 2s/step - accuracy: 0.8487 - auc: 0.9500 - f2_macro: 0.8544 - f2_plaga: 0.8352 - loss: 0.0345 - precision: 0.7094 - recall: 0.9278 - recall_plaga: 0.8097
[1m 9/17[0m [32m━━━━━━━━━━[0m[37m━━━━━━━━━━[0m [1m15s[0m 2s/step - accuracy: 0.8443 - auc: 0.9457 - f2_macro: 0.8497 - f2_plaga: 0.8314 - loss: 0.0351 - precision: 0.7044 - recall: 0.9221 - recall_plaga: 0.8058
[1m10/17[0m [32m━━━━━━━━━━━[0m[37m━━━━━━━━━[0m [1m13s[0m 2s/step - accuracy: 0.8396 - auc: 0.9409 - f2_macro: 0.8448 - f2_plaga: 0.8270 - loss: 0.0358 - precision: 0.6985 - recall: 0.9168 - recall_plaga: 0.8013
[1m11/17[0m [32m━━━━━━━━━━━━[0m[37m━━━━━━━━[0m [1m11s[0m 2s/step - accuracy: 0.8358 - auc: 0.9367 - f2_macro: 0.8409 - f2_plaga: 0.8235 - loss: 0.0364 - precision: 0.6931 - recall: 0.9133 - recall_plaga: 0.7975
[1m12/17[0m [32m━━━━━━━━━━━━━━[0m[37m━━━━━━[0m [1m9s[0m 2s/step - accuracy: 0.8332 - auc: 0.9333 - f2_macro: 0.8383 - f2_plaga: 0.8211 - loss: 0.0369 - precision: 0.6895 - recall: 0.9106 - recall_plaga: 0.7950 
[1m13/17[0m [32m━━━━━━━━━━━━━━━[0m[37m━━━━━[0m [1m7s[0m 2s/step - accuracy: 0.8312 - auc: 0.9305 - f2_macro: 0.8362 - f2_plaga: 0.8195 - loss: 0.0373 - precision: 0.6872 - recall: 0.9081 - recall_plaga: 0.7932
[1m14/17[0m [32m━━━━━━━━━━━━━━━━[0m[37m━━━━[0m [1m5s[0m 2s/step - accuracy: 0.8296 - auc: 0.9279 - f2_macro: 0.8344 - f2_plaga: 0.8181 - loss: 0.0377 - precision: 0.6853 - recall: 0.9056 - recall_plaga: 0.7920
[1m15/17[0m [32m━━━━━━━━━━━━━━━━━[0m[37m━━━[0m [1m3s[0m 2s/step - accuracy: 0.8280 - auc: 0.9253 - f2_macro: 0.8327 - f2_plaga: 0.8170 - loss: 0.0380 - precision: 0.6830 - recall: 0.9033 - recall_plaga: 0.7908
[1m16/17[0m [32m━━━━━━━━━━━━━━━━━━[0m[37m━━[0m [1m1s[0m 2s/step - accuracy: 0.8268 - auc: 0.9235 - f2_macro: 0.8313 - f2_plaga: 0.8160 - loss: 0.0383 - precision: 0.6810 - recall: 0.9018 - recall_plaga: 0.7898
[1m17/17[0m [32m━━━━━━━━━━━━━━━━━━━━[0m[37m[0m [1m0s[0m 2s/step - accuracy: 0.8257 - auc: 0.9217 - f2_macro: 0.8302 - f2_plaga: 0.8151 - loss: 0.0385 - precision: 0.6791 - recall: 0.9007 - recall_plaga: 0.7888
Epoch 13: val_f2_macro did not improve from 0.45639

[1m17/17[0m [32m━━━━━━━━━━━━━━━━━━━━[0m[37m[0m [1m29s[0m 2s/step - accuracy: 0.8083 - auc: 0.8937 - f2_macro: 0.8120 - f2_plaga: 0.7998 - loss: 0.0425 - precision: 0.6496 - recall: 0.8837 - recall_plaga: 0.7722 - val_accuracy: 0.6767 - val_auc: 0.6444 - val_f2_macro: 0.4564 - val_f2_plaga: 0.9128 - val_loss: 0.0732 - val_precision: 0.0000e+00 - val_recall: 0.0000e+00 - val_recall_plaga: 1.0000 - learning_rate: 2.5000e-05
Epoch 14/80

[1m 1/17[0m [32m━[0m[37m━━━━━━━━━━━━━━━━━━━[0m [1m25s[0m 2s/step - accuracy: 0.8750 - auc: 0.9636 - f2_macro: 0.8875 - f2_plaga: 0.8491 - loss: 0.0310 - precision: 0.7143 - recall: 1.0000 - recall_plaga: 0.8182
[1m 2/17[0m [32m━━[0m[37m━━━━━━━━━━━━━━━━━━[0m [1m25s[0m 2s/step - accuracy: 0.8750 - auc: 0.9581 - f2_macro: 0.8875 - f2_plaga: 0.8508 - loss: 0.0319 - precision: 0.7090 - recall: 1.0000 - recall_plaga: 0.8202
[1m 3/17[0m [32m━━━[0m[37m━━━━━━━━━━━━━━━━━[0m [1m25s[0m 2s/step - accuracy: 0.8750 - auc: 0.9597 - f2_macro: 0.8861 - f2_plaga: 0.8514 - loss: 0.0320 - precision: 0.7207 - recall: 0.9899 - recall_plaga: 0.8219
[1m 4/17[0m [32m━━━━[0m[37m━━━━━━━━━━━━━━━━[0m [1m24s[0m 2s/step - accuracy: 0.8730 - auc: 0.9608 - f2_macro: 0.8832 - f2_plaga: 0.8495 - loss: 0.0320 - precision: 0.7270 - recall: 0.9816 - recall_plaga: 0.8207
[1m 5/17[0m [32m━━━━━[0m[37m━━━━━━━━━━━━━━━[0m [1m22s[0m 2s/step - accuracy: 0.8709 - auc: 0.9600 - f2_macro: 0.8808 - f2_plaga: 0.8466 - loss: 0.0321 - precision: 0.7283 - recall: 0.9782 - recall_plaga: 0.8177
[1m 6/17[0m [32m━━━━━━━[0m[37m━━━━━━━━━━━━━[0m [1m21s[0m 2s/step - accuracy: 0.8655 - auc: 0.9561 - f2_macro: 0.8749 - f2_plaga: 0.8418 - loss: 0.0327 - precision: 0.7249 - recall: 0.9696 - recall_plaga: 0.8132
[1m 7/17[0m [32m━━━━━━━━[0m[37m━━━━━━━━━━━━[0m [1m19s[0m 2s/step - accuracy: 0.8605 - auc: 0.9533 - f2_macro: 0.8697 - f2_plaga: 0.8375 - loss: 0.0331 - precision: 0.7175 - recall: 0.9642 - recall_plaga: 0.8086
[1m 8/17[0m [32m━━━━━━━━━[0m[37m━━━━━━━━━━━[0m [1m17s[0m 2s/step - accuracy: 0.8555 - auc: 0.9496 - f2_macro: 0.8644 - f2_plaga: 0.8333 - loss: 0.0337 - precision: 0.7104 - recall: 0.9581 - recall_plaga: 0.8044
[1m 9/17[0m [32m━━━━━━━━━━[0m[37m━━━━━━━━━━[0m [1m15s[0m 2s/step - accuracy: 0.8515 - auc: 0.9461 - f2_macro: 0.8599 - f2_plaga: 0.8304 - loss: 0.0343 - precision: 0.7064 - recall: 0.9513 - recall_plaga: 0.8017
[1m10/17[0m [32m━━━━━━━━━━━[0m[37m━━━━━━━━━[0m [1m13s[0m 2s/step - accuracy: 0.8466 - auc: 0.9414 - f2_macro: 0.8547 - f2_plaga: 0.8267 - loss: 0.0349 - precision: 0.7010 - recall: 0.9440 - recall_plaga: 0.7980
[1m11/17[0m [32m━━━━━━━━━━━━[0m[37m━━━━━━━━[0m [1m11s[0m 2s/step - accuracy: 0.8428 - auc: 0.9371 - f2_macro: 0.8505 - f2_plaga: 0.8236 - loss: 0.0355 - precision: 0.6960 - recall: 0.9388 - recall_plaga: 0.7949
[1m12/17[0m [32m━━━━━━━━━━━━━━[0m[37m━━━━━━[0m [1m9s[0m 2s/step - accuracy: 0.8398 - auc: 0.9338 - f2_macro: 0.8472 - f2_plaga: 0.8215 - loss: 0.0360 - precision: 0.6924 - recall: 0.9340 - recall_plaga: 0.7930 
[1m13/17[0m [32m━━━━━━━━━━━━━━━[0m[37m━━━━━[0m [1m7s[0m 2s/step - accuracy: 0.8375 - auc: 0.9310 - f2_macro: 0.8446 - f2_plaga: 0.8200 - loss: 0.0364 - precision: 0.6902 - recall: 0.9297 - recall_plaga: 0.7917
[1m14/17[0m [32m━━━━━━━━━━━━━━━━[0m[37m━━━━[0m [1m5s[0m 2s/step - accuracy: 0.8357 - auc: 0.9284 - f2_macro: 0.8425 - f2_plaga: 0.8189 - loss: 0.0367 - precision: 0.6885 - recall: 0.9261 - recall_plaga: 0.7907
[1m15/17[0m [32m━━━━━━━━━━━━━━━━━[0m[37m━━━[0m [1m3s[0m 2s/step - accuracy: 0.8342 - auc: 0.9262 - f2_macro: 0.8407 - f2_plaga: 0.8181 - loss: 0.0371 - precision: 0.6865 - recall: 0.9229 - recall_plaga: 0.7901
[1m16/17[0m [32m━━━━━━━━━━━━━━━━━━[0m[37m━━[0m [1m1s[0m 2s/step - accuracy: 0.8330 - auc: 0.9244 - f2_macro: 0.8393 - f2_plaga: 0.8174 - loss: 0.0373 - precision: 0.6847 - recall: 0.9206 - recall_plaga: 0.7895
[1m17/17[0m [32m━━━━━━━━━━━━━━━━━━━━[0m[37m[0m [1m0s[0m 2s/step - accuracy: 0.8318 - auc: 0.9227 - f2_macro: 0.8380 - f2_plaga: 0.8167 - loss: 0.0376 - precision: 0.6830 - recall: 0.9187 - recall_plaga: 0.7888
Epoch 14: val_f2_macro did not improve from 0.45639

[1m17/17[0m [32m━━━━━━━━━━━━━━━━━━━━[0m[37m[0m [1m34s[0m 2s/step - accuracy: 0.8139 - auc: 0.8953 - f2_macro: 0.8178 - f2_plaga: 0.8051 - loss: 0.0415 - precision: 0.6567 - recall: 0.8895 - recall_plaga: 0.7778 - val_accuracy: 0.6767 - val_auc: 0.7222 - val_f2_macro: 0.4564 - val_f2_plaga: 0.9128 - val_loss: 0.0733 - val_precision: 0.0000e+00 - val_recall: 0.0000e+00 - val_recall_plaga: 1.0000 - learning_rate: 2.5000e-05
Epoch 15/80

[1m 1/17[0m [32m━[0m[37m━━━━━━━━━━━━━━━━━━━[0m [1m2:28[0m 9s/step - accuracy: 0.8750 - auc: 0.9477 - f2_macro: 0.8875 - f2_plaga: 0.8491 - loss: 0.0325 - precision: 0.7143 - recall: 1.0000 - recall_plaga: 0.8182
[1m 2/17[0m [32m━━[0m[37m━━━━━━━━━━━━━━━━━━[0m [1m25s[0m 2s/step - accuracy: 0.8750 - auc: 0.9458 - f2_macro: 0.8875 - f2_plaga: 0.8508 - loss: 0.0328 - precision: 0.7090 - recall: 1.0000 - recall_plaga: 0.8202 
[1m 3/17[0m [32m━━━[0m[37m━━━━━━━━━━━━━━━━━[0m [1m24s[0m 2s/step - accuracy: 0.8750 - auc: 0.9459 - f2_macro: 0.8861 - f2_plaga: 0.8514 - loss: 0.0331 - precision: 0.7207 - recall: 0.9899 - recall_plaga: 0.8219
[1m 4/17[0m [32m━━━━[0m[37m━━━━━━━━━━━━━━━━[0m [1m22s[0m 2s/step - accuracy: 0.8750 - auc: 0.9470 - f2_macro: 0.8844 - f2_plaga: 0.8541 - loss: 0.0335 - precision: 0.7325 - recall: 0.9761 - recall_plaga: 0.8268
[1m 5/17[0m [32m━━━━━[0m[37m━━━━━━━━━━━━━━━[0m [1m20s[0m 2s/step - accuracy: 0.8750 - auc: 0.9478 - f2_macro: 0.8836 - f2_plaga: 0.8550 - loss: 0.0335 - precision: 0.7381 - recall: 0.9704 - recall_plaga: 0.8284
[1m 6/17[0m [32m━━━━━━━[0m[37m━━━━━━━━━━━━━[0m [1m19s[0m 2s/step - accuracy: 0.8724 - auc: 0.9454 - f2_macro: 0.8804 - f2_plaga: 0.8534 - loss: 0.0339 - precision: 0.7386 - recall: 0.9631 - recall_plaga: 0.8275
[1m 7/17[0m [32m━━━━━━━━[0m[37m━━━━━━━━━━━━[0m [1m17s[0m 2s/step - accuracy: 0.8677 - auc: 0.9432 - f2_macro: 0.8755 - f2_plaga: 0.8491 - loss: 0.0343 - precision: 0.7312 - recall: 0.9585 - recall_plaga: 0.8228
[1m 8/17[0m [32m━━━━━━━━━[0m[37m━━━━━━━━━━━[0m [1m16s[0m 2s/step - accuracy: 0.8627 - auc: 0.9396 - f2_macro: 0.8703 - f2_plaga: 0.8448 - loss: 0.0349 - precision: 0.7239 - recall: 0.9532 - recall_plaga: 0.8182
[1m 9/17[0m [32m━━━━━━━━━━[0m[37m━━━━━━━━━━[0m [1m14s[0m 2s/step - accuracy: 0.8587 - auc: 0.9365 - f2_macro: 0.8660 - f2_plaga: 0.8412 - loss: 0.0355 - precision: 0.7193 - recall: 0.9481 - recall_plaga: 0.8146
[1m10/17[0m [32m━━━━━━━━━━━[0m[37m━━━━━━━━━[0m [1m12s[0m 2s/step - accuracy: 0.8541 - auc: 0.9325 - f2_macro: 0.8613 - f2_plaga: 0.8369 - loss: 0.0362 - precision: 0.7135 - recall: 0.9430 - recall_plaga: 0.8101
[1m11/17[0m [32m━━━━━━━━━━━━[0m[37m━━━━━━━━[0m [1m10s[0m 2s/step - accuracy: 0.8503 - auc: 0.9287 - f2_macro: 0.8574 - f2_plaga: 0.8333 - loss: 0.0367 - precision: 0.7081 - recall: 0.9395 - recall_plaga: 0.8063
[1m12/17[0m [32m━━━━━━━━━━━━━━[0m[37m━━━━━━[0m [1m8s[0m 2s/step - accuracy: 0.8478 - auc: 0.9257 - f2_macro: 0.8548 - f2_plaga: 0.8312 - loss: 0.0372 - precision: 0.7047 - recall: 0.9366 - recall_plaga: 0.8040 
[1m13/17[0m [32m━━━━━━━━━━━━━━━[0m[37m━━━━━[0m [1m7s[0m 2s/step - accuracy: 0.8460 - auc: 0.9234 - f2_macro: 0.8528 - f2_plaga: 0.8298 - loss: 0.0375 - precision: 0.7027 - recall: 0.9337 - recall_plaga: 0.8027
[1m14/17[0m [32m━━━━━━━━━━━━━━━━[0m[37m━━━━[0m [1m5s[0m 2s/step - accuracy: 0.8446 - auc: 0.9212 - f2_macro: 0.8512 - f2_plaga: 0.8287 - loss: 0.0379 - precision: 0.7012 - recall: 0.9313 - recall_plaga: 0.8017
[1m15/17[0m [32m━━━━━━━━━━━━━━━━━[0m[37m━━━[0m [1m3s[0m 2s/step - accuracy: 0.8433 - auc: 0.9189 - f2_macro: 0.8497 - f2_plaga: 0.8279 - loss: 0.0382 - precision: 0.6994 - recall: 0.9290 - recall_plaga: 0.8009
[1m16/17[0m [32m━━━━━━━━━━━━━━━━━━[0m[37m━━[0m [1m1s[0m 2s/step - accuracy: 0.8422 - auc: 0.9171 - f2_macro: 0.8485 - f2_plaga: 0.8272 - loss: 0.0385 - precision: 0.6976 - recall: 0.9274 - recall_plaga: 0.8002
[1m17/17[0m [32m━━━━━━━━━━━━━━━━━━━━[0m[37m[0m [1m0s[0m 2s/step - accuracy: 0.8412 - auc: 0.9155 - f2_macro: 0.8474 - f2_plaga: 0.8264 - loss: 0.0387 - precision: 0.6959 - recall: 0.9262 - recall_plaga: 0.7994
Epoch 15: val_f2_macro did not improve from 0.45639

[1m17/17[0m [32m━━━━━━━━━━━━━━━━━━━━[0m[37m[0m [1m39s[0m 2s/step - accuracy: 0.8252 - auc: 0.8895 - f2_macro: 0.8303 - f2_plaga: 0.8137 - loss: 0.0427 - precision: 0.6695 - recall: 0.9070 - recall_plaga: 0.7861 - val_accuracy: 0.6767 - val_auc: 0.8150 - val_f2_macro: 0.4564 - val_f2_plaga: 0.9128 - val_loss: 0.0735 - val_precision: 0.0000e+00 - val_recall: 0.0000e+00 - val_recall_plaga: 1.0000 - learning_rate: 2.5000e-05
Epoch 16/80

[1m 1/17[0m [32m━[0m[37m━━━━━━━━━━━━━━━━━━━[0m [1m2:55[0m 11s/step - accuracy: 0.8750 - auc: 0.9068 - f2_macro: 0.8875 - f2_plaga: 0.8491 - loss: 0.0347 - precision: 0.7143 - recall: 1.0000 - recall_plaga: 0.8182
[1m 2/17[0m [32m━━[0m[37m━━━━━━━━━━━━━━━━━━[0m [1m26s[0m 2s/step - accuracy: 0.8750 - auc: 0.9210 - f2_macro: 0.8875 - f2_plaga: 0.8508 - loss: 0.0340 - precision: 0.7090 - recall: 1.0000 - recall_plaga: 0.8202  
[1m 3/17[0m [32m━━━[0m[37m━━━━━━━━━━━━━━━━━[0m [1m24s[0m 2s/step - accuracy: 0.8715 - auc: 0.9313 - f2_macro: 0.8830 - f2_plaga: 0.8468 - loss: 0.0335 - precision: 0.7151 - recall: 0.9899 - recall_plaga: 0.8166
[1m 4/17[0m [32m━━━━[0m[37m━━━━━━━━━━━━━━━━[0m [1m23s[0m 2s/step - accuracy: 0.8724 - auc: 0.9370 - f2_macro: 0.8820 - f2_plaga: 0.8507 - loss: 0.0335 - precision: 0.7283 - recall: 0.9761 - recall_plaga: 0.8228
[1m 5/17[0m [32m━━━━━[0m[37m━━━━━━━━━━━━━━━[0m [1m22s[0m 2s/step - accuracy: 0.8704 - auc: 0.9396 - f2_macro: 0.8795 - f2_plaga: 0.8489 - loss: 0.0333 - precision: 0.7306 - recall: 0.9704 - recall_plaga: 0.8214
[1m 6/17[0m [32m━━━━━━━[0m[37m━━━━━━━━━━━━━[0m [1m20s[0m 2s/step - accuracy: 0.8660 - auc: 0.9401 - f2_macro: 0.8746 - f2_plaga: 0.8449 - loss: 0.0335 - precision: 0.7281 - recall: 0.9631 - recall_plaga: 0.8176
[1m 7/17[0m [32m━━━━━━━━[0m[37m━━━━━━━━━━━━[0m [1m18s[0m 2s/step - accuracy: 0.8615 - auc: 0.9398 - f2_macro: 0.8700 - f2_plaga: 0.8410 - loss: 0.0338 - precision: 0.7213 - recall: 0.9585 - recall_plaga: 0.8133
[1m 8/17[0m [32m━━━━━━━━━[0m[37m━━━━━━━━━━━[0m [1m16s[0m 2s/step - accuracy: 0.8569 - auc: 0.9376 - f2_macro: 0.8651 - f2_plaga: 0.8370 - loss: 0.0342 - precision: 0.7144 - recall: 0.9532 - recall_plaga: 0.8092
[1m 9/17[0m [32m━━━━━━━━━━[0m[37m━━━━━━━━━━[0m [1m14s[0m 2s/step - accuracy: 0.8523 - auc: 0.9352 - f2_macro: 0.8600 - f2_plaga: 0.8336 - loss: 0.0347 - precision: 0.7097 - recall: 0.9458 - recall_plaga: 0.8060
[1m10/17[0m [32m━━━━━━━━━━━[0m[37m━━━━━━━━━[0m [1m12s[0m 2s/step - accuracy: 0.8474 - auc: 0.9315 - f2_macro: 0.8547 - f2_plaga: 0.8295 - loss: 0.0353 - precision: 0.7040 - recall: 0.9391 - recall_plaga: 0.8019
[1m11/17[0m [32m━━━━━━━━━━━━[0m[37m━━━━━━━━[0m [1m10s[0m 2s/step - accuracy: 0.8434 - auc: 0.9280 - f2_macro: 0.8506 - f2_plaga: 0.8262 - loss: 0.0358 - precision: 0.6987 - recall: 0.9343 - recall_plaga: 0.7984
[1m12/17[0m [32m━━━━━━━━━━━━━━[0m[37m━━━━━━[0m [1m8s[0m 2s/step - accuracy: 0.8407 - auc: 0.9252 - f2_macro: 0.8476 - f2_plaga: 0.8239 - loss: 0.0362 - precision: 0.6951 - recall: 0.9305 - recall_plaga: 0.7962 
[1m13/17[0m [32m━━━━━━━━━━━━━━━[0m[37m━━━━━[0m [1m7s[0m 2s/step - accuracy: 0.8389 - auc: 0.9232 - f2_macro: 0.8456 - f2_plaga: 0.8226 - loss: 0.0366 - precision: 0.6931 - recall: 0.9276 - recall_plaga: 0.7949
[1m14/17[0m [32m━━━━━━━━━━━━━━━━[0m[37m━━━━[0m [1m5s[0m 2s/step - accuracy: 0.8373 - auc: 0.9211 - f2_macro: 0.8438 - f2_plaga: 0.8215 - loss: 0.0369 - precision: 0.6916 - recall: 0.9247 - recall_plaga: 0.7940
[1m15/17[0m [32m━━━━━━━━━━━━━━━━━[0m[37m━━━[0m [1m3s[0m 2s/step - accuracy: 0.8359 - auc: 0.9192 - f2_macro: 0.8422 - f2_plaga: 0.8208 - loss: 0.0372 - precision: 0.6897 - recall: 0.9220 - recall_plaga: 0.7933
[1m16/17[0m [32m━━━━━━━━━━━━━━━━━━[0m[37m━━[0m [1m1s[0m 2s/step - accuracy: 0.8348 - auc: 0.9177 - f2_macro: 0.8409 - f2_plaga: 0.8201 - loss: 0.0374 - precision: 0.6880 - recall: 0.9200 - recall_plaga: 0.7927
[1m17/17[0m [32m━━━━━━━━━━━━━━━━━━━━[0m[37m[0m [1m0s[0m 2s/step - accuracy: 0.8337 - auc: 0.9163 - f2_macro: 0.8396 - f2_plaga: 0.8194 - loss: 0.0376 - precision: 0.6863 - recall: 0.9182 - recall_plaga: 0.7920
Epoch 16: ReduceLROnPlateau reducing learning rate to 1.249999968422344e-05.

Epoch 16: val_f2_macro did not improve from 0.45639

[1m17/17[0m [32m━━━━━━━━━━━━━━━━━━━━[0m[37m[0m [1m41s[0m 2s/step - accuracy: 0.8158 - auc: 0.8931 - f2_macro: 0.8195 - f2_plaga: 0.8075 - loss: 0.0412 - precision: 0.6595 - recall: 0.8895 - recall_plaga: 0.7806 - val_accuracy: 0.6767 - val_auc: 0.7957 - val_f2_macro: 0.4564 - val_f2_plaga: 0.9128 - val_loss: 0.0734 - val_precision: 0.0000e+00 - val_recall: 0.0000e+00 - val_recall_plaga: 1.0000 - learning_rate: 2.5000e-05
Epoch 17/80

[1m 1/17[0m [32m━[0m[37m━━━━━━━━━━━━━━━━━━━[0m [1m29s[0m 2s/step - accuracy: 0.8750 - auc: 0.9341 - f2_macro: 0.8875 - f2_plaga: 0.8491 - loss: 0.0331 - precision: 0.7143 - recall: 1.0000 - recall_plaga: 0.8182
[1m 2/17[0m [32m━━[0m[37m━━━━━━━━━━━━━━━━━━[0m [1m26s[0m 2s/step - accuracy: 0.8750 - auc: 0.9366 - f2_macro: 0.8875 - f2_plaga: 0.8508 - loss: 0.0331 - precision: 0.7090 - recall: 1.0000 - recall_plaga: 0.8202
[1m 3/17[0m [32m━━━[0m[37m━━━━━━━━━━━━━━━━━[0m [1m24s[0m 2s/step - accuracy: 0.8715 - auc: 0.9399 - f2_macro: 0.8830 - f2_plaga: 0.8468 - loss: 0.0330 - precision: 0.7151 - recall: 0.9899 - recall_plaga: 0.8166
[1m 4/17[0m [32m━━━━[0m[37m━━━━━━━━━━━━━━━━[0m [1m22s[0m 2s/step - accuracy: 0.8685 - auc: 0.9417 - f2_macro: 0.8785 - f2_plaga: 0.8455 - loss: 0.0333 - precision: 0.7217 - recall: 0.9761 - recall_plaga: 0.8168
[1m 5/17[0m [32m━━━━━[0m[37m━━━━━━━━━━━━━━━[0m [1m21s[0m 2s/step - accuracy: 0.8660 - auc: 0.9418 - f2_macro: 0.8755 - f2_plaga: 0.8431 - loss: 0.0334 - precision: 0.7233 - recall: 0.9704 - recall_plaga: 0.8146
[1m 6/17[0m [32m━━━━━━━[0m[37m━━━━━━━━━━━━━[0m [1m19s[0m 2s/step - accuracy: 0.8606 - auc: 0.9391 - f2_macro: 0.8694 - f2_plaga: 0.8387 - loss: 0.0339 - precision: 0.7202 - recall: 0.9606 - recall_plaga: 0.8105
[1m 7/17[0m [32m━━━━━━━━[0m[37m━━━━━━━━━━━━[0m [1m17s[0m 2s/step - accuracy: 0.8556 - auc: 0.9367 - f2_macro: 0.8641 - f2_plaga: 0.8347 - loss: 0.0344 - precision: 0.7130 - recall: 0.9545 - recall_plaga: 0.8064
[1m 8/17[0m [32m━━━━━━━━━[0m[37m━━━━━━━━━━━[0m [1m16s[0m 2s/step - accuracy: 0.8507 - auc: 0.9330 - f2_macro: 0.8589 - f2_plaga: 0.8307 - loss: 0.0350 - precision: 0.7061 - recall: 0.9481 - recall_plaga: 0.8024
[1m 9/17[0m [32m━━━━━━━━━━[0m[37m━━━━━━━━━━[0m [1m14s[0m 2s/step - accuracy: 0.8461 - auc: 0.9299 - f2_macro: 0.8537 - f2_plaga: 0.8274 - loss: 0.0355 - precision: 0.7014 - recall: 0.9401 - recall_plaga: 0.7993
[1m10/17[0m [32m━━━━━━━━━━━[0m[37m━━━━━━━━━[0m [1m12s[0m 2s/step - accuracy: 0.8412 - auc: 0.9259 - f2_macro: 0.8484 - f2_plaga: 0.8235 - loss: 0.0362 - precision: 0.6959 - recall: 0.9330 - recall_plaga: 0.7955
[1m11/17[0m [32m━━━━━━━━━━━━[0m[37m━━━━━━━━[0m [1m10s[0m 2s/step - accuracy: 0.8373 - auc: 0.9220 - f2_macro: 0.8442 - f2_plaga: 0.8203 - loss: 0.0368 - precision: 0.6907 - recall: 0.9281 - recall_plaga: 0.7922
[1m12/17[0m [32m━━━━━━━━━━━━━━[0m[37m━━━━━━[0m [1m8s[0m 2s/step - accuracy: 0.8343 - auc: 0.9191 - f2_macro: 0.8410 - f2_plaga: 0.8181 - loss: 0.0372 - precision: 0.6871 - recall: 0.9235 - recall_plaga: 0.7901 
[1m13/17[0m [32m━━━━━━━━━━━━━━━[0m[37m━━━━━[0m [1m7s[0m 2s/step - accuracy: 0.8323 - auc: 0.9168 - f2_macro: 0.8386 - f2_plaga: 0.8168 - loss: 0.0376 - precision: 0.6851 - recall: 0.9194 - recall_plaga: 0.7891
[1m14/17[0m [32m━━━━━━━━━━━━━━━━[0m[37m━━━━[0m [1m5s[0m 2s/step - accuracy: 0.8307 - auc: 0.9148 - f2_macro: 0.8368 - f2_plaga: 0.8159 - loss: 0.0379 - precision: 0.6837 - recall: 0.9161 - recall_plaga: 0.7883
[1m15/17[0m [32m━━━━━━━━━━━━━━━━━[0m[37m━━━[0m [1m3s[0m 2s/step - accuracy: 0.8295 - auc: 0.9129 - f2_macro: 0.8353 - f2_plaga: 0.8153 - loss: 0.0382 - precision: 0.6820 - recall: 0.9136 - recall_plaga: 0.7878
[1m16/17[0m [32m━━━━━━━━━━━━━━━━━━[0m[37m━━[0m [1m1s[0m 2s/step - accuracy: 0.8286 - auc: 0.9117 - f2_macro: 0.8342 - f2_plaga: 0.8148 - loss: 0.0384 - precision: 0.6805 - recall: 0.9118 - recall_plaga: 0.7874
[1m17/17[0m [32m━━━━━━━━━━━━━━━━━━━━[0m[37m[0m [1m0s[0m 2s/step - accuracy: 0.8277 - auc: 0.9105 - f2_macro: 0.8332 - f2_plaga: 0.8142 - loss: 0.0386 - precision: 0.6791 - recall: 0.9105 - recall_plaga: 0.7868
Epoch 17: val_f2_macro did not improve from 0.45639

[1m17/17[0m [32m━━━━━━━━━━━━━━━━━━━━[0m[37m[0m [1m32s[0m 2s/step - accuracy: 0.8139 - auc: 0.8924 - f2_macro: 0.8178 - f2_plaga: 0.8051 - loss: 0.0416 - precision: 0.6567 - recall: 0.8895 - recall_plaga: 0.7778 - val_accuracy: 0.6767 - val_auc: 0.7739 - val_f2_macro: 0.4564 - val_f2_plaga: 0.9128 - val_loss: 0.0733 - val_precision: 0.0000e+00 - val_recall: 0.0000e+00 - val_recall_plaga: 1.0000 - learning_rate: 1.2500e-05
Epoch 18/80

[1m 1/17[0m [32m━[0m[37m━━━━━━━━━━━━━━━━━━━[0m [1m2:46[0m 10s/step - accuracy: 0.8750 - auc: 0.9545 - f2_macro: 0.8875 - f2_plaga: 0.8491 - loss: 0.0299 - precision: 0.7143 - recall: 1.0000 - recall_plaga: 0.8182
[1m 2/17[0m [32m━━[0m[37m━━━━━━━━━━━━━━━━━━[0m [1m25s[0m 2s/step - accuracy: 0.8750 - auc: 0.9524 - f2_macro: 0.8875 - f2_plaga: 0.8508 - loss: 0.0304 - precision: 0.7090 - recall: 1.0000 - recall_plaga: 0.8202  
[1m 3/17[0m [32m━━━[0m[37m━━━━━━━━━━━━━━━━━[0m [1m24s[0m 2s/step - accuracy: 0.8715 - auc: 0.9537 - f2_macro: 0.8830 - f2_plaga: 0.8468 - loss: 0.0308 - precision: 0.7151 - recall: 0.9899 - recall_plaga: 0.8166
[1m 4/17[0m [32m━━━━[0m[37m━━━━━━━━━━━━━━━━[0m [1m23s[0m 2s/step - accuracy: 0.8685 - auc: 0.9546 - f2_macro: 0.8785 - f2_plaga: 0.8455 - loss: 0.0312 - precision: 0.7217 - recall: 0.9761 - recall_plaga: 0.8168
[1m 5/17[0m [32m━━━━━[0m[37m━━━━━━━━━━━━━━━[0m [1m21s[0m 2s/step - accuracy: 0.8660 - auc: 0.9534 - f2_macro: 0.8755 - f2_plaga: 0.8431 - loss: 0.0315 - precision: 0.7233 - recall: 0.9704 - recall_plaga: 0.8146
[1m 6/17[0m [32m━━━━━━━[0m[37m━━━━━━━━━━━━━[0m [1m19s[0m 2s/step - accuracy: 0.8606 - auc: 0.9492 - f2_macro: 0.8694 - f2_plaga: 0.8387 - loss: 0.0323 - precision: 0.7202 - recall: 0.9606 - recall_plaga: 0.8105
[1m 7/17[0m [32m━━━━━━━━[0m[37m━━━━━━━━━━━━[0m [1m17s[0m 2s/step - accuracy: 0.8556 - auc: 0.9463 - f2_macro: 0.8641 - f2_plaga: 0.8347 - loss: 0.0329 - precision: 0.7130 - recall: 0.9545 - recall_plaga: 0.8064
[1m 8/17[0m [32m━━━━━━━━━[0m[37m━━━━━━━━━━━[0m [1m15s[0m 2s/step - accuracy: 0.8507 - auc: 0.9422 - f2_macro: 0.8589 - f2_plaga: 0.8307 - loss: 0.0336 - precision: 0.7061 - recall: 0.9481 - recall_plaga: 0.8024
[1m 9/17[0m [32m━━━━━━━━━━[0m[37m━━━━━━━━━━[0m [1m14s[0m 2s/step - accuracy: 0.8461 - auc: 0.9383 - f2_macro: 0.8537 - f2_plaga: 0.8274 - loss: 0.0343 - precision: 0.7014 - recall: 0.9401 - recall_plaga: 0.7993
[1m10/17[0m [32m━━━━━━━━━━━[0m[37m━━━━━━━━━[0m [1m12s[0m 2s/step - accuracy: 0.8409 - auc: 0.9334 - f2_macro: 0.8480 - f2_plaga: 0.8234 - loss: 0.0351 - precision: 0.6956 - recall: 0.9321 - recall_plaga: 0.7955
[1m11/17[0m [32m━━━━━━━━━━━━[0m[37m━━━━━━━━[0m [1m10s[0m 2s/step - accuracy: 0.8367 - auc: 0.9289 - f2_macro: 0.8435 - f2_plaga: 0.8201 - loss: 0.0358 - precision: 0.6903 - recall: 0.9264 - recall_plaga: 0.7922
[1m12/17[0m [32m━━━━━━━━━━━━━━[0m[37m━━━━━━[0m [1m8s[0m 2s/step - accuracy: 0.8336 - auc: 0.9253 - f2_macro: 0.8400 - f2_plaga: 0.8179 - loss: 0.0364 - precision: 0.6865 - recall: 0.9213 - recall_plaga: 0.7901 
[1m13/17[0m [32m━━━━━━━━━━━━━━━[0m[37m━━━━━[0m [1m6s[0m 2s/step - accuracy: 0.8314 - auc: 0.9224 - f2_macro: 0.8375 - f2_plaga: 0.8166 - loss: 0.0368 - precision: 0.6844 - recall: 0.9169 - recall_plaga: 0.7891
[1m14/17[0m [32m━━━━━━━━━━━━━━━━[0m[37m━━━━[0m [1m5s[0m 2s/step - accuracy: 0.8298 - auc: 0.9197 - f2_macro: 0.8355 - f2_plaga: 0.8157 - loss: 0.0372 - precision: 0.6829 - recall: 0.9133 - recall_plaga: 0.7883
[1m15/17[0m [32m━━━━━━━━━━━━━━━━━[0m[37m━━━[0m [1m3s[0m 2s/step - accuracy: 0.8283 - auc: 0.9172 - f2_macro: 0.8338 - f2_plaga: 0.8150 - loss: 0.0376 - precision: 0.6811 - recall: 0.9101 - recall_plaga: 0.7878
[1m16/17[0m [32m━━━━━━━━━━━━━━━━━━[0m[37m━━[0m [1m1s[0m 2s/step - accuracy: 0.8272 - auc: 0.9155 - f2_macro: 0.8325 - f2_plaga: 0.8145 - loss: 0.0379 - precision: 0.6794 - recall: 0.9077 - recall_plaga: 0.7874
[1m17/17[0m [32m━━━━━━━━━━━━━━━━━━━━[0m[37m[0m [1m0s[0m 2s/step - accuracy: 0.8262 - auc: 0.9139 - f2_macro: 0.8313 - f2_plaga: 0.8139 - loss: 0.0382 - precision: 0.6779 - recall: 0.9060 - recall_plaga: 0.7868
Epoch 18: val_f2_macro did not improve from 0.45639

[1m17/17[0m [32m━━━━━━━━━━━━━━━━━━━━[0m[37m[0m [1m41s[0m 2s/step - accuracy: 0.8102 - auc: 0.8885 - f2_macro: 0.8128 - f2_plaga: 0.8041 - loss: 0.0422 - precision: 0.6537 - recall: 0.8779 - recall_plaga: 0.7778 - val_accuracy: 0.6767 - val_auc: 0.7999 - val_f2_macro: 0.4564 - val_f2_plaga: 0.9128 - val_loss: 0.0732 - val_precision: 0.0000e+00 - val_recall: 0.0000e+00 - val_recall_plaga: 1.0000 - learning_rate: 1.2500e-05
Epoch 19/80

[1m 1/17[0m [32m━[0m[37m━━━━━━━━━━━━━━━━━━━[0m [1m2:49[0m 11s/step - accuracy: 0.8750 - auc: 0.9341 - f2_macro: 0.8875 - f2_plaga: 0.8491 - loss: 0.0333 - precision: 0.7143 - recall: 1.0000 - recall_plaga: 0.8182
[1m 2/17[0m [32m━━[0m[37m━━━━━━━━━━━━━━━━━━[0m [1m32s[0m 2s/step - accuracy: 0.8828 - auc: 0.9352 - f2_macro: 0.8945 - f2_plaga: 0.8603 - loss: 0.0336 - precision: 0.7225 - recall: 1.0000 - recall_plaga: 0.8313  
[1m 3/17[0m [32m━━━[0m[37m━━━━━━━━━━━━━━━━━[0m [1m27s[0m 2s/step - accuracy: 0.8802 - auc: 0.9382 - f2_macro: 0.8908 - f2_plaga: 0.8577 - loss: 0.0336 - precision: 0.7297 - recall: 0.9899 - recall_plaga: 0.8293
[1m 4/17[0m [32m━━━━[0m[37m━━━━━━━━━━━━━━━━[0m [1m24s[0m 2s/step - accuracy: 0.8770 - auc: 0.9403 - f2_macro: 0.8861 - f2_plaga: 0.8563 - loss: 0.0338 - precision: 0.7359 - recall: 0.9761 - recall_plaga: 0.8293
[1m 5/17[0m [32m━━━━━[0m[37m━━━━━━━━━━━━━━━[0m [1m21s[0m 2s/step - accuracy: 0.8766 - auc: 0.9406 - f2_macro: 0.8850 - f2_plaga: 0.8567 - loss: 0.0340 - precision: 0.7408 - recall: 0.9704 - recall_plaga: 0.8304
[1m 6/17[0m [32m━━━━━━━[0m[37m━━━━━━━━━━━━━[0m [1m19s[0m 2s/step - accuracy: 0.8746 - auc: 0.9379 - f2_macro: 0.8826 - f2_plaga: 0.8551 - loss: 0.0345 - precision: 0.7414 - recall: 0.9655 - recall_plaga: 0.8291
[1m 7/17[0m [32m━━━━━━━━[0m[37m━━━━━━━━━━━━[0m [1m17s[0m 2s/step - accuracy: 0.8714 - auc: 0.9357 - f2_macro: 0.8794 - f2_plaga: 0.8523 - loss: 0.0349 - precision: 0.7361 - recall: 0.9626 - recall_plaga: 0.8261
[1m 8/17[0m [32m━━━━━━━━━[0m[37m━━━━━━━━━━━[0m [1m15s[0m 2s/step - accuracy: 0.8675 - auc: 0.9321 - f2_macro: 0.8752 - f2_plaga: 0.8490 - loss: 0.0355 - precision: 0.7300 - recall: 0.9582 - recall_plaga: 0.8226
[1m 9/17[0m [32m━━━━━━━━━━[0m[37m━━━━━━━━━━[0m [1m14s[0m 2s/step - accuracy: 0.8641 - auc: 0.9284 - f2_macro: 0.8716 - f2_plaga: 0.8460 - loss: 0.0361 - precision: 0.7261 - recall: 0.9537 - recall_plaga: 0.8196
[1m10/17[0m [32m━━━━━━━━━━━[0m[37m━━━━━━━━━[0m [1m12s[0m 2s/step - accuracy: 0.8599 - auc: 0.9243 - f2_macro: 0.8672 - f2_plaga: 0.8422 - loss: 0.0367 - precision: 0.7209 - recall: 0.9490 - recall_plaga: 0.8156
[1m11/17[0m [32m━━━━━━━━━━━━[0m[37m━━━━━━━━[0m [1m10s[0m 2s/step - accuracy: 0.8563 - auc: 0.9211 - f2_macro: 0.8636 - f2_plaga: 0.8388 - loss: 0.0372 - precision: 0.7158 - recall: 0.9457 - recall_plaga: 0.8120
[1m12/17[0m [32m━━━━━━━━━━━━━━[0m[37m━━━━━━[0m [1m9s[0m 2s/step - accuracy: 0.8535 - auc: 0.9186 - f2_macro: 0.8606 - f2_plaga: 0.8365 - loss: 0.0376 - precision: 0.7120 - recall: 0.9423 - recall_plaga: 0.8096 
[1m13/17[0m [32m━━━━━━━━━━━━━━━[0m[37m━━━━━[0m [1m7s[0m 2s/step - accuracy: 0.8515 - auc: 0.9166 - f2_macro: 0.8585 - f2_plaga: 0.8348 - loss: 0.0379 - precision: 0.7096 - recall: 0.9396 - recall_plaga: 0.8078
[1m14/17[0m [32m━━━━━━━━━━━━━━━━[0m[37m━━━━[0m [1m5s[0m 2s/step - accuracy: 0.8497 - auc: 0.9148 - f2_macro: 0.8564 - f2_plaga: 0.8333 - loss: 0.0382 - precision: 0.7076 - recall: 0.9367 - recall_plaga: 0.8065
[1m15/17[0m [32m━━━━━━━━━━━━━━━━━[0m[37m━━━[0m [1m3s[0m 2s/step - accuracy: 0.8480 - auc: 0.9130 - f2_macro: 0.8546 - f2_plaga: 0.8322 - loss: 0.0385 - precision: 0.7053 - recall: 0.9341 - recall_plaga: 0.8054
[1m16/17[0m [32m━━━━━━━━━━━━━━━━━━[0m[37m━━[0m [1m1s[0m 2s/step - accuracy: 0.8467 - auc: 0.9117 - f2_macro: 0.8531 - f2_plaga: 0.8312 - loss: 0.0387 - precision: 0.7032 - recall: 0.9322 - recall_plaga: 0.8044
[1m17/17[0m [32m━━━━━━━━━━━━━━━━━━━━[0m[37m[0m [1m0s[0m 2s/step - accuracy: 0.8454 - auc: 0.9104 - f2_macro: 0.8518 - f2_plaga: 0.8302 - loss: 0.0389 - precision: 0.7012 - recall: 0.9307 - recall_plaga: 0.8033
Epoch 19: val_f2_macro did not improve from 0.45639

[1m17/17[0m [32m━━━━━━━━━━━━━━━━━━━━[0m[37m[0m [1m41s[0m 2s/step - accuracy: 0.8252 - auc: 0.8891 - f2_macro: 0.8303 - f2_plaga: 0.8137 - loss: 0.0420 - precision: 0.6695 - recall: 0.9070 - recall_plaga: 0.7861 - val_accuracy: 0.6767 - val_auc: 0.8390 - val_f2_macro: 0.4564 - val_f2_plaga: 0.9128 - val_loss: 0.0730 - val_precision: 0.0000e+00 - val_recall: 0.0000e+00 - val_recall_plaga: 1.0000 - learning_rate: 1.2500e-05
Epoch 20/80

[1m 1/17[0m [32m━[0m[37m━━━━━━━━━━━━━━━━━━━[0m [1m2:49[0m 11s/step - accuracy: 0.8438 - auc: 0.9432 - f2_macro: 0.8593 - f2_plaga: 0.8095 - loss: 0.0321 - precision: 0.6667 - recall: 1.0000 - recall_plaga: 0.7727
[1m 2/17[0m [32m━━[0m[37m━━━━━━━━━━━━━━━━━━[0m [1m26s[0m 2s/step - accuracy: 0.8516 - auc: 0.9476 - f2_macro: 0.8624 - f2_plaga: 0.8291 - loss: 0.0317 - precision: 0.6795 - recall: 0.9737 - recall_plaga: 0.7975  
[1m 3/17[0m [32m━━━[0m[37m━━━━━━━━━━━━━━━━━[0m [1m24s[0m 2s/step - accuracy: 0.8524 - auc: 0.9507 - f2_macro: 0.8619 - f2_plaga: 0.8314 - loss: 0.0317 - precision: 0.6933 - recall: 0.9623 - recall_plaga: 0.8015
[1m 4/17[0m [32m━━━━[0m[37m━━━━━━━━━━━━━━━━[0m [1m22s[0m 2s/step - accuracy: 0.8542 - auc: 0.9508 - f2_macro: 0.8620 - f2_plaga: 0.8361 - loss: 0.0321 - precision: 0.7075 - recall: 0.9500 - recall_plaga: 0.8084
[1m 5/17[0m [32m━━━━━[0m[37m━━━━━━━━━━━━━━━[0m [1m20s[0m 2s/step - accuracy: 0.8558 - auc: 0.9502 - f2_macro: 0.8631 - f2_plaga: 0.8385 - loss: 0.0323 - precision: 0.7153 - recall: 0.9459 - recall_plaga: 0.8118
[1m 6/17[0m [32m━━━━━━━[0m[37m━━━━━━━━━━━━━[0m [1m19s[0m 2s/step - accuracy: 0.8556 - auc: 0.9477 - f2_macro: 0.8625 - f2_plaga: 0.8386 - loss: 0.0328 - precision: 0.7182 - recall: 0.9427 - recall_plaga: 0.8123
[1m 7/17[0m [32m━━━━━━━━[0m[37m━━━━━━━━━━━━[0m [1m17s[0m 2s/step - accuracy: 0.8539 - auc: 0.9459 - f2_macro: 0.8607 - f2_plaga: 0.8372 - loss: 0.0331 - precision: 0.7147 - recall: 0.9411 - recall_plaga: 0.8107
[1m 8/17[0m [32m━━━━━━━━━[0m[37m━━━━━━━━━━━[0m [1m16s[0m 2s/step - accuracy: 0.8511 - auc: 0.9431 - f2_macro: 0.8578 - f2_plaga: 0.8349 - loss: 0.0336 - precision: 0.7102 - recall: 0.9379 - recall_plaga: 0.8083
[1m 9/17[0m [32m━━━━━━━━━━[0m[37m━━━━━━━━━━[0m [1m14s[0m 2s/step - accuracy: 0.8488 - auc: 0.9408 - f2_macro: 0.8551 - f2_plaga: 0.8334 - loss: 0.0341 - precision: 0.7080 - recall: 0.9334 - recall_plaga: 0.8069
[1m10/17[0m [32m━━━━━━━━━━━[0m[37m━━━━━━━━━[0m [1m12s[0m 2s/step - accuracy: 0.8455 - auc: 0.9369 - f2_macro: 0.8516 - f2_plaga: 0.8306 - loss: 0.0347 - precision: 0.7041 - recall: 0.9288 - recall_plaga: 0.8042
[1m11/17[0m [32m━━━━━━━━━━━━[0m[37m━━━━━━━━[0m [1m10s[0m 2s/step - accuracy: 0.8427 - auc: 0.9331 - f2_macro: 0.8487 - f2_plaga: 0.8282 - loss: 0.0353 - precision: 0.7001 - recall: 0.9258 - recall_plaga: 0.8017
[1m12/17[0m [32m━━━━━━━━━━━━━━[0m[37m━━━━━━[0m [1m8s[0m 2s/step - accuracy: 0.8411 - auc: 0.9300 - f2_macro: 0.8469 - f2_plaga: 0.8270 - loss: 0.0358 - precision: 0.6978 - recall: 0.9234 - recall_plaga: 0.8004 
[1m13/17[0m [32m━━━━━━━━━━━━━━━[0m[37m━━━━━[0m [1m7s[0m 2s/step - accuracy: 0.8400 - auc: 0.9275 - f2_macro: 0.8456 - f2_plaga: 0.8264 - loss: 0.0362 - precision: 0.6968 - recall: 0.9210 - recall_plaga: 0.7999
[1m14/17[0m [32m━━━━━━━━━━━━━━━━[0m[37m━━━━[0m [1m5s[0m 2s/step - accuracy: 0.8390 - auc: 0.9252 - f2_macro: 0.8444 - f2_plaga: 0.8259 - loss: 0.0365 - precision: 0.6960 - recall: 0.9185 - recall_plaga: 0.7996
[1m15/17[0m [32m━━━━━━━━━━━━━━━━━[0m[37m━━━[0m [1m3s[0m 2s/step - accuracy: 0.8380 - auc: 0.9232 - f2_macro: 0.8433 - f2_plaga: 0.8254 - loss: 0.0368 - precision: 0.6946 - recall: 0.9167 - recall_plaga: 0.7992
[1m16/17[0m [32m━━━━━━━━━━━━━━━━━━[0m[37m━━[0m [1m1s[0m 2s/step - accuracy: 0.8373 - auc: 0.9217 - f2_macro: 0.8425 - f2_plaga: 0.8249 - loss: 0.0371 - precision: 0.6932 - recall: 0.9155 - recall_plaga: 0.7988
[1m17/17[0m [32m━━━━━━━━━━━━━━━━━━━━[0m[37m[0m [1m0s[0m 2s/step - accuracy: 0.8365 - auc: 0.9204 - f2_macro: 0.8415 - f2_plaga: 0.8244 - loss: 0.0373 - precision: 0.6919 - recall: 0.9143 - recall_plaga: 0.7982
Epoch 20: val_f2_macro did not improve from 0.45639

[1m17/17[0m [32m━━━━━━━━━━━━━━━━━━━━[0m[37m[0m [1m41s[0m 2s/step - accuracy: 0.8233 - auc: 0.8988 - f2_macro: 0.8270 - f2_plaga: 0.8152 - loss: 0.0408 - precision: 0.6696 - recall: 0.8953 - recall_plaga: 0.7889 - val_accuracy: 0.6767 - val_auc: 0.8624 - val_f2_macro: 0.4564 - val_f2_plaga: 0.9128 - val_loss: 0.0729 - val_precision: 0.0000e+00 - val_recall: 0.0000e+00 - val_recall_plaga: 1.0000 - learning_rate: 1.2500e-05
Epoch 21/80

[1m 1/17[0m [32m━[0m[37m━━━━━━━━━━━━━━━━━━━[0m [1m2:54[0m 11s/step - accuracy: 0.8750 - auc: 0.9182 - f2_macro: 0.8875 - f2_plaga: 0.8491 - loss: 0.0374 - precision: 0.7143 - recall: 1.0000 - recall_plaga: 0.8182
[1m 2/17[0m [32m━━[0m[37m━━━━━━━━━━━━━━━━━━[0m [1m25s[0m 2s/step - accuracy: 0.8750 - auc: 0.9281 - f2_macro: 0.8834 - f2_plaga: 0.8583 - loss: 0.0360 - precision: 0.7171 - recall: 0.9737 - recall_plaga: 0.8313  
[1m 3/17[0m [32m━━━[0m[37m━━━━━━━━━━━━━━━━━[0m [1m23s[0m 2s/step - accuracy: 0.8750 - auc: 0.9341 - f2_macro: 0.8821 - f2_plaga: 0.8599 - loss: 0.0355 - precision: 0.7301 - recall: 0.9623 - recall_plaga: 0.8346
[1m 4/17[0m [32m━━━━[0m[37m━━━━━━━━━━━━━━━━[0m [1m22s[0m 2s/step - accuracy: 0.8750 - auc: 0.9387 - f2_macro: 0.8807 - f2_plaga: 0.8626 - loss: 0.0352 - precision: 0.7420 - recall: 0.9500 - recall_plaga: 0.8394
[1m 5/17[0m [32m━━━━━[0m[37m━━━━━━━━━━━━━━━[0m [1m21s[0m 2s/step - accuracy: 0.8737 - auc: 0.9397 - f2_macro: 0.8792 - f2_plaga: 0.8614 - loss: 0.0350 - precision: 0.7451 - recall: 0.9459 - recall_plaga: 0.8385
[1m 6/17[0m [32m━━━━━━━[0m[37m━━━━━━━━━━━━━[0m [1m19s[0m 2s/step - accuracy: 0.8705 - auc: 0.9366 - f2_macro: 0.8756 - f2_plaga: 0.8586 - loss: 0.0355 - precision: 0.7439 - recall: 0.9402 - recall_plaga: 0.8358
[1m 7/17[0m [32m━━━━━━━━[0m[37m━━━━━━━━━━━━[0m [1m18s[0m 2s/step - accuracy: 0.8667 - auc: 0.9342 - f2_macro: 0.8717 - f2_plaga: 0.8550 - loss: 0.0358 - precision: 0.7373 - recall: 0.9370 - recall_plaga: 0.8319
[1m 8/17[0m [32m━━━━━━━━━[0m[37m━━━━━━━━━━━[0m [1m16s[0m 2s/step - accuracy: 0.8628 - auc: 0.9318 - f2_macro: 0.8679 - f2_plaga: 0.8511 - loss: 0.0362 - precision: 0.7308 - recall: 0.9344 - recall_plaga: 0.8276
[1m 9/17[0m [32m━━━━━━━━━━[0m[37m━━━━━━━━━━[0m [1m14s[0m 2s/step - accuracy: 0.8592 - auc: 0.9294 - f2_macro: 0.8640 - f2_plaga: 0.8478 - loss: 0.0366 - precision: 0.7263 - recall: 0.9302 - recall_plaga: 0.8241
[1m10/17[0m [32m━━━━━━━━━━━[0m[37m━━━━━━━━━[0m [1m12s[0m 2s/step - accuracy: 0.8548 - auc: 0.9259 - f2_macro: 0.8596 - f2_plaga: 0.8436 - loss: 0.0371 - precision: 0.7205 - recall: 0.9260 - recall_plaga: 0.8196
[1m11/17[0m [32m━━━━━━━━━━━━[0m[37m━━━━━━━━[0m [1m10s[0m 2s/step - accuracy: 0.8512 - auc: 0.9229 - f2_macro: 0.8560 - f2_plaga: 0.8400 - loss: 0.0375 - precision: 0.7151 - recall: 0.9232 - recall_plaga: 0.8157
[1m12/17[0m [32m━━━━━━━━━━━━━━[0m[37m━━━━━━[0m [1m8s[0m 2s/step - accuracy: 0.8489 - auc: 0.9207 - f2_macro: 0.8536 - f2_plaga: 0.8378 - loss: 0.0377 - precision: 0.7115 - recall: 0.9210 - recall_plaga: 0.8133 
[1m13/17[0m [32m━━━━━━━━━━━━━━━[0m[37m━━━━━[0m [1m7s[0m 2s/step - accuracy: 0.8474 - auc: 0.9189 - f2_macro: 0.8520 - f2_plaga: 0.8364 - loss: 0.0380 - precision: 0.7096 - recall: 0.9193 - recall_plaga: 0.8118
[1m14/17[0m [32m━━━━━━━━━━━━━━━━[0m[37m━━━━[0m [1m5s[0m 2s/step - accuracy: 0.8461 - auc: 0.9173 - f2_macro: 0.8508 - f2_plaga: 0.8352 - loss: 0.0382 - precision: 0.7081 - recall: 0.9180 - recall_plaga: 0.8106
[1m15/17[0m [32m━━━━━━━━━━━━━━━━━[0m[37m━━━[0m [1m3s[0m 2s/step - accuracy: 0.8449 - auc: 0.9158 - f2_macro: 0.8494 - f2_plaga: 0.8342 - loss: 0.0384 - precision: 0.7060 - recall: 0.9166 - recall_plaga: 0.8095
[1m16/17[0m [32m━━━━━━━━━━━━━━━━━━[0m[37m━━[0m [1m1s[0m 2s/step - accuracy: 0.8438 - auc: 0.9147 - f2_macro: 0.8484 - f2_plaga: 0.8332 - loss: 0.0385 - precision: 0.7040 - recall: 0.9157 - recall_plaga: 0.8084
[1m17/17[0m [32m━━━━━━━━━━━━━━━━━━━━[0m[37m[0m [1m0s[0m 2s/step - accuracy: 0.8427 - auc: 0.9134 - f2_macro: 0.8472 - f2_plaga: 0.8322 - loss: 0.0387 - precision: 0.7021 - recall: 0.9149 - recall_plaga: 0.8072
Epoch 21: ReduceLROnPlateau reducing learning rate to 6.24999984211172e-06.

Epoch 21: val_f2_macro did not improve from 0.45639

[1m17/17[0m [32m━━━━━━━━━━━━━━━━━━━━[0m[37m[0m [1m41s[0m 2s/step - accuracy: 0.8252 - auc: 0.8936 - f2_macro: 0.8295 - f2_plaga: 0.8156 - loss: 0.0413 - precision: 0.6710 - recall: 0.9012 - recall_plaga: 0.7889 - val_accuracy: 0.6767 - val_auc: 0.8649 - val_f2_macro: 0.4564 - val_f2_plaga: 0.9128 - val_loss: 0.0725 - val_precision: 0.0000e+00 - val_recall: 0.0000e+00 - val_recall_plaga: 1.0000 - learning_rate: 1.2500e-05
Epoch 21: early stopping
Restoring model weights from the end of the best epoch: 1.

--- [Fecha/hora inicio=20260716_1920] ---

--- [T=851.15s] ---
5. Guardado y Ploteo (Usando utils_train)

Historial guardado en 'C:\workspace\hd-image-pest-detection-cnn-and-rf\history/MULTIESPECTRAL/focal_loss\history_20260716_1934_epochs_80_MULTIESPECTRAL_Focal_a0.75_g2.0.json'

[1m 1/17[0m [32m━[0m[37m━━━━━━━━━━━━━━━━━━━[0m [1m10s[0m 652ms/step
[1m 2/17[0m [32m━━[0m[37m━━━━━━━━━━━━━━━━━━[0m [1m6s[0m 416ms/step 
[1m 3/17[0m [32m━━━[0m[37m━━━━━━━━━━━━━━━━━[0m [1m5s[0m 416ms/step
[1m 4/17[0m [32m━━━━[0m[37m━━━━━━━━━━━━━━━━[0m [1m5s[0m 408ms/step
[1m 5/17[0m [32m━━━━━[0m[37m━━━━━━━━━━━━━━━[0m [1m4s[0m 394ms/step
[1m 6/17[0m [32m━━━━━━━[0m[37m━━━━━━━━━━━━━[0m [1m4s[0m 386ms/step
[1m 7/17[0m [32m━━━━━━━━[0m[37m━━━━━━━━━━━━[0m [1m3s[0m 381ms/step
[1m 8/17[0m [32m━━━━━━━━━[0m[37m━━━━━━━━━━━[0m [1m3s[0m 375ms/step
[1m 9/17[0m [32m━━━━━━━━━━[0m[37m━━━━━━━━━━[0m [1m2s[0m 369ms/step
[1m10/17[0m [32m━━━━━━━━━━━[0m[37m━━━━━━━━━[0m [1m2s[0m 366ms/step
[1m11/17[0m [32m━━━━━━━━━━━━[0m[37m━━━━━━━━[0m [1m2s[0m 362ms/step
[1m12/17[0m [32m━━━━━━━━━━━━━━[0m[37m━━━━━━[0m [1m1s[0m 360ms/step
[1m13/17[0m [32m━━━━━━━━━━━━━━━[0m[37m━━━━━[0m [1m1s[0m 357ms/step
[1m14/17[0m [32m━━━━━━━━━━━━━━━━[0m[37m━━━━[0m [1m1s[0m 356ms/step
[1m15/17[0m [32m━━━━━━━━━━━━━━━━━[0m[37m━━━[0m [1m0s[0m 354ms/step
[1m16/17[0m [32m━━━━━━━━━━━━━━━━━━[0m[37m━━[0m [1m0s[0m 353ms/step
[1m17/17[0m [32m━━━━━━━━━━━━━━━━━━━━[0m[37m[0m [1m0s[0m 349ms/step
[1m17/17[0m [32m━━━━━━━━━━━━━━━━━━━━[0m[37m[0m [1m6s[0m 350ms/step

--- ANÁLISIS DE UMBRAL ÓPTIMO ---
Mejor Umbral detectado: 0.4974

Nueva Matriz de Confusión con Umbral Óptimo:
[[238 122]
 [ 11 161]]

Reporte de Clasificación:
              precision    recall  f1-score   support

           0       0.96      0.66      0.78       360
           1       0.57      0.94      0.71       172

    accuracy                           0.75       532
   macro avg       0.76      0.80      0.74       532
weighted avg       0.83      0.75      0.76       532


Auc: 0.8604489664082687
Umbral mas optimo:  0.49742293

[1m1/5[0m [32m━━━━[0m[37m━━━━━━━━━━━━━━━━[0m [1m1s[0m 376ms/step
[1m2/5[0m [32m━━━━━━━━[0m[37m━━━━━━━━━━━━[0m [1m1s[0m 354ms/step
[1m3/5[0m [32m━━━━━━━━━━━━[0m[37m━━━━━━━━[0m [1m0s[0m 383ms/step
[1m4/5[0m [32m━━━━━━━━━━━━━━━━[0m[37m━━━━[0m [1m0s[0m 369ms/step
[1m5/5[0m [32m━━━━━━━━━━━━━━━━━━━━[0m[37m[0m [1m0s[0m 290ms/step
[1m5/5[0m [32m━━━━━━━━━━━━━━━━━━━━[0m[37m[0m [1m2s[0m 294ms/step

✅ Reporte de Clasificación guardado en: C:\workspace\hd-image-pest-detection-cnn-and-rf\evaluation_results\CNN\MULTIESPECTRAL\focal_loss\post_train_val\report_post_train_MULTIESPECTRAL_focal_loss_20260716_1934_t49.json
✅ Matriz de Confusión guardada en: C:\workspace\hd-image-pest-detection-cnn-and-rf\evaluation_results\CNN\MULTIESPECTRAL\focal_loss\post_train_val\report_post_train_MULTIESPECTRAL_focal_loss_20260716_1934_t49_confusion.png
Matriz de confusión:
[[59 31]
 [ 1 42]]

--- RESUMEN DEL REPORTE DE CLASIFICACIÓN ---
              precision    recall  f1-score   support

       Plaga       0.98      0.66      0.79        90
        Sana       0.58      0.98      0.72        43

    accuracy                           0.76       133
   macro avg       0.78      0.82      0.76       133
weighted avg       0.85      0.76      0.77       133

✅ Reporte Markdown (Tabla) guardado en: C:\workspace\hd-image-pest-detection-cnn-and-rf\evaluation_results\CNN\MULTIESPECTRAL\focal_loss\post_train_val\report_table_post_train_MULTIESPECTRAL_focal_loss_20260716_1934_t49.md
✅ Curva ROC guardada en: C:\workspace\hd-image-pest-detection-cnn-and-rf\evaluation_results\CNN\MULTIESPECTRAL\focal_loss\post_train_val\ROC_post_train_MULTIESPECTRAL_focal_loss_20260716_1934_t0.4974229335784912.png
ROC guardada en C:\workspace\hd-image-pest-detection-cnn-and-rf\evaluation_results\CNN\MULTIESPECTRAL\focal_loss\post_train_val\ROC_data_post_train_MULTIESPECTRAL_focal_loss_20260716_1934_t0.4974229335784912.npz (AUC=0.8760)
